<html>
<body>
<pre>
<h1>µVision Build Log</h1>
<h2>Project:</h2>
C:\Users\PlanC\Documents\Github\Practical-Training-Neusoft-Tianjin\10.21\Demo.uvproj
Project File Date:  09/26/2020

<h2>Output:</h2>
Build target 'Target 1'
compiling main.c...
linking...
Program Size: Code=11420 RO-data=268 RW-data=1132 ZI-data=1044  
".\Demo.axf" - 0 Errors, 0 Warning(s).
Load "C:\\Users\\PlanC\\Documents\\Github\\Practical-Training-Neusoft-Tianjin\\10.21\\Demo.axf" 
Erase Done.
Programming Done.
Verify OK.
Application running ...
Build target 'Target 1'
compiling main.c...
linking...
Program Size: Code=11424 RO-data=268 RW-data=1132 ZI-data=1044  
".\Demo.axf" - 0 Errors, 0 Warning(s).
Load "C:\\Users\\PlanC\\Documents\\Github\\Practical-Training-Neusoft-Tianjin\\10.21\\Demo.axf" 
Erase Done.
Programming Done.
Verify OK.
Application running ...
Build target 'Target 1'
compiling main.c...
User\main.c(31): warning:  #177-D: variable "i" was declared but never referenced
linking...
Program Size: Code=11412 RO-data=268 RW-data=1132 ZI-data=1044  
".\Demo.axf" - 0 Errors, 1 Warning(s).
Load "C:\\Users\\PlanC\\Documents\\Github\\Practical-Training-Neusoft-Tianjin\\10.21\\Demo.axf" 
Erase Done.
Programming Done.
Verify OK.
Application running ...
Build target 'Target 1'
compiling bsp_exti.c...
linking...
Program Size: Code=11412 RO-data=268 RW-data=1132 ZI-data=1044  
".\Demo.axf" - 0 Errors, 0 Warning(s).
Load "C:\\Users\\PlanC\\Documents\\Github\\Practical-Training-Neusoft-Tianjin\\10.21\\Demo.axf" 
Erase Done.
Programming Done.
Verify OK.
Application running ...
Build target 'Target 1'
compiling bsp_exti.c...
User\bsp_exti.c(161): warning:  #177-D: function "My_SetSysClockTo72" was declared but never referenced
linking...
Program Size: Code=11408 RO-data=268 RW-data=1132 ZI-data=1044  
".\Demo.axf" - 0 Errors, 1 Warning(s).
Load "C:\\Users\\PlanC\\Documents\\Github\\Practical-Training-Neusoft-Tianjin\\10.21\\Demo.axf" 
Erase Done.
Programming Done.
Verify OK.
Application running ...
