ARM Linker, 5.03 [Build 76] [MDK-ARM Standard]

==============================================================================

Section Cross References

    startup_stm32f10x_md.o(RESET) refers to startup_stm32f10x_md.o(STACK) for __initial_sp
    startup_stm32f10x_md.o(RESET) refers to startup_stm32f10x_md.o(.text) for Reset_Handler
    startup_stm32f10x_md.o(RESET) refers to stm32f10x_it.o(.text) for NMI_Handler
    startup_stm32f10x_md.o(.text) refers to system_stm32f10x.o(.text) for SystemInit
    startup_stm32f10x_md.o(.text) refers to entry.o(.ARM.Collect$$$$00000000) for __main
    stm32f10x_it.o(.text) refers to delay.o(.data) for timer
    system_stm32f10x.o(.text) refers to system_stm32f10x.o(.data) for SystemCoreClock
    stm32f10x_adc.o(.text) refers to stm32f10x_rcc.o(.text) for RCC_APB2PeriphResetCmd
    stm32f10x_bkp.o(.text) refers to stm32f10x_rcc.o(.text) for RCC_BackupResetCmd
    stm32f10x_can.o(.text) refers to stm32f10x_rcc.o(.text) for RCC_APB1PeriphResetCmd
    stm32f10x_cec.o(.text) refers to stm32f10x_rcc.o(.text) for RCC_APB1PeriphResetCmd
    stm32f10x_dac.o(.text) refers to stm32f10x_rcc.o(.text) for RCC_APB1PeriphResetCmd
    stm32f10x_gpio.o(.text) refers to stm32f10x_rcc.o(.text) for RCC_APB2PeriphResetCmd
    stm32f10x_i2c.o(.text) refers to stm32f10x_rcc.o(.text) for RCC_APB1PeriphResetCmd
    stm32f10x_pwr.o(.text) refers to stm32f10x_rcc.o(.text) for RCC_APB1PeriphResetCmd
    stm32f10x_rcc.o(.text) refers to stm32f10x_rcc.o(.data) for APBAHBPrescTable
    stm32f10x_spi.o(.text) refers to stm32f10x_rcc.o(.text) for RCC_APB2PeriphResetCmd
    stm32f10x_tim.o(.text) refers to stm32f10x_rcc.o(.text) for RCC_APB2PeriphResetCmd
    stm32f10x_usart.o(.text) refers to stm32f10x_rcc.o(.text) for RCC_APB2PeriphResetCmd
    stm32f10x_wwdg.o(.text) refers to stm32f10x_rcc.o(.text) for RCC_APB1PeriphResetCmd
    main.o(.text) refers to stm32f10x_gpio.o(.text) for GPIO_SetBits
    main.o(.text) refers to bsp_oled.o(.text) for Delay_us
    main.o(.text) refers to bsp.o(.text) for BSP_Init
    main.o(.text) refers to dht11.o(.text) for DHT_read
    main.o(.text) refers to bh1750.o(.text) for LIght_Intensity
    main.o(.text) refers to bmp180.o(.text) for BMP180_GetPressure
    main.o(.text) refers to ffixi.o(.text) for __aeabi_f2iz
    main.o(.text) refers to main.o(.data) for char_H
    main.o(.text) refers to dfixi.o(.text) for __aeabi_d2iz
    main.o(.text) refers to delay.o(.text) for delay_ms
    bh1750.o(.text) refers to stm32f10x_rcc.o(.text) for RCC_APB2PeriphClockCmd
    bh1750.o(.text) refers to stm32f10x_gpio.o(.text) for GPIO_Init
    bh1750.o(.text) refers to delay.o(.text) for delay_us
    bh1750.o(.text) refers to ffltui.o(.text) for __aeabi_ui2f
    bh1750.o(.text) refers to fdiv.o(.text) for __aeabi_fdiv
    bmp180.o(.text) refers to bsp_i2c.o(.text) for I2C2_Start
    bmp180.o(.text) refers to delay.o(.text) for delay_us
    bmp180.o(.text) refers to dfixi.o(.text) for __aeabi_d2iz
    bmp180.o(.text) refers to dflti.o(.text) for __aeabi_i2d
    bmp180.o(.text) refers to ddiv.o(.text) for __aeabi_ddiv
    bmp180.o(.text) refers to pow.o(i.pow) for pow
    bmp180.o(.text) refers to dadd.o(.text) for __aeabi_drsub
    bmp180.o(.text) refers to dmul.o(.text) for __aeabi_dmul
    bmp180.o(.text) refers to bmp180.o(.data) for cal_AC6
    bsp.o(.text) refers to bsp_oled.o(.text) for OLED_Init
    bsp.o(.text) refers to ledandkey.o(.text) for Motor_Configuration
    bsp.o(.text) refers to bsp_i2c.o(.text) for I2C2_Init
    bsp.o(.text) refers to bmp180.o(.text) for BMP180_Init
    bsp.o(.text) refers to bh1750.o(.text) for IIC1_Configuration
    bsp.o(.text) refers to stm32f10x_rcc.o(.text) for RCC_APB2PeriphClockCmd
    bsp_i2c.o(.text) refers to system_stm32f10x.o(.data) for SystemCoreClock
    bsp_oled.o(.text) refers to stm32f10x_gpio.o(.text) for GPIO_SetBits
    bsp_oled.o(.text) refers to stm32f10x_rcc.o(.text) for RCC_APB2PeriphClockCmd
    bsp_oled.o(.text) refers to delay.o(.data) for timer
    delay.o(.text) refers to delay.o(.data) for timer
    dht11.o(.text) refers to delay.o(.text) for delay_us
    ledandkey.o(.text) refers to stm32f10x_rcc.o(.text) for RCC_APB2PeriphClockCmd
    ledandkey.o(.text) refers to stm32f10x_gpio.o(.text) for GPIO_Init
    ledandkey.o(.text) refers to ledandkey.o(.data) for GPIO_InitStructure
    pow.o(i.__softfp_pow) refers (Special) to iusefp.o(.text) for __I$use$fp
    pow.o(i.__softfp_pow) refers to pow.o(i.pow) for pow
    pow.o(i.pow) refers (Special) to iusefp.o(.text) for __I$use$fp
    pow.o(i.pow) refers to dadd.o(.text) for __aeabi_dadd
    pow.o(i.pow) refers to errno.o(i.__set_errno) for __set_errno
    pow.o(i.pow) refers to ddiv.o(.text) for __aeabi_ddiv
    pow.o(i.pow) refers to sqrt.o(i.sqrt) for sqrt
    pow.o(i.pow) refers to dmul.o(.text) for __aeabi_dmul
    pow.o(i.pow) refers to dscalb.o(.text) for __ARM_scalbn
    pow.o(i.pow) refers to dunder.o(i.__mathlib_dbl_underflow) for __mathlib_dbl_underflow
    pow.o(i.pow) refers to qnan.o(.constdata) for __mathlib_zero
    pow.o(i.pow) refers to poly.o(i.__kernel_poly) for __kernel_poly
    pow.o(i.pow) refers to dflti.o(.text) for __aeabi_i2d
    pow.o(i.pow) refers to cdrcmple.o(.text) for __aeabi_cdrcmple
    pow.o(i.pow) refers to pow.o(.constdata) for .constdata
    pow.o(i.pow) refers to fpclassify.o(i.__ARM_fpclassify) for __ARM_fpclassify
    pow.o(.constdata) refers (Special) to iusefp.o(.text) for __I$use$fp
    pow_x.o(i.____softfp_pow$lsc) refers (Special) to iusefp.o(.text) for __I$use$fp
    pow_x.o(i.____softfp_pow$lsc) refers to pow_x.o(i.__pow$lsc) for __pow$lsc
    pow_x.o(i.__pow$lsc) refers (Special) to iusefp.o(.text) for __I$use$fp
    pow_x.o(i.__pow$lsc) refers to dadd.o(.text) for __aeabi_dadd
    pow_x.o(i.__pow$lsc) refers to errno.o(i.__set_errno) for __set_errno
    pow_x.o(i.__pow$lsc) refers to ddiv.o(.text) for __aeabi_ddiv
    pow_x.o(i.__pow$lsc) refers to sqrt.o(i.sqrt) for sqrt
    pow_x.o(i.__pow$lsc) refers to dmul.o(.text) for __aeabi_dmul
    pow_x.o(i.__pow$lsc) refers to dflti.o(.text) for __aeabi_i2d
    pow_x.o(i.__pow$lsc) refers to dscalb.o(.text) for __ARM_scalbn
    pow_x.o(i.__pow$lsc) refers to qnan.o(.constdata) for __mathlib_zero
    pow_x.o(i.__pow$lsc) refers to pow_x.o(.constdata) for .constdata
    pow_x.o(i.__pow$lsc) refers to poly.o(i.__kernel_poly) for __kernel_poly
    pow_x.o(i.__pow$lsc) refers to cdrcmple.o(.text) for __aeabi_cdrcmple
    pow_x.o(.constdata) refers (Special) to iusefp.o(.text) for __I$use$fp
    entry.o(.ARM.Collect$$$$00000000) refers (Special) to entry10a.o(.ARM.Collect$$$$0000000D) for __rt_final_cpp
    entry.o(.ARM.Collect$$$$00000000) refers (Special) to entry11a.o(.ARM.Collect$$$$0000000F) for __rt_final_exit
    entry.o(.ARM.Collect$$$$00000000) refers (Special) to entry7b.o(.ARM.Collect$$$$00000008) for _main_clock
    entry.o(.ARM.Collect$$$$00000000) refers (Special) to entry8b.o(.ARM.Collect$$$$0000000A) for _main_cpp_init
    entry.o(.ARM.Collect$$$$00000000) refers (Special) to entry9a.o(.ARM.Collect$$$$0000000B) for _main_init
    entry.o(.ARM.Collect$$$$00000000) refers (Special) to entry5.o(.ARM.Collect$$$$00000004) for _main_scatterload
    entry.o(.ARM.Collect$$$$00000000) refers (Special) to entry2.o(.ARM.Collect$$$$00000001) for _main_stk
    fdiv.o(.text) refers (Special) to iusefp.o(.text) for __I$use$fp
    fdiv.o(.text) refers to fepilogue.o(.text) for _float_round
    dadd.o(.text) refers (Special) to iusefp.o(.text) for __I$use$fp
    dadd.o(.text) refers to llshl.o(.text) for __aeabi_llsl
    dadd.o(.text) refers to llsshr.o(.text) for __aeabi_lasr
    dadd.o(.text) refers to depilogue.o(.text) for _double_epilogue
    dmul.o(.text) refers (Special) to iusefp.o(.text) for __I$use$fp
    dmul.o(.text) refers to depilogue.o(.text) for _double_epilogue
    ddiv.o(.text) refers (Special) to iusefp.o(.text) for __I$use$fp
    ddiv.o(.text) refers to depilogue.o(.text) for _double_round
    ffltui.o(.text) refers (Special) to iusefp.o(.text) for __I$use$fp
    ffltui.o(.text) refers to fepilogue.o(.text) for _float_epilogue
    dflti.o(.text) refers (Special) to iusefp.o(.text) for __I$use$fp
    dflti.o(.text) refers to depilogue.o(.text) for _double_epilogue
    ffixi.o(.text) refers (Special) to iusefp.o(.text) for __I$use$fp
    dfixi.o(.text) refers (Special) to iusefp.o(.text) for __I$use$fp
    dfixi.o(.text) refers to llushr.o(.text) for __aeabi_llsr
    dunder.o(i.__mathlib_dbl_underflow) refers to dscalb.o(.text) for __ARM_scalbn
    fpclassify.o(i.__ARM_fpclassify) refers (Special) to iusefp.o(.text) for __I$use$fp
    poly.o(i.__kernel_poly) refers (Special) to iusefp.o(.text) for __I$use$fp
    poly.o(i.__kernel_poly) refers to dmul.o(.text) for __aeabi_dmul
    poly.o(i.__kernel_poly) refers to dadd.o(.text) for __aeabi_dadd
    qnan.o(.constdata) refers (Special) to iusefp.o(.text) for __I$use$fp
    sqrt.o(i.__softfp_sqrt) refers (Special) to iusefp.o(.text) for __I$use$fp
    sqrt.o(i.__softfp_sqrt) refers to dsqrt.o(.text) for _dsqrt
    sqrt.o(i.__softfp_sqrt) refers to errno.o(i.__set_errno) for __set_errno
    sqrt.o(i.sqrt) refers (Special) to iusefp.o(.text) for __I$use$fp
    sqrt.o(i.sqrt) refers to dsqrt.o(.text) for _dsqrt
    sqrt.o(i.sqrt) refers to errno.o(i.__set_errno) for __set_errno
    sqrt_x.o(i.____softfp_sqrt$lsc) refers (Special) to iusefp.o(.text) for __I$use$fp
    sqrt_x.o(i.____softfp_sqrt$lsc) refers to cdcmple.o(.text) for __aeabi_cdcmple
    sqrt_x.o(i.____softfp_sqrt$lsc) refers to errno.o(i.__set_errno) for __set_errno
    sqrt_x.o(i.____softfp_sqrt$lsc) refers to dsqrt.o(.text) for _dsqrt
    sqrt_x.o(i.__sqrt$lsc) refers (Special) to iusefp.o(.text) for __I$use$fp
    sqrt_x.o(i.__sqrt$lsc) refers to cdcmple.o(.text) for __aeabi_cdcmple
    sqrt_x.o(i.__sqrt$lsc) refers to errno.o(i.__set_errno) for __set_errno
    sqrt_x.o(i.__sqrt$lsc) refers to dsqrt.o(.text) for _dsqrt
    entry2.o(.ARM.Collect$$$$00000001) refers to entry2.o(.ARM.Collect$$$$00002712) for __lit__00000000
    entry2.o(.ARM.Collect$$$$00002712) refers to startup_stm32f10x_md.o(STACK) for __initial_sp
    entry2.o(__vectab_stack_and_reset_area) refers to startup_stm32f10x_md.o(STACK) for __initial_sp
    entry2.o(__vectab_stack_and_reset_area) refers to entry.o(.ARM.Collect$$$$00000000) for __main
    entry5.o(.ARM.Collect$$$$00000004) refers to init.o(.text) for __scatterload
    entry9a.o(.ARM.Collect$$$$0000000B) refers to main.o(.text) for main
    entry9b.o(.ARM.Collect$$$$0000000C) refers to main.o(.text) for main
    errno.o(i.__aeabi_errno_addr) refers to errno.o(.data) for .data
    errno.o(i.__read_errno) refers to errno.o(.data) for .data
    errno.o(i.__set_errno) refers to errno.o(.data) for .data
    depilogue.o(.text) refers to llshl.o(.text) for __aeabi_llsl
    depilogue.o(.text) refers to llushr.o(.text) for __aeabi_llsr
    init.o(.text) refers to entry5.o(.ARM.Collect$$$$00000004) for __main_after_scatterload
    dsqrt.o(.text) refers to llushr.o(.text) for __aeabi_llsr
    dsqrt.o(.text) refers to depilogue.o(.text) for _double_round


==============================================================================

Removing Unused input sections from the image.

    Removing startup_stm32f10x_md.o(HEAP), (512 bytes).
    Removing core_cm3.o(.emb_text), (32 bytes).
    Removing misc.o(.text), (220 bytes).
    Removing stm32f10x_adc.o(.text), (1102 bytes).
    Removing stm32f10x_bkp.o(.text), (196 bytes).
    Removing stm32f10x_can.o(.text), (2540 bytes).
    Removing stm32f10x_cec.o(.text), (288 bytes).
    Removing stm32f10x_crc.o(.text), (72 bytes).
    Removing stm32f10x_dac.o(.text), (396 bytes).
    Removing stm32f10x_dbgmcu.o(.text), (48 bytes).
    Removing stm32f10x_dma.o(.text), (592 bytes).
    Removing stm32f10x_exti.o(.text), (284 bytes).
    Removing stm32f10x_flash.o(.text), (1468 bytes).
    Removing stm32f10x_fsmc.o(.text), (1560 bytes).
    Removing stm32f10x_i2c.o(.text), (1028 bytes).
    Removing stm32f10x_iwdg.o(.text), (64 bytes).
    Removing stm32f10x_pwr.o(.text), (204 bytes).
    Removing stm32f10x_rtc.o(.text), (324 bytes).
    Removing stm32f10x_sdio.o(.text), (472 bytes).
    Removing stm32f10x_spi.o(.text), (780 bytes).
    Removing stm32f10x_tim.o(.text), (3610 bytes).
    Removing stm32f10x_usart.o(.text), (1032 bytes).
    Removing stm32f10x_wwdg.o(.text), (136 bytes).
    Removing cdcmple.o(.text), (40 bytes).

24 unused section(s) (total 17000 bytes) removed from the image.

==============================================================================

Image Symbol Table

    Local Symbols

    Symbol Name                              Value     Ov Type        Size  Object(Section)

    ../clib/../cmprslib/zerorunl2.c          0x00000000   Number         0  __dczerorl2.o ABSOLUTE
    ../clib/microlib/errno.c                 0x00000000   Number         0  errno.o ABSOLUTE
    ../clib/microlib/init/entry.s            0x00000000   Number         0  entry.o ABSOLUTE
    ../clib/microlib/init/entry.s            0x00000000   Number         0  entry8a.o ABSOLUTE
    ../clib/microlib/init/entry.s            0x00000000   Number         0  entry2.o ABSOLUTE
    ../clib/microlib/init/entry.s            0x00000000   Number         0  entry5.o ABSOLUTE
    ../clib/microlib/init/entry.s            0x00000000   Number         0  entry7a.o ABSOLUTE
    ../clib/microlib/init/entry.s            0x00000000   Number         0  entry7b.o ABSOLUTE
    ../clib/microlib/init/entry.s            0x00000000   Number         0  entry8b.o ABSOLUTE
    ../clib/microlib/init/entry.s            0x00000000   Number         0  entry9a.o ABSOLUTE
    ../clib/microlib/init/entry.s            0x00000000   Number         0  entry9b.o ABSOLUTE
    ../clib/microlib/init/entry.s            0x00000000   Number         0  entry10a.o ABSOLUTE
    ../clib/microlib/init/entry.s            0x00000000   Number         0  entry10b.o ABSOLUTE
    ../clib/microlib/init/entry.s            0x00000000   Number         0  entry11a.o ABSOLUTE
    ../clib/microlib/init/entry.s            0x00000000   Number         0  entry11b.o ABSOLUTE
    ../clib/microlib/longlong.c              0x00000000   Number         0  llshl.o ABSOLUTE
    ../clib/microlib/longlong.c              0x00000000   Number         0  llushr.o ABSOLUTE
    ../clib/microlib/longlong.c              0x00000000   Number         0  llsshr.o ABSOLUTE
    ../clib/microlib/stubs.s                 0x00000000   Number         0  iusefp.o ABSOLUTE
    ../fplib/microlib/fpadd.c                0x00000000   Number         0  dadd.o ABSOLUTE
    ../fplib/microlib/fpdiv.c                0x00000000   Number         0  ddiv.o ABSOLUTE
    ../fplib/microlib/fpdiv.c                0x00000000   Number         0  fdiv.o ABSOLUTE
    ../fplib/microlib/fpepilogue.c           0x00000000   Number         0  depilogue.o ABSOLUTE
    ../fplib/microlib/fpepilogue.c           0x00000000   Number         0  fepilogue.o ABSOLUTE
    ../fplib/microlib/fpfix.c                0x00000000   Number         0  ffixi.o ABSOLUTE
    ../fplib/microlib/fpfix.c                0x00000000   Number         0  dfixi.o ABSOLUTE
    ../fplib/microlib/fpflt.c                0x00000000   Number         0  dflti.o ABSOLUTE
    ../fplib/microlib/fpflt.c                0x00000000   Number         0  ffltui.o ABSOLUTE
    ../fplib/microlib/fpmul.c                0x00000000   Number         0  dmul.o ABSOLUTE
    ../fplib/microlib/fpscalb.c              0x00000000   Number         0  dscalb.o ABSOLUTE
    ../fplib/microlib/fpsqrt.c               0x00000000   Number         0  dsqrt.o ABSOLUTE
    ../mathlib/dunder.c                      0x00000000   Number         0  dunder.o ABSOLUTE
    ../mathlib/fpclassify.c                  0x00000000   Number         0  fpclassify.o ABSOLUTE
    ../mathlib/poly.c                        0x00000000   Number         0  poly.o ABSOLUTE
    ../mathlib/pow.c                         0x00000000   Number         0  pow_x.o ABSOLUTE
    ../mathlib/pow.c                         0x00000000   Number         0  pow.o ABSOLUTE
    ../mathlib/qnan.c                        0x00000000   Number         0  qnan.o ABSOLUTE
    ../mathlib/sqrt.c                        0x00000000   Number         0  sqrt_x.o ABSOLUTE
    ../mathlib/sqrt.c                        0x00000000   Number         0  sqrt.o ABSOLUTE
    ..\..\App\BH1750.c                       0x00000000   Number         0  bh1750.o ABSOLUTE
    ..\..\App\bmp180.c                       0x00000000   Number         0  bmp180.o ABSOLUTE
    ..\..\App\bsp_i2c.c                      0x00000000   Number         0  bsp_i2c.o ABSOLUTE
    ..\..\App\bsp_oled.c                     0x00000000   Number         0  bsp_oled.o ABSOLUTE
    ..\..\App\delay.c                        0x00000000   Number         0  delay.o ABSOLUTE
    ..\..\App\dht11.c                        0x00000000   Number         0  dht11.o ABSOLUTE
    ..\..\App\sys.c                          0x00000000   Number         0  sys.o ABSOLUTE
    ..\..\Bsp\LedAndKey.c                    0x00000000   Number         0  ledandkey.o ABSOLUTE
    ..\..\Bsp\bsp.c                          0x00000000   Number         0  bsp.o ABSOLUTE
    ..\..\Lib\CMSIS\core_cm3.c               0x00000000   Number         0  core_cm3.o ABSOLUTE
    ..\..\Lib\CMSIS\startup\startup_stm32f10x_md.s 0x00000000   Number         0  startup_stm32f10x_md.o ABSOLUTE
    ..\..\Lib\CMSIS\stm32f10x_it.c           0x00000000   Number         0  stm32f10x_it.o ABSOLUTE
    ..\..\Lib\CMSIS\system_stm32f10x.c       0x00000000   Number         0  system_stm32f10x.o ABSOLUTE
    ..\..\Lib\FWlib\src\misc.c               0x00000000   Number         0  misc.o ABSOLUTE
    ..\..\Lib\FWlib\src\stm32f10x_adc.c      0x00000000   Number         0  stm32f10x_adc.o ABSOLUTE
    ..\..\Lib\FWlib\src\stm32f10x_bkp.c      0x00000000   Number         0  stm32f10x_bkp.o ABSOLUTE
    ..\..\Lib\FWlib\src\stm32f10x_can.c      0x00000000   Number         0  stm32f10x_can.o ABSOLUTE
    ..\..\Lib\FWlib\src\stm32f10x_cec.c      0x00000000   Number         0  stm32f10x_cec.o ABSOLUTE
    ..\..\Lib\FWlib\src\stm32f10x_crc.c      0x00000000   Number         0  stm32f10x_crc.o ABSOLUTE
    ..\..\Lib\FWlib\src\stm32f10x_dac.c      0x00000000   Number         0  stm32f10x_dac.o ABSOLUTE
    ..\..\Lib\FWlib\src\stm32f10x_dbgmcu.c   0x00000000   Number         0  stm32f10x_dbgmcu.o ABSOLUTE
    ..\..\Lib\FWlib\src\stm32f10x_dma.c      0x00000000   Number         0  stm32f10x_dma.o ABSOLUTE
    ..\..\Lib\FWlib\src\stm32f10x_exti.c     0x00000000   Number         0  stm32f10x_exti.o ABSOLUTE
    ..\..\Lib\FWlib\src\stm32f10x_flash.c    0x00000000   Number         0  stm32f10x_flash.o ABSOLUTE
    ..\..\Lib\FWlib\src\stm32f10x_fsmc.c     0x00000000   Number         0  stm32f10x_fsmc.o ABSOLUTE
    ..\..\Lib\FWlib\src\stm32f10x_gpio.c     0x00000000   Number         0  stm32f10x_gpio.o ABSOLUTE
    ..\..\Lib\FWlib\src\stm32f10x_i2c.c      0x00000000   Number         0  stm32f10x_i2c.o ABSOLUTE
    ..\..\Lib\FWlib\src\stm32f10x_iwdg.c     0x00000000   Number         0  stm32f10x_iwdg.o ABSOLUTE
    ..\..\Lib\FWlib\src\stm32f10x_pwr.c      0x00000000   Number         0  stm32f10x_pwr.o ABSOLUTE
    ..\..\Lib\FWlib\src\stm32f10x_rcc.c      0x00000000   Number         0  stm32f10x_rcc.o ABSOLUTE
    ..\..\Lib\FWlib\src\stm32f10x_rtc.c      0x00000000   Number         0  stm32f10x_rtc.o ABSOLUTE
    ..\..\Lib\FWlib\src\stm32f10x_sdio.c     0x00000000   Number         0  stm32f10x_sdio.o ABSOLUTE
    ..\..\Lib\FWlib\src\stm32f10x_spi.c      0x00000000   Number         0  stm32f10x_spi.o ABSOLUTE
    ..\..\Lib\FWlib\src\stm32f10x_tim.c      0x00000000   Number         0  stm32f10x_tim.o ABSOLUTE
    ..\..\Lib\FWlib\src\stm32f10x_usart.c    0x00000000   Number         0  stm32f10x_usart.o ABSOLUTE
    ..\..\Lib\FWlib\src\stm32f10x_wwdg.c     0x00000000   Number         0  stm32f10x_wwdg.o ABSOLUTE
    ..\..\User\main.c                        0x00000000   Number         0  main.o ABSOLUTE
    ..\\..\\Lib\\CMSIS\\core_cm3.c           0x00000000   Number         0  core_cm3.o ABSOLUTE
    cdcmple.s                                0x00000000   Number         0  cdcmple.o ABSOLUTE
    cdrcmple.s                               0x00000000   Number         0  cdrcmple.o ABSOLUTE
    dc.s                                     0x00000000   Number         0  dc.o ABSOLUTE
    handlers.s                               0x00000000   Number         0  handlers.o ABSOLUTE
    init.s                                   0x00000000   Number         0  init.o ABSOLUTE
    RESET                                    0x08000000   Section      236  startup_stm32f10x_md.o(RESET)
    .ARM.Collect$$$$00000000                 0x080000ec   Section        0  entry.o(.ARM.Collect$$$$00000000)
    .ARM.Collect$$$$00000001                 0x080000ec   Section        4  entry2.o(.ARM.Collect$$$$00000001)
    .ARM.Collect$$$$00000004                 0x080000f0   Section        4  entry5.o(.ARM.Collect$$$$00000004)
    .ARM.Collect$$$$00000008                 0x080000f4   Section        0  entry7b.o(.ARM.Collect$$$$00000008)
    .ARM.Collect$$$$0000000A                 0x080000f4   Section        0  entry8b.o(.ARM.Collect$$$$0000000A)
    .ARM.Collect$$$$0000000B                 0x080000f4   Section        8  entry9a.o(.ARM.Collect$$$$0000000B)
    .ARM.Collect$$$$0000000D                 0x080000fc   Section        0  entry10a.o(.ARM.Collect$$$$0000000D)
    .ARM.Collect$$$$0000000F                 0x080000fc   Section        0  entry11a.o(.ARM.Collect$$$$0000000F)
    .ARM.Collect$$$$00002712                 0x080000fc   Section        4  entry2.o(.ARM.Collect$$$$00002712)
    __lit__00000000                          0x080000fc   Data           4  entry2.o(.ARM.Collect$$$$00002712)
    .text                                    0x08000100   Section       36  startup_stm32f10x_md.o(.text)
    .text                                    0x08000124   Section        0  stm32f10x_it.o(.text)
    .text                                    0x08000150   Section        0  system_stm32f10x.o(.text)
    SetSysClockTo72                          0x08000151   Thumb Code   212  system_stm32f10x.o(.text)
    SetSysClock                              0x08000225   Thumb Code     8  system_stm32f10x.o(.text)
    .text                                    0x0800032c   Section        0  stm32f10x_gpio.o(.text)
    .text                                    0x08000684   Section        0  stm32f10x_rcc.o(.text)
    .text                                    0x08000a28   Section        0  main.o(.text)
    .text                                    0x08000fb8   Section        0  bh1750.o(.text)
    .text                                    0x080012d8   Section        0  bmp180.o(.text)
    .text                                    0x080016f0   Section        0  bsp.o(.text)
    .text                                    0x08001788   Section        0  bsp_i2c.o(.text)
    .text                                    0x08001c8c   Section        0  bsp_oled.o(.text)
    .text                                    0x08001ee0   Section        0  delay.o(.text)
    .text                                    0x08001f2c   Section        0  dht11.o(.text)
    .text                                    0x08002094   Section        0  ledandkey.o(.text)
    .text                                    0x08002144   Section        0  fdiv.o(.text)
    .text                                    0x080021c4   Section        0  dadd.o(.text)
    .text                                    0x08002312   Section        0  dmul.o(.text)
    .text                                    0x080023f6   Section        0  ddiv.o(.text)
    .text                                    0x080024d4   Section        0  ffltui.o(.text)
    .text                                    0x080024de   Section        0  dflti.o(.text)
    .text                                    0x08002500   Section        0  ffixi.o(.text)
    .text                                    0x08002532   Section        0  dfixi.o(.text)
    .text                                    0x08002570   Section        0  llshl.o(.text)
    .text                                    0x0800258e   Section        0  llushr.o(.text)
    .text                                    0x080025ae   Section        0  llsshr.o(.text)
    .text                                    0x080025d2   Section        0  fepilogue.o(.text)
    .text                                    0x080025d2   Section        0  iusefp.o(.text)
    .text                                    0x0800263e   Section        0  depilogue.o(.text)
    .text                                    0x080026fc   Section        0  dscalb.o(.text)
    .text                                    0x0800272c   Section       40  cdrcmple.o(.text)
    .text                                    0x08002754   Section       36  init.o(.text)
    .text                                    0x08002778   Section        0  dsqrt.o(.text)
    .text                                    0x0800281a   Section        0  __dczerorl2.o(.text)
    i.__ARM_fpclassify                       0x08002876   Section        0  fpclassify.o(i.__ARM_fpclassify)
    i.__kernel_poly                          0x0800289e   Section        0  poly.o(i.__kernel_poly)
    i.__mathlib_dbl_underflow                0x08002948   Section        0  dunder.o(i.__mathlib_dbl_underflow)
    i.__scatterload_copy                     0x08002958   Section       14  handlers.o(i.__scatterload_copy)
    i.__scatterload_null                     0x08002966   Section        2  handlers.o(i.__scatterload_null)
    i.__scatterload_zeroinit                 0x08002968   Section       14  handlers.o(i.__scatterload_zeroinit)
    i.__set_errno                            0x08002978   Section        0  errno.o(i.__set_errno)
    i.pow                                    0x08002984   Section        0  pow.o(i.pow)
    i.sqrt                                   0x08003364   Section        0  sqrt.o(i.sqrt)
    .constdata                               0x080033b0   Section      136  pow.o(.constdata)
    bp                                       0x080033b0   Data          16  pow.o(.constdata)
    dp_h                                     0x080033c0   Data          16  pow.o(.constdata)
    dp_l                                     0x080033d0   Data          16  pow.o(.constdata)
    L                                        0x080033e0   Data          48  pow.o(.constdata)
    P                                        0x08003410   Data          40  pow.o(.constdata)
    .constdata                               0x08003438   Section        8  qnan.o(.constdata)
    .data                                    0x20000000   Section       20  system_stm32f10x.o(.data)
    .data                                    0x20000014   Section       20  stm32f10x_rcc.o(.data)
    APBAHBPrescTable                         0x20000014   Data          16  stm32f10x_rcc.o(.data)
    ADCPrescTable                            0x20000024   Data           4  stm32f10x_rcc.o(.data)
    .data                                    0x20000028   Section      386  main.o(.data)
    .data                                    0x200001aa   Section       22  bmp180.o(.data)
    .data                                    0x200001c0   Section        4  delay.o(.data)
    .data                                    0x200001c4   Section        4  ledandkey.o(.data)
    .data                                    0x200001c8   Section        4  errno.o(.data)
    _errno                                   0x200001c8   Data           4  errno.o(.data)
    STACK                                    0x200001d0   Section     1024  startup_stm32f10x_md.o(STACK)

    Global Symbols

    Symbol Name                              Value     Ov Type        Size  Object(Section)

    BuildAttributes$$THM_ISAv4$P$D$K$B$S$PE$A:L22UL41UL21$X:L11$S22US41US21$IEEE1$IW$USESV6$~STKCKD$USESV7$~SHL$OTIME$ROPI$IEEEX$EBA8$MICROLIB$REQ8$PRES8$EABIv2 0x00000000   Number         0  anon$$obj.o ABSOLUTE
    __ARM_use_no_argv                        0x00000000   Number         0  main.o ABSOLUTE
    __cpp_initialize__aeabi_                  - Undefined Weak Reference
    __cxa_finalize                            - Undefined Weak Reference
    _clock_init                               - Undefined Weak Reference
    _microlib_exit                            - Undefined Weak Reference
    __Vectors_Size                           0x000000ec   Number         0  startup_stm32f10x_md.o ABSOLUTE
    __Vectors                                0x08000000   Data           4  startup_stm32f10x_md.o(RESET)
    __Vectors_End                            0x080000ec   Data           0  startup_stm32f10x_md.o(RESET)
    __main                                   0x080000ed   Thumb Code     0  entry.o(.ARM.Collect$$$$00000000)
    _main_stk                                0x080000ed   Thumb Code     0  entry2.o(.ARM.Collect$$$$00000001)
    _main_scatterload                        0x080000f1   Thumb Code     0  entry5.o(.ARM.Collect$$$$00000004)
    __main_after_scatterload                 0x080000f5   Thumb Code     0  entry5.o(.ARM.Collect$$$$00000004)
    _main_clock                              0x080000f5   Thumb Code     0  entry7b.o(.ARM.Collect$$$$00000008)
    _main_cpp_init                           0x080000f5   Thumb Code     0  entry8b.o(.ARM.Collect$$$$0000000A)
    _main_init                               0x080000f5   Thumb Code     0  entry9a.o(.ARM.Collect$$$$0000000B)
    __rt_final_cpp                           0x080000fd   Thumb Code     0  entry10a.o(.ARM.Collect$$$$0000000D)
    __rt_final_exit                          0x080000fd   Thumb Code     0  entry11a.o(.ARM.Collect$$$$0000000F)
    Reset_Handler                            0x08000101   Thumb Code     8  startup_stm32f10x_md.o(.text)
    OS_CPU_PendSVHandler                     0x08000117   Thumb Code     2  startup_stm32f10x_md.o(.text)
    ADC1_2_IRQHandler                        0x0800011b   Thumb Code     0  startup_stm32f10x_md.o(.text)
    CAN1_RX1_IRQHandler                      0x0800011b   Thumb Code     0  startup_stm32f10x_md.o(.text)
    CAN1_SCE_IRQHandler                      0x0800011b   Thumb Code     0  startup_stm32f10x_md.o(.text)
    DMA1_Channel1_IRQHandler                 0x0800011b   Thumb Code     0  startup_stm32f10x_md.o(.text)
    DMA1_Channel2_IRQHandler                 0x0800011b   Thumb Code     0  startup_stm32f10x_md.o(.text)
    DMA1_Channel3_IRQHandler                 0x0800011b   Thumb Code     0  startup_stm32f10x_md.o(.text)
    DMA1_Channel4_IRQHandler                 0x0800011b   Thumb Code     0  startup_stm32f10x_md.o(.text)
    DMA1_Channel5_IRQHandler                 0x0800011b   Thumb Code     0  startup_stm32f10x_md.o(.text)
    DMA1_Channel6_IRQHandler                 0x0800011b   Thumb Code     0  startup_stm32f10x_md.o(.text)
    DMA1_Channel7_IRQHandler                 0x0800011b   Thumb Code     0  startup_stm32f10x_md.o(.text)
    EXTI0_IRQHandler                         0x0800011b   Thumb Code     0  startup_stm32f10x_md.o(.text)
    EXTI15_10_IRQHandler                     0x0800011b   Thumb Code     0  startup_stm32f10x_md.o(.text)
    EXTI1_IRQHandler                         0x0800011b   Thumb Code     0  startup_stm32f10x_md.o(.text)
    EXTI2_IRQHandler                         0x0800011b   Thumb Code     0  startup_stm32f10x_md.o(.text)
    EXTI3_IRQHandler                         0x0800011b   Thumb Code     0  startup_stm32f10x_md.o(.text)
    EXTI4_IRQHandler                         0x0800011b   Thumb Code     0  startup_stm32f10x_md.o(.text)
    EXTI9_5_IRQHandler                       0x0800011b   Thumb Code     0  startup_stm32f10x_md.o(.text)
    FLASH_IRQHandler                         0x0800011b   Thumb Code     0  startup_stm32f10x_md.o(.text)
    I2C1_ER_IRQHandler                       0x0800011b   Thumb Code     0  startup_stm32f10x_md.o(.text)
    I2C1_EV_IRQHandler                       0x0800011b   Thumb Code     0  startup_stm32f10x_md.o(.text)
    I2C2_ER_IRQHandler                       0x0800011b   Thumb Code     0  startup_stm32f10x_md.o(.text)
    I2C2_EV_IRQHandler                       0x0800011b   Thumb Code     0  startup_stm32f10x_md.o(.text)
    PVD_IRQHandler                           0x0800011b   Thumb Code     0  startup_stm32f10x_md.o(.text)
    RCC_IRQHandler                           0x0800011b   Thumb Code     0  startup_stm32f10x_md.o(.text)
    RTCAlarm_IRQHandler                      0x0800011b   Thumb Code     0  startup_stm32f10x_md.o(.text)
    RTC_IRQHandler                           0x0800011b   Thumb Code     0  startup_stm32f10x_md.o(.text)
    SPI1_IRQHandler                          0x0800011b   Thumb Code     0  startup_stm32f10x_md.o(.text)
    SPI2_IRQHandler                          0x0800011b   Thumb Code     0  startup_stm32f10x_md.o(.text)
    TAMPER_IRQHandler                        0x0800011b   Thumb Code     0  startup_stm32f10x_md.o(.text)
    TIM1_BRK_IRQHandler                      0x0800011b   Thumb Code     0  startup_stm32f10x_md.o(.text)
    TIM1_CC_IRQHandler                       0x0800011b   Thumb Code     0  startup_stm32f10x_md.o(.text)
    TIM1_TRG_COM_IRQHandler                  0x0800011b   Thumb Code     0  startup_stm32f10x_md.o(.text)
    TIM1_UP_IRQHandler                       0x0800011b   Thumb Code     0  startup_stm32f10x_md.o(.text)
    TIM2_IRQHandler                          0x0800011b   Thumb Code     0  startup_stm32f10x_md.o(.text)
    TIM3_IRQHandler                          0x0800011b   Thumb Code     0  startup_stm32f10x_md.o(.text)
    TIM4_IRQHandler                          0x0800011b   Thumb Code     0  startup_stm32f10x_md.o(.text)
    USART1_IRQHandler                        0x0800011b   Thumb Code     0  startup_stm32f10x_md.o(.text)
    USART2_IRQHandler                        0x0800011b   Thumb Code     0  startup_stm32f10x_md.o(.text)
    USART3_IRQHandler                        0x0800011b   Thumb Code     0  startup_stm32f10x_md.o(.text)
    USBWakeUp_IRQHandler                     0x0800011b   Thumb Code     0  startup_stm32f10x_md.o(.text)
    USB_HP_CAN1_TX_IRQHandler                0x0800011b   Thumb Code     0  startup_stm32f10x_md.o(.text)
    USB_LP_CAN1_RX0_IRQHandler               0x0800011b   Thumb Code     0  startup_stm32f10x_md.o(.text)
    WWDG_IRQHandler                          0x0800011b   Thumb Code     0  startup_stm32f10x_md.o(.text)
    NMI_Handler                              0x08000125   Thumb Code     2  stm32f10x_it.o(.text)
    HardFault_Handler                        0x08000127   Thumb Code     4  stm32f10x_it.o(.text)
    MemManage_Handler                        0x0800012b   Thumb Code     4  stm32f10x_it.o(.text)
    BusFault_Handler                         0x0800012f   Thumb Code     4  stm32f10x_it.o(.text)
    UsageFault_Handler                       0x08000133   Thumb Code     4  stm32f10x_it.o(.text)
    SVC_Handler                              0x08000137   Thumb Code     2  stm32f10x_it.o(.text)
    DebugMon_Handler                         0x08000139   Thumb Code     2  stm32f10x_it.o(.text)
    SysTick_Handler                          0x0800013b   Thumb Code    18  stm32f10x_it.o(.text)
    SystemInit                               0x0800022d   Thumb Code    78  system_stm32f10x.o(.text)
    SystemCoreClockUpdate                    0x0800027b   Thumb Code   142  system_stm32f10x.o(.text)
    GPIO_DeInit                              0x0800032d   Thumb Code   172  stm32f10x_gpio.o(.text)
    GPIO_AFIODeInit                          0x080003d9   Thumb Code    20  stm32f10x_gpio.o(.text)
    GPIO_Init                                0x080003ed   Thumb Code   274  stm32f10x_gpio.o(.text)
    GPIO_StructInit                          0x080004ff   Thumb Code    16  stm32f10x_gpio.o(.text)
    GPIO_ReadInputDataBit                    0x0800050f   Thumb Code    18  stm32f10x_gpio.o(.text)
    GPIO_ReadInputData                       0x08000521   Thumb Code     8  stm32f10x_gpio.o(.text)
    GPIO_ReadOutputDataBit                   0x08000529   Thumb Code    18  stm32f10x_gpio.o(.text)
    GPIO_ReadOutputData                      0x0800053b   Thumb Code     8  stm32f10x_gpio.o(.text)
    GPIO_SetBits                             0x08000543   Thumb Code     4  stm32f10x_gpio.o(.text)
    GPIO_ResetBits                           0x08000547   Thumb Code     4  stm32f10x_gpio.o(.text)
    GPIO_WriteBit                            0x0800054b   Thumb Code    10  stm32f10x_gpio.o(.text)
    GPIO_Write                               0x08000555   Thumb Code     4  stm32f10x_gpio.o(.text)
    GPIO_PinLockConfig                       0x08000559   Thumb Code    18  stm32f10x_gpio.o(.text)
    GPIO_EventOutputConfig                   0x0800056b   Thumb Code    26  stm32f10x_gpio.o(.text)
    GPIO_EventOutputCmd                      0x08000585   Thumb Code     6  stm32f10x_gpio.o(.text)
    GPIO_PinRemapConfig                      0x0800058b   Thumb Code   138  stm32f10x_gpio.o(.text)
    GPIO_EXTILineConfig                      0x08000615   Thumb Code    66  stm32f10x_gpio.o(.text)
    GPIO_ETH_MediaInterfaceConfig            0x08000657   Thumb Code     6  stm32f10x_gpio.o(.text)
    RCC_DeInit                               0x08000685   Thumb Code    64  stm32f10x_rcc.o(.text)
    RCC_HSEConfig                            0x080006c5   Thumb Code    70  stm32f10x_rcc.o(.text)
    RCC_GetFlagStatus                        0x0800070b   Thumb Code    56  stm32f10x_rcc.o(.text)
    RCC_WaitForHSEStartUp                    0x08000743   Thumb Code    56  stm32f10x_rcc.o(.text)
    RCC_AdjustHSICalibrationValue            0x0800077b   Thumb Code    20  stm32f10x_rcc.o(.text)
    RCC_HSICmd                               0x0800078f   Thumb Code     6  stm32f10x_rcc.o(.text)
    RCC_PLLConfig                            0x08000795   Thumb Code    24  stm32f10x_rcc.o(.text)
    RCC_PLLCmd                               0x080007ad   Thumb Code     6  stm32f10x_rcc.o(.text)
    RCC_SYSCLKConfig                         0x080007b3   Thumb Code    18  stm32f10x_rcc.o(.text)
    RCC_GetSYSCLKSource                      0x080007c5   Thumb Code    10  stm32f10x_rcc.o(.text)
    RCC_HCLKConfig                           0x080007cf   Thumb Code    18  stm32f10x_rcc.o(.text)
    RCC_PCLK1Config                          0x080007e1   Thumb Code    18  stm32f10x_rcc.o(.text)
    RCC_PCLK2Config                          0x080007f3   Thumb Code    20  stm32f10x_rcc.o(.text)
    RCC_ITConfig                             0x08000807   Thumb Code    26  stm32f10x_rcc.o(.text)
    RCC_USBCLKConfig                         0x08000821   Thumb Code     6  stm32f10x_rcc.o(.text)
    RCC_ADCCLKConfig                         0x08000827   Thumb Code    18  stm32f10x_rcc.o(.text)
    RCC_LSEConfig                            0x08000839   Thumb Code    44  stm32f10x_rcc.o(.text)
    RCC_LSICmd                               0x08000865   Thumb Code     6  stm32f10x_rcc.o(.text)
    RCC_RTCCLKConfig                         0x0800086b   Thumb Code    12  stm32f10x_rcc.o(.text)
    RCC_RTCCLKCmd                            0x08000877   Thumb Code     8  stm32f10x_rcc.o(.text)
    RCC_GetClocksFreq                        0x0800087f   Thumb Code   192  stm32f10x_rcc.o(.text)
    RCC_AHBPeriphClockCmd                    0x0800093f   Thumb Code    26  stm32f10x_rcc.o(.text)
    RCC_APB2PeriphClockCmd                   0x08000959   Thumb Code    26  stm32f10x_rcc.o(.text)
    RCC_APB1PeriphClockCmd                   0x08000973   Thumb Code    26  stm32f10x_rcc.o(.text)
    RCC_APB2PeriphResetCmd                   0x0800098d   Thumb Code    26  stm32f10x_rcc.o(.text)
    RCC_APB1PeriphResetCmd                   0x080009a7   Thumb Code    26  stm32f10x_rcc.o(.text)
    RCC_BackupResetCmd                       0x080009c1   Thumb Code     8  stm32f10x_rcc.o(.text)
    RCC_ClockSecuritySystemCmd               0x080009c9   Thumb Code     6  stm32f10x_rcc.o(.text)
    RCC_MCOConfig                            0x080009cf   Thumb Code     6  stm32f10x_rcc.o(.text)
    RCC_ClearFlag                            0x080009d5   Thumb Code    14  stm32f10x_rcc.o(.text)
    RCC_GetITStatus                          0x080009e3   Thumb Code    20  stm32f10x_rcc.o(.text)
    RCC_ClearITPendingBit                    0x080009f7   Thumb Code     6  stm32f10x_rcc.o(.text)
    step_motor                               0x08000a29   Thumb Code   338  main.o(.text)
    main                                     0x08000b7b   Thumb Code  1072  main.o(.text)
    IIC1_Configuration                       0x08000fb9   Thumb Code    48  bh1750.o(.text)
    IIC_START                                0x08000fe9   Thumb Code    72  bh1750.o(.text)
    IIC_STOP                                 0x08001031   Thumb Code    80  bh1750.o(.text)
    IIC_Wait_ACK                             0x08001081   Thumb Code    80  bh1750.o(.text)
    IIC_ACK                                  0x080010d1   Thumb Code    66  bh1750.o(.text)
    IIC_NAck                                 0x08001113   Thumb Code    78  bh1750.o(.text)
    IIC_Send_Byte                            0x08001161   Thumb Code   100  bh1750.o(.text)
    IIC_Receive_Byte                         0x080011c5   Thumb Code    86  bh1750.o(.text)
    BH1750_Byte_Write                        0x0800121b   Thumb Code    50  bh1750.o(.text)
    BH1750_Read_Measure                      0x0800124d   Thumb Code    58  bh1750.o(.text)
    BH1750_Power_ON                          0x08001287   Thumb Code    10  bh1750.o(.text)
    BH1750_Power_OFF                         0x08001291   Thumb Code    10  bh1750.o(.text)
    BH1750_RESET                             0x0800129b   Thumb Code    10  bh1750.o(.text)
    BH1750_Init                              0x080012a5   Thumb Code    20  bh1750.o(.text)
    LIght_Intensity                          0x080012b9   Thumb Code    22  bh1750.o(.text)
    BMP180_ReadRegisters                     0x080012d9   Thumb Code    80  bmp180.o(.text)
    BMP180_ReadRegister                      0x08001329   Thumb Code    24  bmp180.o(.text)
    BMP180_WriteRegisters                    0x08001341   Thumb Code    54  bmp180.o(.text)
    BMP180_WriteRegister                     0x08001377   Thumb Code    24  bmp180.o(.text)
    BMP180_GetStatus                         0x0800138f   Thumb Code    70  bmp180.o(.text)
    BMP180_SetRegisterCtrlMeas               0x080013d5   Thumb Code    14  bmp180.o(.text)
    BMP180_SetRegisterConfig                 0x080013e3   Thumb Code    14  bmp180.o(.text)
    BMP180_Init                              0x080013f1   Thumb Code   122  bmp180.o(.text)
    BMP180_Reset                             0x0800146b   Thumb Code    12  bmp180.o(.text)
    BMP180_Compensate_Temperature            0x08001477   Thumb Code     8  bmp180.o(.text)
    BMP180_GetTemperature                    0x0800147f   Thumb Code    46  bmp180.o(.text)
    BMP180_Compensate_Pressure               0x080014ad   Thumb Code   294  bmp180.o(.text)
    BMP180_GetPressure                       0x080015d3   Thumb Code    46  bmp180.o(.text)
    BMP180_GetAltitude                       0x08001601   Thumb Code    46  bmp180.o(.text)
    BMP180_GetTemperatureAndPressure         0x0800162f   Thumb Code    92  bmp180.o(.text)
    BMP180_GetTemperatureAndPressureForced   0x0800168b   Thumb Code    44  bmp180.o(.text)
    SysTick_init                             0x080016f1   Thumb Code    98  bsp.o(.text)
    BSP_Init                                 0x08001753   Thumb Code    44  bsp.o(.text)
    I2C1_Init                                0x08001789   Thumb Code   238  bsp_i2c.o(.text)
    I2C2_Init                                0x08001877   Thumb Code   242  bsp_i2c.o(.text)
    I2C1_Start                               0x08001969   Thumb Code    52  bsp_i2c.o(.text)
    I2C2_Start                               0x0800199d   Thumb Code    52  bsp_i2c.o(.text)
    I2C1_Stop                                0x080019d1   Thumb Code    28  bsp_i2c.o(.text)
    I2C2_Stop                                0x080019ed   Thumb Code    28  bsp_i2c.o(.text)
    I2C1_SendAddress                         0x08001a09   Thumb Code   146  bsp_i2c.o(.text)
    I2C2_SendAddress                         0x08001a9b   Thumb Code   146  bsp_i2c.o(.text)
    I2C1_SendData                            0x08001b2d   Thumb Code   104  bsp_i2c.o(.text)
    I2C2_SendData                            0x08001b95   Thumb Code    68  bsp_i2c.o(.text)
    I2C1_ReceiveData                         0x08001bd9   Thumb Code    82  bsp_i2c.o(.text)
    I2C2_ReceiveData                         0x08001c2b   Thumb Code    88  bsp_i2c.o(.text)
    Delay_us                                 0x08001c8d   Thumb Code    48  bsp_oled.o(.text)
    OLED_WR_Byte                             0x08001cbd   Thumb Code   106  bsp_oled.o(.text)
    OLED_Clear                               0x08001d27   Thumb Code    60  bsp_oled.o(.text)
    OLED_Set_Pos                             0x08001d63   Thumb Code    44  bsp_oled.o(.text)
    OLED_DrawBMP                             0x08001d8f   Thumb Code    76  bsp_oled.o(.text)
    OLED_Init                                0x08001ddb   Thumb Code   248  bsp_oled.o(.text)
    delay_us                                 0x08001ee1   Thumb Code    48  delay.o(.text)
    delay_ms                                 0x08001f11   Thumb Code    24  delay.o(.text)
    DHT_set_gpio_output                      0x08001f2d   Thumb Code    46  dht11.o(.text)
    DHT_set_gpio_input                       0x08001f5b   Thumb Code    46  dht11.o(.text)
    DHT_start                                0x08001f89   Thumb Code   112  dht11.o(.text)
    DHT_read_byte                            0x08001ff9   Thumb Code    78  dht11.o(.text)
    DHT_read                                 0x08002047   Thumb Code    68  dht11.o(.text)
    wait                                     0x08002095   Thumb Code    12  ledandkey.o(.text)
    Led_Configuration                        0x080020a1   Thumb Code    32  ledandkey.o(.text)
    Motor_Configuration                      0x080020c1   Thumb Code    32  ledandkey.o(.text)
    Key_Configuration                        0x080020e1   Thumb Code    32  ledandkey.o(.text)
    Key_Scan                                 0x08002101   Thumb Code    60  ledandkey.o(.text)
    __aeabi_fdiv                             0x08002145   Thumb Code   128  fdiv.o(.text)
    __aeabi_dadd                             0x080021c5   Thumb Code   322  dadd.o(.text)
    __aeabi_dsub                             0x08002307   Thumb Code     6  dadd.o(.text)
    __aeabi_drsub                            0x0800230d   Thumb Code     6  dadd.o(.text)
    __aeabi_dmul                             0x08002313   Thumb Code   228  dmul.o(.text)
    __aeabi_ddiv                             0x080023f7   Thumb Code   222  ddiv.o(.text)
    __aeabi_ui2f                             0x080024d5   Thumb Code    10  ffltui.o(.text)
    __aeabi_i2d                              0x080024df   Thumb Code    34  dflti.o(.text)
    __aeabi_f2iz                             0x08002501   Thumb Code    50  ffixi.o(.text)
    __aeabi_d2iz                             0x08002533   Thumb Code    62  dfixi.o(.text)
    __aeabi_llsl                             0x08002571   Thumb Code    30  llshl.o(.text)
    _ll_shift_l                              0x08002571   Thumb Code     0  llshl.o(.text)
    __aeabi_llsr                             0x0800258f   Thumb Code    32  llushr.o(.text)
    _ll_ushift_r                             0x0800258f   Thumb Code     0  llushr.o(.text)
    __aeabi_lasr                             0x080025af   Thumb Code    36  llsshr.o(.text)
    _ll_sshift_r                             0x080025af   Thumb Code     0  llsshr.o(.text)
    __I$use$fp                               0x080025d3   Thumb Code     0  iusefp.o(.text)
    _float_round                             0x080025d3   Thumb Code    18  fepilogue.o(.text)
    _float_epilogue                          0x080025e5   Thumb Code    90  fepilogue.o(.text)
    _double_round                            0x0800263f   Thumb Code    26  depilogue.o(.text)
    _double_epilogue                         0x08002659   Thumb Code   164  depilogue.o(.text)
    __ARM_scalbn                             0x080026fd   Thumb Code    46  dscalb.o(.text)
    scalbn                                   0x080026fd   Thumb Code     0  dscalb.o(.text)
    __aeabi_cdrcmple                         0x0800272d   Thumb Code    38  cdrcmple.o(.text)
    __scatterload                            0x08002755   Thumb Code    28  init.o(.text)
    __scatterload_rt2                        0x08002755   Thumb Code     0  init.o(.text)
    _dsqrt                                   0x08002779   Thumb Code   162  dsqrt.o(.text)
    __decompress                             0x0800281b   Thumb Code     0  __dczerorl2.o(.text)
    __decompress1                            0x0800281b   Thumb Code    92  __dczerorl2.o(.text)
    __ARM_fpclassify                         0x08002877   Thumb Code    40  fpclassify.o(i.__ARM_fpclassify)
    __kernel_poly                            0x0800289f   Thumb Code   170  poly.o(i.__kernel_poly)
    __mathlib_dbl_underflow                  0x08002949   Thumb Code    10  dunder.o(i.__mathlib_dbl_underflow)
    __scatterload_copy                       0x08002959   Thumb Code    14  handlers.o(i.__scatterload_copy)
    __scatterload_null                       0x08002967   Thumb Code     2  handlers.o(i.__scatterload_null)
    __scatterload_zeroinit                   0x08002969   Thumb Code    14  handlers.o(i.__scatterload_zeroinit)
    __set_errno                              0x08002979   Thumb Code     6  errno.o(i.__set_errno)
    pow                                      0x08002985   Thumb Code  2510  pow.o(i.pow)
    sqrt                                     0x08003365   Thumb Code    76  sqrt.o(i.sqrt)
    __mathlib_zero                           0x08003438   Data           8  qnan.o(.constdata)
    Region$$Table$$Base                      0x08003440   Number         0  anon$$obj.o(Region$$Table)
    Region$$Table$$Limit                     0x08003460   Number         0  anon$$obj.o(Region$$Table)
    SystemCoreClock                          0x20000000   Data           4  system_stm32f10x.o(.data)
    AHBPrescTable                            0x20000004   Data          16  system_stm32f10x.o(.data)
    char_T                                   0x20000028   Data          16  main.o(.data)
    char_E                                   0x20000038   Data          16  main.o(.data)
    char_M                                   0x20000048   Data          16  main.o(.data)
    char_H                                   0x20000058   Data          16  main.o(.data)
    char_U                                   0x20000068   Data          16  main.o(.data)
    char_A                                   0x20000078   Data          16  main.o(.data)
    char_L                                   0x20000088   Data          16  main.o(.data)
    char_X                                   0x20000098   Data          16  main.o(.data)
    char_colon                               0x200000a8   Data          16  main.o(.data)
    char_percent                             0x200000b8   Data          16  main.o(.data)
    char_celsius                             0x200000c8   Data          16  main.o(.data)
    char_celimeter                           0x200000d8   Data          32  main.o(.data)
    char_lux                                 0x200000f8   Data          16  main.o(.data)
    gImage_number                            0x20000108   Data         160  main.o(.data)
    DHT11_data                               0x200001a8   Data           2  main.o(.data)
    cal_AC1                                  0x200001aa   Data           2  bmp180.o(.data)
    cal_AC2                                  0x200001ac   Data           2  bmp180.o(.data)
    cal_AC3                                  0x200001ae   Data           2  bmp180.o(.data)
    cal_AC4                                  0x200001b0   Data           2  bmp180.o(.data)
    cal_AC5                                  0x200001b2   Data           2  bmp180.o(.data)
    cal_AC6                                  0x200001b4   Data           2  bmp180.o(.data)
    cal_B1                                   0x200001b6   Data           2  bmp180.o(.data)
    cal_B2                                   0x200001b8   Data           2  bmp180.o(.data)
    cal_MB                                   0x200001ba   Data           2  bmp180.o(.data)
    cal_MC                                   0x200001bc   Data           2  bmp180.o(.data)
    cal_MD                                   0x200001be   Data           2  bmp180.o(.data)
    timer                                    0x200001c0   Data           4  delay.o(.data)
    GPIO_InitStructure                       0x200001c4   Data           4  ledandkey.o(.data)
    __initial_sp                             0x200005d0   Data           0  startup_stm32f10x_md.o(STACK)



==============================================================================

Memory Map of the image

  Image Entry point : 0x080000ed

  Load Region LR_IROM1 (Base: 0x08000000, Size: 0x0000362c, Max: 0x00020000, ABSOLUTE, COMPRESSED[0x00003558])

    Execution Region ER_IROM1 (Base: 0x08000000, Size: 0x00003460, Max: 0x00020000, ABSOLUTE)

    Base Addr    Size         Type   Attr      Idx    E Section Name        Object

    0x08000000   0x000000ec   Data   RO            3    RESET               startup_stm32f10x_md.o
    0x080000ec   0x00000000   Code   RO          723  * .ARM.Collect$$$$00000000  mc_w.l(entry.o)
    0x080000ec   0x00000004   Code   RO          757    .ARM.Collect$$$$00000001  mc_w.l(entry2.o)
    0x080000f0   0x00000004   Code   RO          760    .ARM.Collect$$$$00000004  mc_w.l(entry5.o)
    0x080000f4   0x00000000   Code   RO          762    .ARM.Collect$$$$00000008  mc_w.l(entry7b.o)
    0x080000f4   0x00000000   Code   RO          764    .ARM.Collect$$$$0000000A  mc_w.l(entry8b.o)
    0x080000f4   0x00000008   Code   RO          765    .ARM.Collect$$$$0000000B  mc_w.l(entry9a.o)
    0x080000fc   0x00000000   Code   RO          767    .ARM.Collect$$$$0000000D  mc_w.l(entry10a.o)
    0x080000fc   0x00000000   Code   RO          769    .ARM.Collect$$$$0000000F  mc_w.l(entry11a.o)
    0x080000fc   0x00000004   Code   RO          758    .ARM.Collect$$$$00002712  mc_w.l(entry2.o)
    0x08000100   0x00000024   Code   RO            4    .text               startup_stm32f10x_md.o
    0x08000124   0x0000002c   Code   RO           24    .text               stm32f10x_it.o
    0x08000150   0x000001dc   Code   RO           35    .text               system_stm32f10x.o
    0x0800032c   0x00000358   Code   RO          280    .text               stm32f10x_gpio.o
    0x08000684   0x000003a4   Code   RO          328    .text               stm32f10x_rcc.o
    0x08000a28   0x00000590   Code   RO          414    .text               main.o
    0x08000fb8   0x00000320   Code   RO          543    .text               bh1750.o
    0x080012d8   0x00000418   Code   RO          564    .text               bmp180.o
    0x080016f0   0x00000098   Code   RO          586    .text               bsp.o
    0x08001788   0x00000504   Code   RO          602    .text               bsp_i2c.o
    0x08001c8c   0x00000254   Code   RO          614    .text               bsp_oled.o
    0x08001ee0   0x0000004c   Code   RO          630    .text               delay.o
    0x08001f2c   0x00000168   Code   RO          645    .text               dht11.o
    0x08002094   0x000000b0   Code   RO          686    .text               ledandkey.o
    0x08002144   0x00000080   Code   RO          726    .text               mf_w.l(fdiv.o)
    0x080021c4   0x0000014e   Code   RO          728    .text               mf_w.l(dadd.o)
    0x08002312   0x000000e4   Code   RO          730    .text               mf_w.l(dmul.o)
    0x080023f6   0x000000de   Code   RO          732    .text               mf_w.l(ddiv.o)
    0x080024d4   0x0000000a   Code   RO          734    .text               mf_w.l(ffltui.o)
    0x080024de   0x00000022   Code   RO          736    .text               mf_w.l(dflti.o)
    0x08002500   0x00000032   Code   RO          738    .text               mf_w.l(ffixi.o)
    0x08002532   0x0000003e   Code   RO          740    .text               mf_w.l(dfixi.o)
    0x08002570   0x0000001e   Code   RO          771    .text               mc_w.l(llshl.o)
    0x0800258e   0x00000020   Code   RO          773    .text               mc_w.l(llushr.o)
    0x080025ae   0x00000024   Code   RO          775    .text               mc_w.l(llsshr.o)
    0x080025d2   0x00000000   Code   RO          784    .text               mc_w.l(iusefp.o)
    0x080025d2   0x0000006c   Code   RO          785    .text               mf_w.l(fepilogue.o)
    0x0800263e   0x000000be   Code   RO          787    .text               mf_w.l(depilogue.o)
    0x080026fc   0x0000002e   Code   RO          789    .text               mf_w.l(dscalb.o)
    0x0800272a   0x00000002   PAD
    0x0800272c   0x00000028   Code   RO          791    .text               mf_w.l(cdrcmple.o)
    0x08002754   0x00000024   Code   RO          793    .text               mc_w.l(init.o)
    0x08002778   0x000000a2   Code   RO          795    .text               mf_w.l(dsqrt.o)
    0x0800281a   0x0000005c   Code   RO          807    .text               mc_w.l(__dczerorl2.o)
    0x08002876   0x00000028   Code   RO          744    i.__ARM_fpclassify  m_ws.l(fpclassify.o)
    0x0800289e   0x000000aa   Code   RO          746    i.__kernel_poly     m_ws.l(poly.o)
    0x08002948   0x00000010   Code   RO          742    i.__mathlib_dbl_underflow  m_ws.l(dunder.o)
    0x08002958   0x0000000e   Code   RO          801    i.__scatterload_copy  mc_w.l(handlers.o)
    0x08002966   0x00000002   Code   RO          802    i.__scatterload_null  mc_w.l(handlers.o)
    0x08002968   0x0000000e   Code   RO          803    i.__scatterload_zeroinit  mc_w.l(handlers.o)
    0x08002976   0x00000002   PAD
    0x08002978   0x0000000c   Code   RO          779    i.__set_errno       mc_w.l(errno.o)
    0x08002984   0x000009e0   Code   RO          714    i.pow               m_ws.l(pow.o)
    0x08003364   0x0000004c   Code   RO          750    i.sqrt              m_ws.l(sqrt.o)
    0x080033b0   0x00000088   Data   RO          715    .constdata          m_ws.l(pow.o)
    0x08003438   0x00000008   Data   RO          748    .constdata          m_ws.l(qnan.o)
    0x08003440   0x00000020   Data   RO          799    Region$$Table       anon$$obj.o


    Execution Region RW_IRAM1 (Base: 0x20000000, Size: 0x000005d0, Max: 0x00005000, ABSOLUTE, COMPRESSED[0x000000f8])

    Base Addr    Size         Type   Attr      Idx    E Section Name        Object

    0x20000000   0x00000014   Data   RW           36    .data               system_stm32f10x.o
    0x20000014   0x00000014   Data   RW          329    .data               stm32f10x_rcc.o
    0x20000028   0x00000182   Data   RW          415    .data               main.o
    0x200001aa   0x00000016   Data   RW          565    .data               bmp180.o
    0x200001c0   0x00000004   Data   RW          631    .data               delay.o
    0x200001c4   0x00000004   Data   RW          687    .data               ledandkey.o
    0x200001c8   0x00000004   Data   RW          780    .data               mc_w.l(errno.o)
    0x200001cc   0x00000004   PAD
    0x200001d0   0x00000400   Zero   RW            1    STACK               startup_stm32f10x_md.o


==============================================================================

Image component sizes


      Code (inc. data)   RO Data    RW Data    ZI Data      Debug   Object Name

       800         10          0          0          0       3421   bh1750.o
      1048         58          0         22          0       8386   bmp180.o
       152         10          0          0          0      15887   bsp.o
      1284         44          0          0          0       2680   bsp_i2c.o
       596         14          0          0          0       1807   bsp_oled.o
         0          0          0          0          0       4212   core_cm3.o
        76          4          0          4          0        904   delay.o
       360         10          0          0          0       2118   dht11.o
       176          8          0          4          0       1797   ledandkey.o
      1424         80          0        386          0     205646   main.o
        36          8        236          0       1024        856   startup_stm32f10x_md.o
       856         40          0          0          0       5633   stm32f10x_gpio.o
        44          4          0          0          0       1195   stm32f10x_it.o
       932         44          0         20          0       8804   stm32f10x_rcc.o
       476         36          0         20          0     222047   system_stm32f10x.o

    ----------------------------------------------------------------------
      8260        370        268        456       1024     485393   Object Totals
         0          0         32          0          0          0   (incl. Generated)
         0          0          0          0          0          0   (incl. Padding)

    ----------------------------------------------------------------------

      Code (inc. data)   RO Data    RW Data    ZI Data      Debug   Library Member Name

        16          6          0          0          0         68   dunder.o
        40          0          0          0          0         68   fpclassify.o
       170          0          0          0          0         96   poly.o
      2528        190        136          0          0        332   pow.o
         0          0          8          0          0          0   qnan.o
        76          0          0          0          0         84   sqrt.o
        92          0          0          0          0          0   __dczerorl2.o
         0          0          0          0          0          0   entry.o
         0          0          0          0          0          0   entry10a.o
         0          0          0          0          0          0   entry11a.o
         8          4          0          0          0          0   entry2.o
         4          0          0          0          0          0   entry5.o
         0          0          0          0          0          0   entry7b.o
         0          0          0          0          0          0   entry8b.o
         8          4          0          0          0          0   entry9a.o
        12          6          0          4          0         68   errno.o
        30          0          0          0          0          0   handlers.o
        36          8          0          0          0         68   init.o
         0          0          0          0          0          0   iusefp.o
        30          0          0          0          0         68   llshl.o
        36          0          0          0          0         68   llsshr.o
        32          0          0          0          0         68   llushr.o
        40          2          0          0          0         68   cdrcmple.o
       334          0          0          0          0        148   dadd.o
       222          0          0          0          0        100   ddiv.o
       190          0          0          0          0        176   depilogue.o
        62          0          0          0          0         80   dfixi.o
        34          0          0          0          0         76   dflti.o
       228          0          0          0          0         96   dmul.o
        46          0          0          0          0         80   dscalb.o
       162          0          0          0          0        100   dsqrt.o
       128          0          0          0          0         88   fdiv.o
       108          0          0          0          0        168   fepilogue.o
        50          0          0          0          0         68   ffixi.o
        10          0          0          0          0         68   ffltui.o

    ----------------------------------------------------------------------
      4736        220        144          4          4       2304   Library Totals
         4          0          0          0          4          0   (incl. Padding)

    ----------------------------------------------------------------------

      Code (inc. data)   RO Data    RW Data    ZI Data      Debug   Library Name

      2830        196        144          0          0        648   m_ws.l
       288         22          0          4          0        340   mc_w.l
      1614          2          0          0          0       1316   mf_w.l

    ----------------------------------------------------------------------
      4736        220        144          4          4       2304   Library Totals

    ----------------------------------------------------------------------

==============================================================================


      Code (inc. data)   RO Data    RW Data    ZI Data      Debug   

     12996        590        412        460       1028     485461   Grand Totals
     12996        590        412        248       1028     485461   ELF Image Totals (compressed)
     12996        590        412        248          0          0   ROM Totals

==============================================================================

    Total RO  Size (Code + RO Data)                13408 (  13.09kB)
    Total RW  Size (RW Data + ZI Data)              1488 (   1.45kB)
    Total ROM Size (Code + RO Data + RW Data)      13656 (  13.34kB)

==============================================================================

