<html>
<body>
<pre>
<h1>µVision Build Log</h1>
<h2>Project:</h2>
C:\Users\PlanC\Documents\Github\Practical-Training-Neusoft-Tianjin\10.12\uvproj.uvproj
Project File Date:  10/09/2020

<h2>Output:</h2>
Build target 'Target 1'
compiling main.c...
linking...
Program Size: Code=9676 RO-data=268 RW-data=68 ZI-data=1124  
".\uvproj.axf" - 0 Errors, 0 Warning(s).
Load "C:\\Users\\PlanC\\Documents\\Github\\Practical-Training-Neusoft-Tianjin\\10.12\\uvproj.axf" 
Full Chip Erase Done.
Programming Done.
Verify OK.
Application running ...
Build target 'Target 1'
compiling main.c...
user\main.c(10): warning:  #223-D: function "DMA_init" declared implicitly
user\main.c(6): warning:  #177-D: variable "i" was declared but never referenced
compiling mylib.c...
linking...
.\uvproj.axf: Error: L6218E: Undefined symbol DMA_init (referred from main.o).
".\uvproj.axf" - 1 Errors, 2 Warning(s).
Target not created
Build target 'Target 1'
compiling main.c...
user\main.c(6): warning:  #177-D: variable "i" was declared but never referenced
compiling mylib.c...
linking...
.\uvproj.axf: Error: L6218E: Undefined symbol DMA_init (referred from main.o).
".\uvproj.axf" - 1 Errors, 1 Warning(s).
Target not created
Build target 'Target 1'
compiling main.c...
linking...
.\uvproj.axf: Error: L6218E: Undefined symbol DMA_init (referred from main.o).
".\uvproj.axf" - 1 Errors, 0 Warning(s).
Target not created
Load "C:\\Users\\PlanC\\Documents\\Github\\Practical-Training-Neusoft-Tianjin\\10.12\\uvproj.axf" 
_____^
*** error 56: cannot open file
Build target 'Target 1'
compiling main.c...
compiling mylib.c...
linking...
Program Size: Code=9088 RO-data=268 RW-data=68 ZI-data=1028  
".\uvproj.axf" - 0 Errors, 0 Warning(s).
Load "C:\\Users\\PlanC\\Documents\\Github\\Practical-Training-Neusoft-Tianjin\\10.12\\uvproj.axf" 
Full Chip Erase Done.
Programming Done.
Verify OK.
Application running ...
Build target 'Target 1'
compiling mylib.c...
linking...
Program Size: Code=9084 RO-data=268 RW-data=68 ZI-data=1124  
".\uvproj.axf" - 0 Errors, 0 Warning(s).
Load "C:\\Users\\PlanC\\Documents\\Github\\Practical-Training-Neusoft-Tianjin\\10.12\\uvproj.axf" 
Full Chip Erase Done.
Programming Done.
Verify OK.
Application running ...
Build target 'Target 1'
compiling mylib.c...
user\mylib.c(82): error:  #513: a value of type "uint16_t *" cannot be assigned to an entity of type "uint32_t"
".\uvproj.axf" - 1 Errors, 0 Warning(s).
Target not created
Load "C:\\Users\\PlanC\\Documents\\Github\\Practical-Training-Neusoft-Tianjin\\10.12\\uvproj.axf" 
Full Chip Erase Done.
Programming Done.
Verify OK.
Application running ...
Build target 'Target 1'
compiling mylib.c...
linking...
Program Size: Code=9084 RO-data=268 RW-data=68 ZI-data=1028  
".\uvproj.axf" - 0 Errors, 0 Warning(s).
Load "C:\\Users\\PlanC\\Documents\\Github\\Practical-Training-Neusoft-Tianjin\\10.12\\uvproj.axf" 
Full Chip Erase Done.
Programming Done.
Verify OK.
Application running ...
Build target 'Target 1'
compiling mylib.c...
linking...
Program Size: Code=9084 RO-data=268 RW-data=68 ZI-data=1028  
".\uvproj.axf" - 0 Errors, 0 Warning(s).
Build target 'Target 1'
compiling mylib.c...
linking...
Program Size: Code=9088 RO-data=268 RW-data=68 ZI-data=1028  
".\uvproj.axf" - 0 Errors, 0 Warning(s).
Load "C:\\Users\\PlanC\\Documents\\Github\\Practical-Training-Neusoft-Tianjin\\10.12\\uvproj.axf" 
Full Chip Erase Done.
Programming Done.
Verify OK.
Application running ...
Build target 'Target 1'
compiling mylib.c...
linking...
Program Size: Code=9084 RO-data=268 RW-data=68 ZI-data=1028  
".\uvproj.axf" - 0 Errors, 0 Warning(s).
Load "C:\\Users\\PlanC\\Documents\\Github\\Practical-Training-Neusoft-Tianjin\\10.12\\uvproj.axf" 
Full Chip Erase Done.
Programming Done.
Verify OK.
Application running ...
Build target 'Target 1'
compiling mylib.c...
linking...
Program Size: Code=9092 RO-data=268 RW-data=68 ZI-data=1028  
".\uvproj.axf" - 0 Errors, 0 Warning(s).
Load "C:\\Users\\PlanC\\Documents\\Github\\Practical-Training-Neusoft-Tianjin\\10.12\\uvproj.axf" 
Full Chip Erase Done.
Programming Done.
Verify OK.
Application running ...
Build target 'Target 1'
compiling mylib.c...
linking...
Program Size: Code=10236 RO-data=268 RW-data=68 ZI-data=1028  
".\uvproj.axf" - 0 Errors, 0 Warning(s).
Load "C:\\Users\\PlanC\\Documents\\Github\\Practical-Training-Neusoft-Tianjin\\10.12\\uvproj.axf" 
Full Chip Erase Done.
Programming Done.
Verify OK.
Application running ...
Build target 'Target 1'
compiling main.c...
compiling mylib.c...
linking...
Program Size: Code=10244 RO-data=268 RW-data=68 ZI-data=1028  
".\uvproj.axf" - 0 Errors, 0 Warning(s).
Load "C:\\Users\\PlanC\\Documents\\Github\\Practical-Training-Neusoft-Tianjin\\10.12\\uvproj.axf" 
Full Chip Erase Done.
Programming Done.
Verify OK.
Application running ...
Build target 'Target 1'
linking...
Program Size: Code=10244 RO-data=268 RW-data=68 ZI-data=1028  
".\uvproj.axf" - 0 Errors, 0 Warning(s).
Build target 'Target 1'
linking...
Program Size: Code=10244 RO-data=268 RW-data=68 ZI-data=1028  
".\uvproj.axf" - 0 Errors, 0 Warning(s).
Build target 'Target 1'
compiling mylib.c...
linking...
Program Size: Code=10244 RO-data=268 RW-data=68 ZI-data=1028  
".\uvproj.axf" - 0 Errors, 0 Warning(s).
Load "C:\\Users\\PlanC\\Documents\\Github\\Practical-Training-Neusoft-Tianjin\\10.12\\uvproj.axf" 
Full Chip Erase Done.
Programming Done.
Verify OK.
Application running ...
Build target 'Target 1'
compiling mylib.c...
linking...
Program Size: Code=10244 RO-data=268 RW-data=68 ZI-data=1028  
".\uvproj.axf" - 0 Errors, 0 Warning(s).
Load "C:\\Users\\PlanC\\Documents\\Github\\Practical-Training-Neusoft-Tianjin\\10.12\\uvproj.axf" 
Full Chip Erase Done.
Programming Done.
Verify OK.
Application running ...
Build target 'Target 1'
compiling mylib.c...
linking...
Program Size: Code=10276 RO-data=268 RW-data=68 ZI-data=1028  
".\uvproj.axf" - 0 Errors, 0 Warning(s).
Load "C:\\Users\\PlanC\\Documents\\Github\\Practical-Training-Neusoft-Tianjin\\10.12\\uvproj.axf" 
Full Chip Erase Done.
Programming Done.
Verify OK.
Application running ...
Build target 'Target 1'
compiling mylib.c...
linking...
Program Size: Code=10292 RO-data=268 RW-data=68 ZI-data=1028  
".\uvproj.axf" - 0 Errors, 0 Warning(s).
Load "C:\\Users\\PlanC\\Documents\\Github\\Practical-Training-Neusoft-Tianjin\\10.12\\uvproj.axf" 
Full Chip Erase Done.
Programming Done.
Verify OK.
Application running ...
Build target 'Target 1'
compiling mylib.c...
linking...
Program Size: Code=10324 RO-data=268 RW-data=68 ZI-data=1028  
".\uvproj.axf" - 0 Errors, 0 Warning(s).
Load "C:\\Users\\PlanC\\Documents\\Github\\Practical-Training-Neusoft-Tianjin\\10.12\\uvproj.axf" 
Full Chip Erase Done.
Programming Done.
Verify OK.
Application running ...
Build target 'Target 1'
compiling mylib.c...
linking...
Program Size: Code=10344 RO-data=268 RW-data=68 ZI-data=1028  
".\uvproj.axf" - 0 Errors, 0 Warning(s).
Load "C:\\Users\\PlanC\\Documents\\Github\\Practical-Training-Neusoft-Tianjin\\10.12\\uvproj.axf" 
Full Chip Erase Done.
Programming Done.
Verify OK.
Application running ...
Build target 'Target 1'
compiling main.c...
compiling mylib.c...
linking...
Program Size: Code=10392 RO-data=268 RW-data=68 ZI-data=1028  
".\uvproj.axf" - 0 Errors, 0 Warning(s).
Build target 'Target 1'
compiling mylib.c...
linking...
Program Size: Code=10392 RO-data=268 RW-data=68 ZI-data=1028  
".\uvproj.axf" - 0 Errors, 0 Warning(s).
Load "C:\\Users\\PlanC\\Documents\\Github\\Practical-Training-Neusoft-Tianjin\\10.12\\uvproj.axf" 
Full Chip Erase Done.
Programming Done.
Verify OK.
Application running ...
Build target 'Target 1'
compiling mylib.c...
linking...
Program Size: Code=9524 RO-data=268 RW-data=52 ZI-data=1028  
".\uvproj.axf" - 0 Errors, 0 Warning(s).
Build target 'Target 1'
compiling main.c...
compiling mylib.c...
linking...
Program Size: Code=9600 RO-data=268 RW-data=52 ZI-data=1028  
".\uvproj.axf" - 0 Errors, 0 Warning(s).
Build target 'Target 1'
compiling main.c...
compiling mylib.c...
linking...
Program Size: Code=9604 RO-data=268 RW-data=52 ZI-data=1028  
".\uvproj.axf" - 0 Errors, 0 Warning(s).
Load "C:\\Users\\PlanC\\Documents\\Github\\Practical-Training-Neusoft-Tianjin\\10.12\\uvproj.axf" 
Full Chip Erase Done.
Programming Done.
Verify OK.
Application running ...
Build target 'Target 1'
compiling main.c...
linking...
Program Size: Code=9612 RO-data=268 RW-data=52 ZI-data=1028  
".\uvproj.axf" - 0 Errors, 0 Warning(s).
Load "C:\\Users\\PlanC\\Documents\\Github\\Practical-Training-Neusoft-Tianjin\\10.12\\uvproj.axf" 
Full Chip Erase Done.
Programming Done.
Verify OK.
Application running ...
Build target 'Target 1'
compiling main.c...
linking...
Program Size: Code=9604 RO-data=268 RW-data=52 ZI-data=1028  
".\uvproj.axf" - 0 Errors, 0 Warning(s).
Load "C:\\Users\\PlanC\\Documents\\Github\\Practical-Training-Neusoft-Tianjin\\10.12\\uvproj.axf" 
Full Chip Erase Done.
Programming Done.
Verify OK.
Application running ...
Build target 'Target 1'
compiling main.c...
linking...
Program Size: Code=6376 RO-data=268 RW-data=52 ZI-data=1028  
".\uvproj.axf" - 0 Errors, 0 Warning(s).
Load "C:\\Users\\PlanC\\Documents\\Github\\Practical-Training-Neusoft-Tianjin\\10.12\\uvproj.axf" 
Full Chip Erase Done.
Programming Done.
Verify OK.
Application running ...
Build target 'Target 1'
linking...
Program Size: Code=6376 RO-data=268 RW-data=52 ZI-data=1028  
".\uvproj.axf" - 0 Errors, 0 Warning(s).
Load "C:\\Users\\PlanC\\Documents\\Github\\Practical-Training-Neusoft-Tianjin\\10.12\\uvproj.axf" 
Full Chip Erase Done.
Programming Done.
Verify OK.
Application running ...
Build target 'Target 1'
compiling main.c...
linking...
Program Size: Code=6376 RO-data=268 RW-data=52 ZI-data=1028  
".\uvproj.axf" - 0 Errors, 0 Warning(s).
Load "C:\\Users\\PlanC\\Documents\\Github\\Practical-Training-Neusoft-Tianjin\\10.12\\uvproj.axf" 
Full Chip Erase Done.
Programming Done.
Verify OK.
Application running ...
Build target 'Target 1'
compiling main.c...
linking...
Program Size: Code=6376 RO-data=268 RW-data=52 ZI-data=1028  
".\uvproj.axf" - 0 Errors, 0 Warning(s).
Load "C:\\Users\\PlanC\\Documents\\Github\\Practical-Training-Neusoft-Tianjin\\10.12\\uvproj.axf" 
Full Chip Erase Done.
Programming Done.
Verify OK.
Application running ...
Build target 'Target 1'
compiling main.c...
linking...
Program Size: Code=6376 RO-data=268 RW-data=52 ZI-data=1028  
".\uvproj.axf" - 0 Errors, 0 Warning(s).
Build target 'Target 1'
compiling main.c...
linking...
Program Size: Code=6376 RO-data=268 RW-data=52 ZI-data=1028  
".\uvproj.axf" - 0 Errors, 0 Warning(s).
Load "C:\\Users\\PlanC\\Documents\\Github\\Practical-Training-Neusoft-Tianjin\\10.12\\uvproj.axf" 
Full Chip Erase Done.
Programming Done.
Verify OK.
Application running ...
Build target 'Target 1'
compiling main.c...
linking...
Program Size: Code=10032 RO-data=268 RW-data=52 ZI-data=1028  
".\uvproj.axf" - 0 Errors, 0 Warning(s).
Load "C:\\Users\\PlanC\\Documents\\Github\\Practical-Training-Neusoft-Tianjin\\10.12\\uvproj.axf" 
Full Chip Erase Done.
Programming Done.
Verify OK.
Application running ...
Build target 'Target 1'
linking...
Program Size: Code=10032 RO-data=268 RW-data=52 ZI-data=1028  
".\uvproj.axf" - 0 Errors, 0 Warning(s).
Build target 'Target 1'
compiling main.c...
linking...
Program Size: Code=10044 RO-data=268 RW-data=52 ZI-data=1028  
".\uvproj.axf" - 0 Errors, 0 Warning(s).
Load "C:\\Users\\PlanC\\Documents\\Github\\Practical-Training-Neusoft-Tianjin\\10.12\\uvproj.axf" 
Full Chip Erase Done.
Programming Done.
Verify OK.
Application running ...
Build target 'Target 1'
compiling main.c...
linking...
Program Size: Code=10032 RO-data=268 RW-data=52 ZI-data=1028  
".\uvproj.axf" - 0 Errors, 0 Warning(s).
Build target 'Target 1'
compiling main.c...
linking...
Program Size: Code=6400 RO-data=268 RW-data=52 ZI-data=1028  
".\uvproj.axf" - 0 Errors, 0 Warning(s).
Load "C:\\Users\\PlanC\\Documents\\Github\\Practical-Training-Neusoft-Tianjin\\10.12\\uvproj.axf" 
Full Chip Erase Done.
Programming Done.
Verify OK.
Application running ...
Build target 'Target 1'
compiling main.c...
linking...
Program Size: Code=9900 RO-data=268 RW-data=52 ZI-data=1028  
".\uvproj.axf" - 0 Errors, 0 Warning(s).
Load "C:\\Users\\PlanC\\Documents\\Github\\Practical-Training-Neusoft-Tianjin\\10.12\\uvproj.axf" 
Full Chip Erase Done.
Programming Done.
Verify OK.
Application running ...
Build target 'Target 1'
compiling main.c...
linking...
Program Size: Code=9916 RO-data=268 RW-data=52 ZI-data=1028  
".\uvproj.axf" - 0 Errors, 0 Warning(s).
Load "C:\\Users\\PlanC\\Documents\\Github\\Practical-Training-Neusoft-Tianjin\\10.12\\uvproj.axf" 
Full Chip Erase Done.
Programming Done.
Verify OK.
Application running ...
Build target 'Target 1'
compiling main.c...
linking...
Program Size: Code=9924 RO-data=268 RW-data=52 ZI-data=1028  
".\uvproj.axf" - 0 Errors, 0 Warning(s).
Load "C:\\Users\\PlanC\\Documents\\Github\\Practical-Training-Neusoft-Tianjin\\10.12\\uvproj.axf" 
Full Chip Erase Done.
Programming Done.
Verify OK.
Application running ...
Build target 'Target 1'
compiling main.c...
compiling mylib.c...
linking...
Program Size: Code=9936 RO-data=268 RW-data=52 ZI-data=1028  
".\uvproj.axf" - 0 Errors, 0 Warning(s).
Load "C:\\Users\\PlanC\\Documents\\Github\\Practical-Training-Neusoft-Tianjin\\10.12\\uvproj.axf" 
Full Chip Erase Done.
Programming Done.
Verify OK.
Application running ...
Build target 'Target 1'
compiling main.c...
linking...
Program Size: Code=9936 RO-data=268 RW-data=52 ZI-data=1028  
".\uvproj.axf" - 0 Errors, 0 Warning(s).
Load "C:\\Users\\PlanC\\Documents\\Github\\Practical-Training-Neusoft-Tianjin\\10.12\\uvproj.axf" 
Full Chip Erase Done.
Programming Done.
Verify OK.
Application running ...
Build target 'Target 1'
compiling main.c...
linking...
Program Size: Code=10064 RO-data=268 RW-data=52 ZI-data=1028  
".\uvproj.axf" - 0 Errors, 0 Warning(s).
Load "C:\\Users\\PlanC\\Documents\\Github\\Practical-Training-Neusoft-Tianjin\\10.12\\uvproj.axf" 
Full Chip Erase Done.
Programming Done.
Verify OK.
Application running ...
Build target 'Target 1'
compiling main.c...
linking...
Program Size: Code=10060 RO-data=268 RW-data=52 ZI-data=1028  
".\uvproj.axf" - 0 Errors, 0 Warning(s).
Load "C:\\Users\\PlanC\\Documents\\Github\\Practical-Training-Neusoft-Tianjin\\10.12\\uvproj.axf" 
Full Chip Erase Done.
Programming Done.
Verify OK.
Application running ...
