<html>
<body>
<pre>
<h1>µVision Build Log</h1>
<h2>Project:</h2>
C:\Users\PlanC\Documents\Github\Practical-Training-Neusoft-Tianjin\10.12\uvproj.uvproj
Project File Date:  10/15/2020

<h2>Output:</h2>
Build target 'Target 1'
compiling mylib.c...
linking...
Program Size: Code=6180 RO-data=372 RW-data=60 ZI-data=1028  
".\uvproj.axf" - 0 Errors, 0 Warning(s).
Load "C:\\Users\\PlanC\\Documents\\Github\\Practical-Training-Neusoft-Tianjin\\10.12\\uvproj.axf" 
Full Chip Erase Done.
Programming Done.
Verify OK.
Application running ...
Rebuild target 'Target 1'
compiling core_cm3.c...
compiling stm32f10x_it.c...
lib\CMSIS\CM3\DeviceSupport\ST\STM32F10x\stm32f10x_it.c(63): warning:  #223-D: function "printf" declared implicitly
compiling system_stm32f10x.c...
".\uvproj.axf" - 0 Errors, 1 Warning(s).
Project build/rebuild aborted.
Build target 'Target 1'
linking...
Program Size: Code=6196 RO-data=372 RW-data=60 ZI-data=1028  
".\uvproj.axf" - 0 Errors, 0 Warning(s).
Load "C:\\Users\\PlanC\\Documents\\Github\\Practical-Training-Neusoft-Tianjin\\10.12\\uvproj.axf" 
Full Chip Erase Done.
Programming Done.
Verify OK.
Application running ...
Load "C:\\Users\\PlanC\\Documents\\Github\\Practical-Training-Neusoft-Tianjin\\10.12\\uvproj.axf" 
Full Chip Erase Done.
Programming Done.
Verify OK.
Application running ...
Build target 'Target 1'
compiling stm32f10x_it.c...
lib\CMSIS\CM3\DeviceSupport\ST\STM32F10x\stm32f10x_it.c(61): warning:  #223-D: function "printf" declared implicitly
linking...
Program Size: Code=6196 RO-data=372 RW-data=60 ZI-data=1028  
".\uvproj.axf" - 0 Errors, 1 Warning(s).
Load "C:\\Users\\PlanC\\Documents\\Github\\Practical-Training-Neusoft-Tianjin\\10.12\\uvproj.axf" 
Full Chip Erase Done.
Programming Done.
Verify OK.
Application running ...
Build target 'Target 1'
compiling mylib.c...
linking...
Program Size: Code=6196 RO-data=372 RW-data=60 ZI-data=1028  
".\uvproj.axf" - 0 Errors, 0 Warning(s).
Load "C:\\Users\\PlanC\\Documents\\Github\\Practical-Training-Neusoft-Tianjin\\10.12\\uvproj.axf" 
Full Chip Erase Done.
Programming Done.
Verify OK.
Application running ...
Build target 'Target 1'
compiling mylib.c...
linking...
Program Size: Code=6196 RO-data=372 RW-data=60 ZI-data=1028  
".\uvproj.axf" - 0 Errors, 0 Warning(s).
Load "C:\\Users\\PlanC\\Documents\\Github\\Practical-Training-Neusoft-Tianjin\\10.12\\uvproj.axf" 
Full Chip Erase Done.
Programming Done.
Verify OK.
Application running ...
Build target 'Target 1'
compiling mylib.c...
linking...
Program Size: Code=6196 RO-data=372 RW-data=60 ZI-data=1028  
".\uvproj.axf" - 0 Errors, 0 Warning(s).
Load "C:\\Users\\PlanC\\Documents\\Github\\Practical-Training-Neusoft-Tianjin\\10.12\\uvproj.axf" 
Full Chip Erase Done.
Programming Done.
Verify OK.
Application running ...
Build target 'Target 1'
compiling mylib.c...
linking...
Program Size: Code=6200 RO-data=372 RW-data=60 ZI-data=1028  
".\uvproj.axf" - 0 Errors, 0 Warning(s).
Load "C:\\Users\\PlanC\\Documents\\Github\\Practical-Training-Neusoft-Tianjin\\10.12\\uvproj.axf" 
Full Chip Erase Done.
Programming Done.
Verify OK.
Application running ...
