ARM Linker, 5.03 [Build 76] [MDK-ARM Standard]

==============================================================================

Section Cross References

    startup_stm32f10x_md.o(RESET) refers to startup_stm32f10x_md.o(STACK) for __initial_sp
    startup_stm32f10x_md.o(RESET) refers to startup_stm32f10x_md.o(.text) for Reset_Handler
    startup_stm32f10x_md.o(RESET) refers to stm32f10x_it.o(.text) for NMI_Handler
    startup_stm32f10x_md.o(RESET) refers to os_cpu_a.o(.text) for OS_CPU_PendSVHandler
    startup_stm32f10x_md.o(.text) refers to system_stm32f10x.o(.text) for SystemInit
    startup_stm32f10x_md.o(.text) refers to entry.o(.ARM.Collect$$$$00000000) for __main
    stm32f10x_it.o(.text) refers to delay.o(.data) for timer
    system_stm32f10x.o(.text) refers to system_stm32f10x.o(.data) for SystemCoreClock
    stm32f10x_adc.o(.text) refers to stm32f10x_rcc.o(.text) for RCC_APB2PeriphResetCmd
    stm32f10x_bkp.o(.text) refers to stm32f10x_rcc.o(.text) for RCC_BackupResetCmd
    stm32f10x_can.o(.text) refers to stm32f10x_rcc.o(.text) for RCC_APB1PeriphResetCmd
    stm32f10x_cec.o(.text) refers to stm32f10x_rcc.o(.text) for RCC_APB1PeriphResetCmd
    stm32f10x_dac.o(.text) refers to stm32f10x_rcc.o(.text) for RCC_APB1PeriphResetCmd
    stm32f10x_gpio.o(.text) refers to stm32f10x_rcc.o(.text) for RCC_APB2PeriphResetCmd
    stm32f10x_i2c.o(.text) refers to stm32f10x_rcc.o(.text) for RCC_APB1PeriphResetCmd
    stm32f10x_pwr.o(.text) refers to stm32f10x_rcc.o(.text) for RCC_APB1PeriphResetCmd
    stm32f10x_rcc.o(.text) refers to stm32f10x_rcc.o(.data) for APBAHBPrescTable
    stm32f10x_spi.o(.text) refers to stm32f10x_rcc.o(.text) for RCC_APB2PeriphResetCmd
    stm32f10x_tim.o(.text) refers to stm32f10x_rcc.o(.text) for RCC_APB2PeriphResetCmd
    stm32f10x_usart.o(.text) refers to stm32f10x_rcc.o(.text) for RCC_APB2PeriphResetCmd
    stm32f10x_wwdg.o(.text) refers to stm32f10x_rcc.o(.text) for RCC_APB1PeriphResetCmd
    main.o(.text) refers to stm32f10x_gpio.o(.text) for GPIO_SetBits
    main.o(.text) refers to bsp_oled.o(.text) for Delay_us
    main.o(.text) refers to bsp.o(.text) for BSP_Init
    main.o(.text) refers to dht11.o(.text) for DHT_read
    main.o(.text) refers to bh1750.o(.text) for LIght_Intensity
    main.o(.text) refers to ffixi.o(.text) for __aeabi_f2iz
    main.o(.text) refers to main.o(.data) for char_H
    main.o(.text) refers to delay.o(.text) for delay_ms
    app.o(.text) refers to dht11.o(.text) for DHT_read
    app.o(.text) refers to os_sem.o(.text) for OSSemPost
    app.o(.text) refers to printf1.o(i.__0printf$1) for __2printf
    app.o(.text) refers to os_time.o(.text) for OSTimeDlyHMSM
    app.o(.text) refers to stm32f10x_usart.o(.text) for USART_GetFlagStatus
    app.o(.text) refers to main.o(.data) for DHT11_data
    app.o(.text) refers to main.o(.bss) for DHT11_sem
    dht11.o(.text) refers to delay.o(.text) for delay_us
    bsp.o(.text) refers to bsp_oled.o(.text) for OLED_Init
    bsp.o(.text) refers to ledandkey.o(.text) for Motor_Configuration
    bsp.o(.text) refers to bsp_i2c.o(.text) for I2C1_Init
    bsp.o(.text) refers to bh1750.o(.text) for IIC1_Configuration
    bsp.o(.text) refers to stm32f10x_rcc.o(.text) for RCC_APB2PeriphClockCmd
    ledandkey.o(.text) refers to stm32f10x_rcc.o(.text) for RCC_APB2PeriphClockCmd
    ledandkey.o(.text) refers to stm32f10x_gpio.o(.text) for GPIO_Init
    ledandkey.o(.text) refers to ledandkey.o(.data) for GPIO_InitStructure
    bsp_oled.o(.text) refers to stm32f10x_gpio.o(.text) for GPIO_SetBits
    bsp_oled.o(.text) refers to stm32f10x_rcc.o(.text) for RCC_APB2PeriphClockCmd
    bsp_oled.o(.text) refers to delay.o(.data) for timer
    bsp_i2c.o(.text) refers to system_stm32f10x.o(.data) for SystemCoreClock
    delay.o(.text) refers to delay.o(.data) for timer
    bmp180.o(.text) refers to bsp_i2c.o(.text) for I2C1_Start
    bmp180.o(.text) refers to delay.o(.text) for delay_us
    bmp180.o(.text) refers to dfixi.o(.text) for __aeabi_d2iz
    bmp180.o(.text) refers to dflti.o(.text) for __aeabi_i2d
    bmp180.o(.text) refers to ddiv.o(.text) for __aeabi_ddiv
    bmp180.o(.text) refers to pow.o(i.pow) for pow
    bmp180.o(.text) refers to dadd.o(.text) for __aeabi_drsub
    bmp180.o(.text) refers to dmul.o(.text) for __aeabi_dmul
    bmp180.o(.text) refers to bmp180.o(.data) for cal_AC6
    bh1750.o(.text) refers to stm32f10x_rcc.o(.text) for RCC_APB2PeriphClockCmd
    bh1750.o(.text) refers to stm32f10x_gpio.o(.text) for GPIO_Init
    bh1750.o(.text) refers to delay.o(.text) for delay_us
    bh1750.o(.text) refers to ffltui.o(.text) for __aeabi_ui2f
    bh1750.o(.text) refers to fdiv.o(.text) for __aeabi_fdiv
    sys.o(.text) refers to misc.o(.text) for NVIC_PriorityGroupConfig
    os_cfg_app.o(.text) refers to os_cfg_app.o(.constdata) for OSCfg_DataSizeRAM
    os_cfg_app.o(.constdata) refers to os_cfg_app.o(.bss) for OSCfg_IdleTaskStk
    os_core.o(.text) refers to cpu_a.o(.text) for CPU_SR_Save
[...]
    printfa.o(i._fp_digits) refers to uldiv.o(.text) for __aeabi_uldivmod
    printfa.o(i._printf_core) refers (Special) to iusefp.o(.text) for __I$use$fp
    printfa.o(i._printf_core) refers to printfa.o(i._printf_pre_padding) for _printf_pre_padding
    printfa.o(i._printf_core) refers to uldiv.o(.text) for __aeabi_uldivmod
    printfa.o(i._printf_core) refers to printfa.o(i._printf_post_padding) for _printf_post_padding
    printfa.o(i._printf_core) refers to printfa.o(i._fp_digits) for _fp_digits
    printfa.o(i._printf_core) refers to uidiv.o(.text) for __aeabi_uidivmod
    printfa.o(i._printf_post_padding) refers (Special) to iusefp.o(.text) for __I$use$fp
    printfa.o(i._printf_pre_padding) refers (Special) to iusefp.o(.text) for __I$use$fp
    printfa.o(i._snputc) refers (Special) to iusefp.o(.text) for __I$use$fp
    printfa.o(i._sputc) refers (Special) to iusefp.o(.text) for __I$use$fp
    fdiv.o(.text) refers (Special) to iusefp.o(.text) for __I$use$fp
    fdiv.o(.text) refers to fepilogue.o(.text) for _float_round
    dadd.o(.text) refers (Special) to iusefp.o(.text) for __I$use$fp
    dadd.o(.text) refers to llshl.o(.text) for __aeabi_llsl
    dadd.o(.text) refers to llsshr.o(.text) for __aeabi_lasr
    dadd.o(.text) refers to depilogue.o(.text) for _double_epilogue
    dmul.o(.text) refers (Special) to iusefp.o(.text) for __I$use$fp
    dmul.o(.text) refers to depilogue.o(.text) for _double_epilogue
    ddiv.o(.text) refers (Special) to iusefp.o(.text) for __I$use$fp
    ddiv.o(.text) refers to depilogue.o(.text) for _double_round
    ffltui.o(.text) refers (Special) to iusefp.o(.text) for __I$use$fp
    ffltui.o(.text) refers to fepilogue.o(.text) for _float_epilogue
    dflti.o(.text) refers (Special) to iusefp.o(.text) for __I$use$fp
    dflti.o(.text) refers to depilogue.o(.text) for _double_epilogue
    ffixi.o(.text) refers (Special) to iusefp.o(.text) for __I$use$fp
    dfixi.o(.text) refers (Special) to iusefp.o(.text) for __I$use$fp
    dfixi.o(.text) refers to llushr.o(.text) for __aeabi_llsr
    dunder.o(i.__mathlib_dbl_underflow) refers to dscalb.o(.text) for __ARM_scalbn
    fpclassify.o(i.__ARM_fpclassify) refers (Special) to iusefp.o(.text) for __I$use$fp
    poly.o(i.__kernel_poly) refers (Special) to iusefp.o(.text) for __I$use$fp
    poly.o(i.__kernel_poly) refers to dmul.o(.text) for __aeabi_dmul
    poly.o(i.__kernel_poly) refers to dadd.o(.text) for __aeabi_dadd
    qnan.o(.constdata) refers (Special) to iusefp.o(.text) for __I$use$fp
    sqrt.o(i.__softfp_sqrt) refers (Special) to iusefp.o(.text) for __I$use$fp
    sqrt.o(i.__softfp_sqrt) refers to dsqrt.o(.text) for _dsqrt
    sqrt.o(i.__softfp_sqrt) refers to errno.o(i.__set_errno) for __set_errno
    sqrt.o(i.sqrt) refers (Special) to iusefp.o(.text) for __I$use$fp
    sqrt.o(i.sqrt) refers to dsqrt.o(.text) for _dsqrt
    sqrt.o(i.sqrt) refers to errno.o(i.__set_errno) for __set_errno
    sqrt_x.o(i.____softfp_sqrt$lsc) refers (Special) to iusefp.o(.text) for __I$use$fp
    sqrt_x.o(i.____softfp_sqrt$lsc) refers to cdcmple.o(.text) for __aeabi_cdcmple
    sqrt_x.o(i.____softfp_sqrt$lsc) refers to errno.o(i.__set_errno) for __set_errno
    sqrt_x.o(i.____softfp_sqrt$lsc) refers to dsqrt.o(.text) for _dsqrt
    sqrt_x.o(i.__sqrt$lsc) refers (Special) to iusefp.o(.text) for __I$use$fp
    sqrt_x.o(i.__sqrt$lsc) refers to cdcmple.o(.text) for __aeabi_cdcmple
    sqrt_x.o(i.__sqrt$lsc) refers to errno.o(i.__set_errno) for __set_errno
    sqrt_x.o(i.__sqrt$lsc) refers to dsqrt.o(.text) for _dsqrt
    entry2.o(.ARM.Collect$$$$00000001) refers to entry2.o(.ARM.Collect$$$$00002712) for __lit__00000000
    entry2.o(.ARM.Collect$$$$00002712) refers to startup_stm32f10x_md.o(STACK) for __initial_sp
    entry2.o(__vectab_stack_and_reset_area) refers to startup_stm32f10x_md.o(STACK) for __initial_sp
    entry2.o(__vectab_stack_and_reset_area) refers to entry.o(.ARM.Collect$$$$00000000) for __main
    entry5.o(.ARM.Collect$$$$00000004) refers to init.o(.text) for __scatterload
    entry9a.o(.ARM.Collect$$$$0000000B) refers to main.o(.text) for main
    entry9b.o(.ARM.Collect$$$$0000000C) refers to main.o(.text) for main
    uldiv.o(.text) refers to llushr.o(.text) for __aeabi_llsr
    uldiv.o(.text) refers to llshl.o(.text) for __aeabi_llsl
    errno.o(i.__aeabi_errno_addr) refers to errno.o(.data) for .data
    errno.o(i.__read_errno) refers to errno.o(.data) for .data
    errno.o(i.__set_errno) refers to errno.o(.data) for .data
    depilogue.o(.text) refers to llshl.o(.text) for __aeabi_llsl
    depilogue.o(.text) refers to llushr.o(.text) for __aeabi_llsr
    dfixul.o(.text) refers to llushr.o(.text) for __aeabi_llsr
    dfixul.o(.text) refers to llshl.o(.text) for __aeabi_llsl
    init.o(.text) refers to entry5.o(.ARM.Collect$$$$00000004) for __main_after_scatterload
    dsqrt.o(.text) refers to llushr.o(.text) for __aeabi_llsr
    dsqrt.o(.text) refers to depilogue.o(.text) for _double_round


==============================================================================

Removing Unused input sections from the image.

    Removing startup_stm32f10x_md.o(HEAP), (512 bytes).
    Removing core_cm3.o(.emb_text), (32 bytes).
    Removing misc.o(.text), (220 bytes).
    Removing stm32f10x_adc.o(.text), (1102 bytes).
    Removing stm32f10x_bkp.o(.text), (196 bytes).
    Removing stm32f10x_can.o(.text), (2540 bytes).
    Removing stm32f10x_cec.o(.text), (288 bytes).
    Removing stm32f10x_crc.o(.text), (72 bytes).
    Removing stm32f10x_dac.o(.text), (396 bytes).
    Removing stm32f10x_dbgmcu.o(.text), (48 bytes).
    Removing stm32f10x_dma.o(.text), (592 bytes).
    Removing stm32f10x_exti.o(.text), (284 bytes).
    Removing stm32f10x_flash.o(.text), (1468 bytes).
    Removing stm32f10x_fsmc.o(.text), (1560 bytes).
    Removing stm32f10x_i2c.o(.text), (1028 bytes).
    Removing stm32f10x_iwdg.o(.text), (64 bytes).
    Removing stm32f10x_pwr.o(.text), (204 bytes).
    Removing stm32f10x_rtc.o(.text), (324 bytes).
    Removing stm32f10x_sdio.o(.text), (472 bytes).
    Removing stm32f10x_spi.o(.text), (780 bytes).
    Removing stm32f10x_tim.o(.text), (3610 bytes).
    Removing stm32f10x_usart.o(.text), (1032 bytes).
    Removing stm32f10x_wwdg.o(.text), (136 bytes).
    Removing main.o(.bss), (1336 bytes).
    Removing app.o(.text), (240 bytes).
    Removing bmp180.o(.text), (1048 bytes).
    Removing bmp180.o(.data), (22 bytes).
    Removing sys.o(.text), (12 bytes).
    Removing os_pend_multi.o(.text), (772 bytes).
    Removing lib_ascii.o(.text), (598 bytes).
    Removing lib_math.o(.text), (128 bytes).
    Removing lib_math.o(.data), (4 bytes).
    Removing lib_mem.o(.text), (446 bytes).
    Removing lib_str.o(.text), (2264 bytes).
    Removing lib_str.o(.constdata), (148 bytes).
    Removing cpu_c.o(.text), (1916 bytes).
    Removing cpu_core.o(.text), (6 bytes).
    Removing os_app_hooks.o(.text), (20 bytes).
    Removing dadd.o(.text), (334 bytes).
    Removing dmul.o(.text), (228 bytes).
    Removing ddiv.o(.text), (222 bytes).
    Removing dflti.o(.text), (34 bytes).
    Removing dfixi.o(.text), (62 bytes).
    Removing depilogue.o(.text), (190 bytes).
    Removing dscalb.o(.text), (46 bytes).
    Removing dfixul.o(.text), (48 bytes).
    Removing cdrcmple.o(.text), (40 bytes).
    Removing dsqrt.o(.text), (162 bytes).
    Removing cdcmple.o(.text), (40 bytes).

49 unused section(s) (total 27326 bytes) removed from the image.

==============================================================================

Image Symbol Table

    Local Symbols

    Symbol Name                              Value     Ov Type        Size  Object(Section)

    ../clib/../cmprslib/zerorunl2.c          0x00000000   Number         0  __dczerorl2.o ABSOLUTE
    ../clib/microlib/division.c              0x00000000   Number         0  uldiv.o ABSOLUTE
    ../clib/microlib/division.c              0x00000000   Number         0  uidiv.o ABSOLUTE
    ../clib/microlib/errno.c                 0x00000000   Number         0  errno.o ABSOLUTE
    ../clib/microlib/init/entry.s            0x00000000   Number         0  entry8b.o ABSOLUTE
    ../clib/microlib/init/entry.s            0x00000000   Number         0  entry2.o ABSOLUTE
    ../clib/microlib/init/entry.s            0x00000000   Number         0  entry5.o ABSOLUTE
    ../clib/microlib/init/entry.s            0x00000000   Number         0  entry7a.o ABSOLUTE
    ../clib/microlib/init/entry.s            0x00000000   Number         0  entry7b.o ABSOLUTE
    ../clib/microlib/init/entry.s            0x00000000   Number         0  entry8a.o ABSOLUTE
    ../clib/microlib/init/entry.s            0x00000000   Number         0  entry.o ABSOLUTE
    ../clib/microlib/init/entry.s            0x00000000   Number         0  entry9a.o ABSOLUTE
    ../clib/microlib/init/entry.s            0x00000000   Number         0  entry9b.o ABSOLUTE
    ../clib/microlib/init/entry.s            0x00000000   Number         0  entry10a.o ABSOLUTE
    ../clib/microlib/init/entry.s            0x00000000   Number         0  entry10b.o ABSOLUTE
    ../clib/microlib/init/entry.s            0x00000000   Number         0  entry11a.o ABSOLUTE
    ../clib/microlib/init/entry.s            0x00000000   Number         0  entry11b.o ABSOLUTE
    ../clib/microlib/longlong.c              0x00000000   Number         0  llshl.o ABSOLUTE
    ../clib/microlib/longlong.c              0x00000000   Number         0  llushr.o ABSOLUTE
    ../clib/microlib/longlong.c              0x00000000   Number         0  llsshr.o ABSOLUTE
    ../clib/microlib/printf/printf.c         0x00000000   Number         0  printf7.o ABSOLUTE
    ../clib/microlib/printf/printf.c         0x00000000   Number         0  printfa.o ABSOLUTE
    ../clib/microlib/printf/printf.c         0x00000000   Number         0  printf8.o ABSOLUTE
    ../clib/microlib/printf/printf.c         0x00000000   Number         0  printf6.o ABSOLUTE
    ../clib/microlib/printf/printf.c         0x00000000   Number         0  printf5.o ABSOLUTE
    ../clib/microlib/printf/printf.c         0x00000000   Number         0  printf4.o ABSOLUTE
    ../clib/microlib/printf/printf.c         0x00000000   Number         0  printf3.o ABSOLUTE
    ../clib/microlib/printf/printf.c         0x00000000   Number         0  printf2.o ABSOLUTE
    ../clib/microlib/printf/printf.c         0x00000000   Number         0  printf1.o ABSOLUTE
    ../clib/microlib/printf/printf.c         0x00000000   Number         0  printf0.o ABSOLUTE
    ../clib/microlib/printf/printf.c         0x00000000   Number         0  printfb.o ABSOLUTE
    ../clib/microlib/printf/stubs.s          0x00000000   Number         0  stubs.o ABSOLUTE
    ../clib/microlib/stdio/streams.c         0x00000000   Number         0  stdout.o ABSOLUTE
    ../clib/microlib/stubs.s                 0x00000000   Number         0  iusefp.o ABSOLUTE
    ../fplib/microlib/fpadd.c                0x00000000   Number         0  dadd.o ABSOLUTE
    ../fplib/microlib/fpdiv.c                0x00000000   Number         0  ddiv.o ABSOLUTE
    ../fplib/microlib/fpdiv.c                0x00000000   Number         0  fdiv.o ABSOLUTE
    ../fplib/microlib/fpepilogue.c           0x00000000   Number         0  depilogue.o ABSOLUTE
    ../fplib/microlib/fpepilogue.c           0x00000000   Number         0  fepilogue.o ABSOLUTE
    ../fplib/microlib/fpfix.c                0x00000000   Number         0  dfixul.o ABSOLUTE
    ../fplib/microlib/fpfix.c                0x00000000   Number         0  dfixi.o ABSOLUTE
    ../fplib/microlib/fpfix.c                0x00000000   Number         0  ffixi.o ABSOLUTE
    ../fplib/microlib/fpflt.c                0x00000000   Number         0  ffltui.o ABSOLUTE
    ../fplib/microlib/fpflt.c                0x00000000   Number         0  dflti.o ABSOLUTE
    ../fplib/microlib/fpmul.c                0x00000000   Number         0  dmul.o ABSOLUTE
    ../fplib/microlib/fpscalb.c              0x00000000   Number         0  dscalb.o ABSOLUTE
    ../fplib/microlib/fpsqrt.c               0x00000000   Number         0  dsqrt.o ABSOLUTE
    ../mathlib/dunder.c                      0x00000000   Number         0  dunder.o ABSOLUTE
    ../mathlib/fpclassify.c                  0x00000000   Number         0  fpclassify.o ABSOLUTE
    ../mathlib/poly.c                        0x00000000   Number         0  poly.o ABSOLUTE
    ../mathlib/pow.c                         0x00000000   Number         0  pow_x.o ABSOLUTE
    ../mathlib/pow.c                         0x00000000   Number         0  pow.o ABSOLUTE
    ../mathlib/qnan.c                        0x00000000   Number         0  qnan.o ABSOLUTE
    ../mathlib/sqrt.c                        0x00000000   Number         0  sqrt_x.o ABSOLUTE
    ../mathlib/sqrt.c                        0x00000000   Number         0  sqrt.o ABSOLUTE
    ..\..\App\BH1750.c                       0x00000000   Number         0  bh1750.o ABSOLUTE
    ..\..\App\app.c                          0x00000000   Number         0  app.o ABSOLUTE
    ..\..\App\bmp180.c                       0x00000000   Number         0  bmp180.o ABSOLUTE
    ..\..\App\bsp_i2c.c                      0x00000000   Number         0  bsp_i2c.o ABSOLUTE
    ..\..\App\bsp_oled.c                     0x00000000   Number         0  bsp_oled.o ABSOLUTE
    ..\..\App\delay.c                        0x00000000   Number         0  delay.o ABSOLUTE
    ..\..\App\dht11.c                        0x00000000   Number         0  dht11.o ABSOLUTE
    ..\..\App\gy30.c                         0x00000000   Number         0  gy30.o ABSOLUTE
    ..\..\App\sys.c                          0x00000000   Number         0  sys.o ABSOLUTE
    ..\..\Bsp\LedAndKey.c                    0x00000000   Number         0  ledandkey.o ABSOLUTE
    ..\..\Bsp\bsp.c                          0x00000000   Number         0  bsp.o ABSOLUTE
    ..\..\Lib\CMSIS\core_cm3.c               0x00000000   Number         0  core_cm3.o ABSOLUTE
    ..\..\Lib\CMSIS\startup\startup_stm32f10x_md.s 0x00000000   Number         0  startup_stm32f10x_md.o ABSOLUTE
    ..\..\Lib\CMSIS\stm32f10x_it.c           0x00000000   Number         0  stm32f10x_it.o ABSOLUTE
    ..\..\Lib\CMSIS\system_stm32f10x.c       0x00000000   Number         0  system_stm32f10x.o ABSOLUTE
    ..\..\Lib\FWlib\src\misc.c               0x00000000   Number         0  misc.o ABSOLUTE
    ..\..\Lib\FWlib\src\stm32f10x_adc.c      0x00000000   Number         0  stm32f10x_adc.o ABSOLUTE
    ..\..\Lib\FWlib\src\stm32f10x_bkp.c      0x00000000   Number         0  stm32f10x_bkp.o ABSOLUTE
    ..\..\Lib\FWlib\src\stm32f10x_can.c      0x00000000   Number         0  stm32f10x_can.o ABSOLUTE
    ..\..\Lib\FWlib\src\stm32f10x_cec.c      0x00000000   Number         0  stm32f10x_cec.o ABSOLUTE
    ..\..\Lib\FWlib\src\stm32f10x_crc.c      0x00000000   Number         0  stm32f10x_crc.o ABSOLUTE
    ..\..\Lib\FWlib\src\stm32f10x_dac.c      0x00000000   Number         0  stm32f10x_dac.o ABSOLUTE
    ..\..\Lib\FWlib\src\stm32f10x_dbgmcu.c   0x00000000   Number         0  stm32f10x_dbgmcu.o ABSOLUTE
    ..\..\Lib\FWlib\src\stm32f10x_dma.c      0x00000000   Number         0  stm32f10x_dma.o ABSOLUTE
    ..\..\Lib\FWlib\src\stm32f10x_exti.c     0x00000000   Number         0  stm32f10x_exti.o ABSOLUTE
    ..\..\Lib\FWlib\src\stm32f10x_flash.c    0x00000000   Number         0  stm32f10x_flash.o ABSOLUTE
    ..\..\Lib\FWlib\src\stm32f10x_fsmc.c     0x00000000   Number         0  stm32f10x_fsmc.o ABSOLUTE
    ..\..\Lib\FWlib\src\stm32f10x_gpio.c     0x00000000   Number         0  stm32f10x_gpio.o ABSOLUTE
    ..\..\Lib\FWlib\src\stm32f10x_i2c.c      0x00000000   Number         0  stm32f10x_i2c.o ABSOLUTE
    ..\..\Lib\FWlib\src\stm32f10x_iwdg.c     0x00000000   Number         0  stm32f10x_iwdg.o ABSOLUTE
    ..\..\Lib\FWlib\src\stm32f10x_pwr.c      0x00000000   Number         0  stm32f10x_pwr.o ABSOLUTE
    ..\..\Lib\FWlib\src\stm32f10x_rcc.c      0x00000000   Number         0  stm32f10x_rcc.o ABSOLUTE
    ..\..\Lib\FWlib\src\stm32f10x_rtc.c      0x00000000   Number         0  stm32f10x_rtc.o ABSOLUTE
    ..\..\Lib\FWlib\src\stm32f10x_sdio.c     0x00000000   Number         0  stm32f10x_sdio.o ABSOLUTE
    ..\..\Lib\FWlib\src\stm32f10x_spi.c      0x00000000   Number         0  stm32f10x_spi.o ABSOLUTE
    ..\..\Lib\FWlib\src\stm32f10x_tim.c      0x00000000   Number         0  stm32f10x_tim.o ABSOLUTE
    ..\..\Lib\FWlib\src\stm32f10x_usart.c    0x00000000   Number         0  stm32f10x_usart.o ABSOLUTE
    ..\..\Lib\FWlib\src\stm32f10x_wwdg.c     0x00000000   Number         0  stm32f10x_wwdg.o ABSOLUTE
    ..\..\User\main.c                        0x00000000   Number         0  main.o ABSOLUTE
    ..\..\uCOS-III\Cfg\os_app_hooks.c        0x00000000   Number         0  os_app_hooks.o ABSOLUTE
    ..\..\uCOS-III\Ports\os_cpu_a.asm        0x00000000   Number         0  os_cpu_a.o ABSOLUTE
    ..\..\uCOS-III\Ports\os_cpu_c.c          0x00000000   Number         0  os_cpu_c.o ABSOLUTE
    ..\..\uCOS-III\Source\os_cfg_app.c       0x00000000   Number         0  os_cfg_app.o ABSOLUTE
    ..\..\uCOS-III\Source\os_core.c          0x00000000   Number         0  os_core.o ABSOLUTE
    ..\..\uCOS-III\Source\os_dbg.c           0x00000000   Number         0  os_dbg.o ABSOLUTE
    ..\..\uCOS-III\Source\os_flag.c          0x00000000   Number         0  os_flag.o ABSOLUTE
    ..\..\uCOS-III\Source\os_int.c           0x00000000   Number         0  os_int.o ABSOLUTE
    ..\..\uCOS-III\Source\os_mem.c           0x00000000   Number         0  os_mem.o ABSOLUTE
    ..\..\uCOS-III\Source\os_msg.c           0x00000000   Number         0  os_msg.o ABSOLUTE
    ..\..\uCOS-III\Source\os_mutex.c         0x00000000   Number         0  os_mutex.o ABSOLUTE
    ..\..\uCOS-III\Source\os_pend_multi.c    0x00000000   Number         0  os_pend_multi.o ABSOLUTE
    ..\..\uCOS-III\Source\os_prio.c          0x00000000   Number         0  os_prio.o ABSOLUTE
    ..\..\uCOS-III\Source\os_q.c             0x00000000   Number         0  os_q.o ABSOLUTE
    ..\..\uCOS-III\Source\os_sem.c           0x00000000   Number         0  os_sem.o ABSOLUTE
    ..\..\uCOS-III\Source\os_stat.c          0x00000000   Number         0  os_stat.o ABSOLUTE
    ..\..\uCOS-III\Source\os_task.c          0x00000000   Number         0  os_task.o ABSOLUTE
    ..\..\uCOS-III\Source\os_tick.c          0x00000000   Number         0  os_tick.o ABSOLUTE
    ..\..\uCOS-III\Source\os_time.c          0x00000000   Number         0  os_time.o ABSOLUTE
    ..\..\uCOS-III\Source\os_tmr.c           0x00000000   Number         0  os_tmr.o ABSOLUTE
    ..\..\uCOS-III\Source\os_var.c           0x00000000   Number         0  os_var.o ABSOLUTE
    ..\..\uCOS-III\uC-CPU\cpu_a.asm          0x00000000   Number         0  cpu_a.o ABSOLUTE
    ..\..\uCOS-III\uC-CPU\cpu_c.c            0x00000000   Number         0  cpu_c.o ABSOLUTE
    ..\..\uCOS-III\uC-CPU\cpu_core.c         0x00000000   Number         0  cpu_core.o ABSOLUTE
    ..\..\uCOS-III\uC-LIB\lib_ascii.c        0x00000000   Number         0  lib_ascii.o ABSOLUTE
    ..\..\uCOS-III\uC-LIB\lib_math.c         0x00000000   Number         0  lib_math.o ABSOLUTE
    ..\..\uCOS-III\uC-LIB\lib_mem.c          0x00000000   Number         0  lib_mem.o ABSOLUTE
    ..\..\uCOS-III\uC-LIB\lib_str.c          0x00000000   Number         0  lib_str.o ABSOLUTE
    ..\\..\\Lib\\CMSIS\\core_cm3.c           0x00000000   Number         0  core_cm3.o ABSOLUTE
    cdcmple.s                                0x00000000   Number         0  cdcmple.o ABSOLUTE
    cdrcmple.s                               0x00000000   Number         0  cdrcmple.o ABSOLUTE
    dc.s                                     0x00000000   Number         0  dc.o ABSOLUTE
    handlers.s                               0x00000000   Number         0  handlers.o ABSOLUTE
    init.s                                   0x00000000   Number         0  init.o ABSOLUTE
    RESET                                    0x08000000   Section      236  startup_stm32f10x_md.o(RESET)
    .ARM.Collect$$$$00000000                 0x080000ec   Section        0  entry.o(.ARM.Collect$$$$00000000)
    .ARM.Collect$$$$00000001                 0x080000ec   Section        4  entry2.o(.ARM.Collect$$$$00000001)
    .ARM.Collect$$$$00000004                 0x080000f0   Section        4  entry5.o(.ARM.Collect$$$$00000004)
    .ARM.Collect$$$$00000008                 0x080000f4   Section        0  entry7b.o(.ARM.Collect$$$$00000008)
    .ARM.Collect$$$$0000000A                 0x080000f4   Section        0  entry8b.o(.ARM.Collect$$$$0000000A)
    .ARM.Collect$$$$0000000B                 0x080000f4   Section        8  entry9a.o(.ARM.Collect$$$$0000000B)
    .ARM.Collect$$$$0000000D                 0x080000fc   Section        0  entry10a.o(.ARM.Collect$$$$0000000D)
    .ARM.Collect$$$$0000000F                 0x080000fc   Section        0  entry11a.o(.ARM.Collect$$$$0000000F)
    .ARM.Collect$$$$00002712                 0x080000fc   Section        4  entry2.o(.ARM.Collect$$$$00002712)
    __lit__00000000                          0x080000fc   Data           4  entry2.o(.ARM.Collect$$$$00002712)
    .text                                    0x08000100   Section       36  startup_stm32f10x_md.o(.text)
    .text                                    0x08000124   Section        0  stm32f10x_it.o(.text)
    .text                                    0x08000150   Section        0  system_stm32f10x.o(.text)
    SetSysClockTo72                          0x08000151   Thumb Code   212  system_stm32f10x.o(.text)
    SetSysClock                              0x08000225   Thumb Code     8  system_stm32f10x.o(.text)
    .text                                    0x0800032c   Section        0  stm32f10x_gpio.o(.text)
    .text                                    0x08000684   Section        0  stm32f10x_rcc.o(.text)
    .text                                    0x08000a28   Section        0  main.o(.text)
    .text                                    0x08000ea4   Section        0  dht11.o(.text)
    .text                                    0x0800100c   Section        0  bsp.o(.text)
    .text                                    0x0800109c   Section        0  ledandkey.o(.text)
    .text                                    0x0800114c   Section        0  bsp_oled.o(.text)
    .text                                    0x080013a0   Section        0  bsp_i2c.o(.text)
    .text                                    0x08001624   Section        0  delay.o(.text)
    .text                                    0x08001670   Section        0  bh1750.o(.text)
    .text                                    0x08001990   Section        0  os_cfg_app.o(.text)
    .text                                    0x08001a8c   Section        0  os_core.o(.text)
    .text                                    0x080027a0   Section        0  os_dbg.o(.text)
    .text                                    0x0800293c   Section        0  os_flag.o(.text)
    .text                                    0x08003690   Section        0  os_int.o(.text)
    .text                                    0x08003a5c   Section        0  os_mem.o(.text)
    .text                                    0x08003cc8   Section        0  os_msg.o(.text)
    .text                                    0x08003f3c   Section        0  os_prio.o(.text)
    .text                                    0x08003fb8   Section        0  os_q.o(.text)
    .text                                    0x080047d8   Section        0  os_sem.o(.text)
    .text                                    0x08004f0c   Section        0  os_stat.o(.text)
    .text                                    0x08005234   Section        0  os_task.o(.text)
    .text                                    0x08006194   Section        0  os_tick.o(.text)
    .text                                    0x08006668   Section        0  os_time.o(.text)
    .text                                    0x08006ba8   Section        0  os_tmr.o(.text)
    .text                                    0x0800731c   Section      132  os_cpu_a.o(.text)
    .text                                    0x080073a0   Section        0  os_cpu_c.o(.text)
    .text                                    0x08007490   Section       42  cpu_a.o(.text)
    .text                                    0x080074ba   Section        0  fdiv.o(.text)
    .text                                    0x0800753a   Section        0  ffltui.o(.text)
    .text                                    0x08007544   Section        0  ffixi.o(.text)
    .text                                    0x08007576   Section        0  iusefp.o(.text)
    .text                                    0x08007576   Section        0  fepilogue.o(.text)
    .text                                    0x080075e4   Section       36  init.o(.text)
    .text                                    0x08007608   Section        0  __dczerorl2.o(.text)
    i.__scatterload_copy                     0x08007664   Section       14  handlers.o(i.__scatterload_copy)
    i.__scatterload_null                     0x08007672   Section        2  handlers.o(i.__scatterload_null)
    i.__scatterload_zeroinit                 0x08007674   Section       14  handlers.o(i.__scatterload_zeroinit)
    .constdata                               0x08007684   Section      164  os_cfg_app.o(.constdata)
    .constdata                               0x08007728   Section      364  os_dbg.o(.constdata)
    .data                                    0x20000000   Section       20  system_stm32f10x.o(.data)
    .data                                    0x20000014   Section       20  stm32f10x_rcc.o(.data)
    APBAHBPrescTable                         0x20000014   Data          16  stm32f10x_rcc.o(.data)
    ADCPrescTable                            0x20000024   Data           4  stm32f10x_rcc.o(.data)
    .data                                    0x20000028   Section      386  main.o(.data)
    .data                                    0x200001aa   Section        4  ledandkey.o(.data)
    .data                                    0x200001b0   Section        4  delay.o(.data)
    .data                                    0x200001b4   Section        4  os_prio.o(.data)
    .data                                    0x200001b8   Section      156  os_var.o(.data)
    .data                                    0x20000254   Section        4  os_cpu_c.o(.data)
    .bss                                     0x20000258   Section     5200  os_cfg_app.o(.bss)
    .bss                                     0x200016a8   Section      776  os_var.o(.bss)
    STACK                                    0x200019b0   Section     1024  startup_stm32f10x_md.o(STACK)

    Global Symbols

    Symbol Name                              Value     Ov Type        Size  Object(Section)

    BuildAttributes$$THM_ISAv4$P$D$K$B$S$PE$A:L22UL41UL21$X:L11$S22US41US21$IEEE1$IW$USESV6$~STKCKD$USESV7$~SHL$OTIME$ROPI$IEEEX$EBA8$MICROLIB$REQ8$PRES8$EABIv2 0x00000000   Number         0  anon$$obj.o ABSOLUTE
    __ARM_use_no_argv                        0x00000000   Number         0  main.o ABSOLUTE
    _printf_a                                0x00000000   Number         0  stubs.o ABSOLUTE
    _printf_c                                0x00000000   Number         0  stubs.o ABSOLUTE
    _printf_charcount                        0x00000000   Number         0  stubs.o ABSOLUTE
    _printf_d                                0x00000000   Number         0  stubs.o ABSOLUTE
    _printf_e                                0x00000000   Number         0  stubs.o ABSOLUTE
    _printf_f                                0x00000000   Number         0  stubs.o ABSOLUTE
    _printf_flags                            0x00000000   Number         0  stubs.o ABSOLUTE
    _printf_fp_dec                           0x00000000   Number         0  stubs.o ABSOLUTE
    _printf_fp_hex                           0x00000000   Number         0  stubs.o ABSOLUTE
    _printf_g                                0x00000000   Number         0  stubs.o ABSOLUTE
    _printf_i                                0x00000000   Number         0  stubs.o ABSOLUTE
    _printf_int_dec                          0x00000000   Number         0  stubs.o ABSOLUTE
    _printf_l                                0x00000000   Number         0  stubs.o ABSOLUTE
    _printf_lc                               0x00000000   Number         0  stubs.o ABSOLUTE
    _printf_ll                               0x00000000   Number         0  stubs.o ABSOLUTE
    _printf_lld                              0x00000000   Number         0  stubs.o ABSOLUTE
    _printf_lli                              0x00000000   Number         0  stubs.o ABSOLUTE
    _printf_llo                              0x00000000   Number         0  stubs.o ABSOLUTE
    _printf_llu                              0x00000000   Number         0  stubs.o ABSOLUTE
    _printf_llx                              0x00000000   Number         0  stubs.o ABSOLUTE
    _printf_longlong_dec                     0x00000000   Number         0  stubs.o ABSOLUTE
    _printf_longlong_hex                     0x00000000   Number         0  stubs.o ABSOLUTE
    _printf_longlong_oct                     0x00000000   Number         0  stubs.o ABSOLUTE
    _printf_ls                               0x00000000   Number         0  stubs.o ABSOLUTE
    _printf_mbtowc                           0x00000000   Number         0  stubs.o ABSOLUTE
    _printf_n                                0x00000000   Number         0  stubs.o ABSOLUTE
    _printf_o                                0x00000000   Number         0  stubs.o ABSOLUTE
    _printf_p                                0x00000000   Number         0  stubs.o ABSOLUTE
    _printf_percent                          0x00000000   Number         0  stubs.o ABSOLUTE
    _printf_pre_padding                      0x00000000   Number         0  stubs.o ABSOLUTE
    _printf_return_value                     0x00000000   Number         0  stubs.o ABSOLUTE
    _printf_s                                0x00000000   Number         0  stubs.o ABSOLUTE
    _printf_sizespec                         0x00000000   Number         0  stubs.o ABSOLUTE
    _printf_str                              0x00000000   Number         0  stubs.o ABSOLUTE
    _printf_truncate_signed                  0x00000000   Number         0  stubs.o ABSOLUTE
    _printf_truncate_unsigned                0x00000000   Number         0  stubs.o ABSOLUTE
    _printf_u                                0x00000000   Number         0  stubs.o ABSOLUTE
    _printf_wc                               0x00000000   Number         0  stubs.o ABSOLUTE
    _printf_wctomb                           0x00000000   Number         0  stubs.o ABSOLUTE
    _printf_widthprec                        0x00000000   Number         0  stubs.o ABSOLUTE
    _printf_x                                0x00000000   Number         0  stubs.o ABSOLUTE
    __cpp_initialize__aeabi_                  - Undefined Weak Reference
    __cxa_finalize                            - Undefined Weak Reference
    _clock_init                               - Undefined Weak Reference
    _microlib_exit                            - Undefined Weak Reference
    __Vectors_Size                           0x000000ec   Number         0  startup_stm32f10x_md.o ABSOLUTE
    __Vectors                                0x08000000   Data           4  startup_stm32f10x_md.o(RESET)
    __Vectors_End                            0x080000ec   Data           0  startup_stm32f10x_md.o(RESET)
    __main                                   0x080000ed   Thumb Code     0  entry.o(.ARM.Collect$$$$00000000)
    _main_stk                                0x080000ed   Thumb Code     0  entry2.o(.ARM.Collect$$$$00000001)
    _main_scatterload                        0x080000f1   Thumb Code     0  entry5.o(.ARM.Collect$$$$00000004)
    __main_after_scatterload                 0x080000f5   Thumb Code     0  entry5.o(.ARM.Collect$$$$00000004)
    _main_clock                              0x080000f5   Thumb Code     0  entry7b.o(.ARM.Collect$$$$00000008)
    _main_cpp_init                           0x080000f5   Thumb Code     0  entry8b.o(.ARM.Collect$$$$0000000A)
    _main_init                               0x080000f5   Thumb Code     0  entry9a.o(.ARM.Collect$$$$0000000B)
    __rt_final_cpp                           0x080000fd   Thumb Code     0  entry10a.o(.ARM.Collect$$$$0000000D)
    __rt_final_exit                          0x080000fd   Thumb Code     0  entry11a.o(.ARM.Collect$$$$0000000F)
    Reset_Handler                            0x08000101   Thumb Code     8  startup_stm32f10x_md.o(.text)
    ADC1_2_IRQHandler                        0x0800011b   Thumb Code     0  startup_stm32f10x_md.o(.text)
    CAN1_RX1_IRQHandler                      0x0800011b   Thumb Code     0  startup_stm32f10x_md.o(.text)
    CAN1_SCE_IRQHandler                      0x0800011b   Thumb Code     0  startup_stm32f10x_md.o(.text)
    DMA1_Channel1_IRQHandler                 0x0800011b   Thumb Code     0  startup_stm32f10x_md.o(.text)
    DMA1_Channel2_IRQHandler                 0x0800011b   Thumb Code     0  startup_stm32f10x_md.o(.text)
    DMA1_Channel3_IRQHandler                 0x0800011b   Thumb Code     0  startup_stm32f10x_md.o(.text)
    DMA1_Channel4_IRQHandler                 0x0800011b   Thumb Code     0  startup_stm32f10x_md.o(.text)
    DMA1_Channel5_IRQHandler                 0x0800011b   Thumb Code     0  startup_stm32f10x_md.o(.text)
    DMA1_Channel6_IRQHandler                 0x0800011b   Thumb Code     0  startup_stm32f10x_md.o(.text)
    DMA1_Channel7_IRQHandler                 0x0800011b   Thumb Code     0  startup_stm32f10x_md.o(.text)
    EXTI0_IRQHandler                         0x0800011b   Thumb Code     0  startup_stm32f10x_md.o(.text)
    EXTI15_10_IRQHandler                     0x0800011b   Thumb Code     0  startup_stm32f10x_md.o(.text)
    EXTI1_IRQHandler                         0x0800011b   Thumb Code     0  startup_stm32f10x_md.o(.text)
    EXTI2_IRQHandler                         0x0800011b   Thumb Code     0  startup_stm32f10x_md.o(.text)
    EXTI3_IRQHandler                         0x0800011b   Thumb Code     0  startup_stm32f10x_md.o(.text)
    EXTI4_IRQHandler                         0x0800011b   Thumb Code     0  startup_stm32f10x_md.o(.text)
    EXTI9_5_IRQHandler                       0x0800011b   Thumb Code     0  startup_stm32f10x_md.o(.text)
    FLASH_IRQHandler                         0x0800011b   Thumb Code     0  startup_stm32f10x_md.o(.text)
    I2C1_ER_IRQHandler                       0x0800011b   Thumb Code     0  startup_stm32f10x_md.o(.text)
    I2C1_EV_IRQHandler                       0x0800011b   Thumb Code     0  startup_stm32f10x_md.o(.text)
    I2C2_ER_IRQHandler                       0x0800011b   Thumb Code     0  startup_stm32f10x_md.o(.text)
    I2C2_EV_IRQHandler                       0x0800011b   Thumb Code     0  startup_stm32f10x_md.o(.text)
    PVD_IRQHandler                           0x0800011b   Thumb Code     0  startup_stm32f10x_md.o(.text)
    RCC_IRQHandler                           0x0800011b   Thumb Code     0  startup_stm32f10x_md.o(.text)
    RTCAlarm_IRQHandler                      0x0800011b   Thumb Code     0  startup_stm32f10x_md.o(.text)
    RTC_IRQHandler                           0x0800011b   Thumb Code     0  startup_stm32f10x_md.o(.text)
    SPI1_IRQHandler                          0x0800011b   Thumb Code     0  startup_stm32f10x_md.o(.text)
    SPI2_IRQHandler                          0x0800011b   Thumb Code     0  startup_stm32f10x_md.o(.text)
    TAMPER_IRQHandler                        0x0800011b   Thumb Code     0  startup_stm32f10x_md.o(.text)
    TIM1_BRK_IRQHandler                      0x0800011b   Thumb Code     0  startup_stm32f10x_md.o(.text)
    TIM1_CC_IRQHandler                       0x0800011b   Thumb Code     0  startup_stm32f10x_md.o(.text)
    TIM1_TRG_COM_IRQHandler                  0x0800011b   Thumb Code     0  startup_stm32f10x_md.o(.text)
    TIM1_UP_IRQHandler                       0x0800011b   Thumb Code     0  startup_stm32f10x_md.o(.text)
    TIM2_IRQHandler                          0x0800011b   Thumb Code     0  startup_stm32f10x_md.o(.text)
    TIM3_IRQHandler                          0x0800011b   Thumb Code     0  startup_stm32f10x_md.o(.text)
    TIM4_IRQHandler                          0x0800011b   Thumb Code     0  startup_stm32f10x_md.o(.text)
    USART1_IRQHandler                        0x0800011b   Thumb Code     0  startup_stm32f10x_md.o(.text)
    USART2_IRQHandler                        0x0800011b   Thumb Code     0  startup_stm32f10x_md.o(.text)
    USART3_IRQHandler                        0x0800011b   Thumb Code     0  startup_stm32f10x_md.o(.text)
    USBWakeUp_IRQHandler                     0x0800011b   Thumb Code     0  startup_stm32f10x_md.o(.text)
    USB_HP_CAN1_TX_IRQHandler                0x0800011b   Thumb Code     0  startup_stm32f10x_md.o(.text)
    USB_LP_CAN1_RX0_IRQHandler               0x0800011b   Thumb Code     0  startup_stm32f10x_md.o(.text)
    WWDG_IRQHandler                          0x0800011b   Thumb Code     0  startup_stm32f10x_md.o(.text)
    NMI_Handler                              0x08000125   Thumb Code     2  stm32f10x_it.o(.text)
    HardFault_Handler                        0x08000127   Thumb Code     4  stm32f10x_it.o(.text)
    MemManage_Handler                        0x0800012b   Thumb Code     4  stm32f10x_it.o(.text)
    BusFault_Handler                         0x0800012f   Thumb Code     4  stm32f10x_it.o(.text)
    UsageFault_Handler                       0x08000133   Thumb Code     4  stm32f10x_it.o(.text)
    SVC_Handler                              0x08000137   Thumb Code     2  stm32f10x_it.o(.text)
    DebugMon_Handler                         0x08000139   Thumb Code     2  stm32f10x_it.o(.text)
    SysTick_Handler                          0x0800013b   Thumb Code    18  stm32f10x_it.o(.text)
    SystemInit                               0x0800022d   Thumb Code    78  system_stm32f10x.o(.text)
    SystemCoreClockUpdate                    0x0800027b   Thumb Code   142  system_stm32f10x.o(.text)
    GPIO_DeInit                              0x0800032d   Thumb Code   172  stm32f10x_gpio.o(.text)
    GPIO_AFIODeInit                          0x080003d9   Thumb Code    20  stm32f10x_gpio.o(.text)
    GPIO_Init                                0x080003ed   Thumb Code   274  stm32f10x_gpio.o(.text)
    GPIO_StructInit                          0x080004ff   Thumb Code    16  stm32f10x_gpio.o(.text)
    GPIO_ReadInputDataBit                    0x0800050f   Thumb Code    18  stm32f10x_gpio.o(.text)
    GPIO_ReadInputData                       0x08000521   Thumb Code     8  stm32f10x_gpio.o(.text)
    GPIO_ReadOutputDataBit                   0x08000529   Thumb Code    18  stm32f10x_gpio.o(.text)
    GPIO_ReadOutputData                      0x0800053b   Thumb Code     8  stm32f10x_gpio.o(.text)
    GPIO_SetBits                             0x08000543   Thumb Code     4  stm32f10x_gpio.o(.text)
    GPIO_ResetBits                           0x08000547   Thumb Code     4  stm32f10x_gpio.o(.text)
    GPIO_WriteBit                            0x0800054b   Thumb Code    10  stm32f10x_gpio.o(.text)
    GPIO_Write                               0x08000555   Thumb Code     4  stm32f10x_gpio.o(.text)
    GPIO_PinLockConfig                       0x08000559   Thumb Code    18  stm32f10x_gpio.o(.text)
    GPIO_EventOutputConfig                   0x0800056b   Thumb Code    26  stm32f10x_gpio.o(.text)
    GPIO_EventOutputCmd                      0x08000585   Thumb Code     6  stm32f10x_gpio.o(.text)
    GPIO_PinRemapConfig                      0x0800058b   Thumb Code   138  stm32f10x_gpio.o(.text)
    GPIO_EXTILineConfig                      0x08000615   Thumb Code    66  stm32f10x_gpio.o(.text)
    GPIO_ETH_MediaInterfaceConfig            0x08000657   Thumb Code     6  stm32f10x_gpio.o(.text)
    RCC_DeInit                               0x08000685   Thumb Code    64  stm32f10x_rcc.o(.text)
    RCC_HSEConfig                            0x080006c5   Thumb Code    70  stm32f10x_rcc.o(.text)
    RCC_GetFlagStatus                        0x0800070b   Thumb Code    56  stm32f10x_rcc.o(.text)
    RCC_WaitForHSEStartUp                    0x08000743   Thumb Code    56  stm32f10x_rcc.o(.text)
    RCC_AdjustHSICalibrationValue            0x0800077b   Thumb Code    20  stm32f10x_rcc.o(.text)
    RCC_HSICmd                               0x0800078f   Thumb Code     6  stm32f10x_rcc.o(.text)
    RCC_PLLConfig                            0x08000795   Thumb Code    24  stm32f10x_rcc.o(.text)
    RCC_PLLCmd                               0x080007ad   Thumb Code     6  stm32f10x_rcc.o(.text)
    RCC_SYSCLKConfig                         0x080007b3   Thumb Code    18  stm32f10x_rcc.o(.text)
    RCC_GetSYSCLKSource                      0x080007c5   Thumb Code    10  stm32f10x_rcc.o(.text)
    RCC_HCLKConfig                           0x080007cf   Thumb Code    18  stm32f10x_rcc.o(.text)
    RCC_PCLK1Config                          0x080007e1   Thumb Code    18  stm32f10x_rcc.o(.text)
    RCC_PCLK2Config                          0x080007f3   Thumb Code    20  stm32f10x_rcc.o(.text)
    RCC_ITConfig                             0x08000807   Thumb Code    26  stm32f10x_rcc.o(.text)
    RCC_USBCLKConfig                         0x08000821   Thumb Code     6  stm32f10x_rcc.o(.text)
    RCC_ADCCLKConfig                         0x08000827   Thumb Code    18  stm32f10x_rcc.o(.text)
    RCC_LSEConfig                            0x08000839   Thumb Code    44  stm32f10x_rcc.o(.text)
    RCC_LSICmd                               0x08000865   Thumb Code     6  stm32f10x_rcc.o(.text)
    RCC_RTCCLKConfig                         0x0800086b   Thumb Code    12  stm32f10x_rcc.o(.text)
    RCC_RTCCLKCmd                            0x08000877   Thumb Code     8  stm32f10x_rcc.o(.text)
    RCC_GetClocksFreq                        0x0800087f   Thumb Code   192  stm32f10x_rcc.o(.text)
    RCC_AHBPeriphClockCmd                    0x0800093f   Thumb Code    26  stm32f10x_rcc.o(.text)
    RCC_APB2PeriphClockCmd                   0x08000959   Thumb Code    26  stm32f10x_rcc.o(.text)
    RCC_APB1PeriphClockCmd                   0x08000973   Thumb Code    26  stm32f10x_rcc.o(.text)
    RCC_APB2PeriphResetCmd                   0x0800098d   Thumb Code    26  stm32f10x_rcc.o(.text)
    RCC_APB1PeriphResetCmd                   0x080009a7   Thumb Code    26  stm32f10x_rcc.o(.text)
    RCC_BackupResetCmd                       0x080009c1   Thumb Code     8  stm32f10x_rcc.o(.text)
    RCC_ClockSecuritySystemCmd               0x080009c9   Thumb Code     6  stm32f10x_rcc.o(.text)
    RCC_MCOConfig                            0x080009cf   Thumb Code     6  stm32f10x_rcc.o(.text)
    RCC_ClearFlag                            0x080009d5   Thumb Code    14  stm32f10x_rcc.o(.text)
    RCC_GetITStatus                          0x080009e3   Thumb Code    20  stm32f10x_rcc.o(.text)
    RCC_ClearITPendingBit                    0x080009f7   Thumb Code     6  stm32f10x_rcc.o(.text)
    step_motor                               0x08000a29   Thumb Code   338  main.o(.text)
    main                                     0x08000b7b   Thumb Code   804  main.o(.text)
    DHT_set_gpio_output                      0x08000ea5   Thumb Code    46  dht11.o(.text)
    DHT_set_gpio_input                       0x08000ed3   Thumb Code    46  dht11.o(.text)
    DHT_start                                0x08000f01   Thumb Code   112  dht11.o(.text)
    DHT_read_byte                            0x08000f71   Thumb Code    78  dht11.o(.text)
    DHT_read                                 0x08000fbf   Thumb Code    68  dht11.o(.text)
    SysTick_init                             0x0800100d   Thumb Code    98  bsp.o(.text)
    BSP_Init                                 0x0800106f   Thumb Code    38  bsp.o(.text)
    wait                                     0x0800109d   Thumb Code    12  ledandkey.o(.text)
    Led_Configuration                        0x080010a9   Thumb Code    32  ledandkey.o(.text)
    Motor_Configuration                      0x080010c9   Thumb Code    32  ledandkey.o(.text)
    Key_Configuration                        0x080010e9   Thumb Code    32  ledandkey.o(.text)
    Key_Scan                                 0x08001109   Thumb Code    60  ledandkey.o(.text)
    Delay_us                                 0x0800114d   Thumb Code    48  bsp_oled.o(.text)
    OLED_WR_Byte                             0x0800117d   Thumb Code   106  bsp_oled.o(.text)
    OLED_Clear                               0x080011e7   Thumb Code    60  bsp_oled.o(.text)
    OLED_Set_Pos                             0x08001223   Thumb Code    44  bsp_oled.o(.text)
    OLED_DrawBMP                             0x0800124f   Thumb Code    76  bsp_oled.o(.text)
    OLED_Init                                0x0800129b   Thumb Code   248  bsp_oled.o(.text)
    I2C1_Init                                0x080013a1   Thumb Code   238  bsp_i2c.o(.text)
    I2C1_Start                               0x0800148f   Thumb Code    52  bsp_i2c.o(.text)
    I2C1_Stop                                0x080014c3   Thumb Code    28  bsp_i2c.o(.text)
    I2C1_SendAddress                         0x080014df   Thumb Code   146  bsp_i2c.o(.text)
    I2C1_SendData                            0x08001571   Thumb Code    70  bsp_i2c.o(.text)
    I2C1_ReceiveData                         0x080015b7   Thumb Code    82  bsp_i2c.o(.text)
    delay_us                                 0x08001625   Thumb Code    48  delay.o(.text)
    delay_ms                                 0x08001655   Thumb Code    24  delay.o(.text)
    IIC1_Configuration                       0x08001671   Thumb Code    48  bh1750.o(.text)
    IIC_START                                0x080016a1   Thumb Code    72  bh1750.o(.text)
    IIC_STOP                                 0x080016e9   Thumb Code    80  bh1750.o(.text)
    IIC_Wait_ACK                             0x08001739   Thumb Code    80  bh1750.o(.text)
    IIC_ACK                                  0x08001789   Thumb Code    66  bh1750.o(.text)
    IIC_NAck                                 0x080017cb   Thumb Code    78  bh1750.o(.text)
    IIC_Send_Byte                            0x08001819   Thumb Code   100  bh1750.o(.text)
    IIC_Receive_Byte                         0x0800187d   Thumb Code    86  bh1750.o(.text)
    BH1750_Byte_Write                        0x080018d3   Thumb Code    50  bh1750.o(.text)
    BH1750_Read_Measure                      0x08001905   Thumb Code    58  bh1750.o(.text)
    BH1750_Power_ON                          0x0800193f   Thumb Code    10  bh1750.o(.text)
    BH1750_Power_OFF                         0x08001949   Thumb Code    10  bh1750.o(.text)
    BH1750_RESET                             0x08001953   Thumb Code    10  bh1750.o(.text)
    BH1750_Init                              0x0800195d   Thumb Code    20  bh1750.o(.text)
    LIght_Intensity                          0x08001971   Thumb Code    22  bh1750.o(.text)
    OSCfg_Init                               0x08001991   Thumb Code    86  os_cfg_app.o(.text)
    OS_IdleTask                              0x08001a8d   Thumb Code    60  os_core.o(.text)
    OS_IdleTaskInit                          0x08001ac9   Thumb Code    68  os_core.o(.text)
    OS_RdyListInit                           0x08001b0d   Thumb Code    32  os_core.o(.text)
    OSInit                                   0x08001b2d   Thumb Code   222  os_core.o(.text)
    OSIntEnter                               0x08001c0b   Thumb Code    34  os_core.o(.text)
    OSIntExit                                0x08001c2d   Thumb Code   174  os_core.o(.text)
    OSSched                                  0x08001cdb   Thumb Code   116  os_core.o(.text)
    OSSchedLock                              0x08001d4f   Thumb Code   100  os_core.o(.text)
    OSSchedUnlock                            0x08001db3   Thumb Code   132  os_core.o(.text)
    OSSchedRoundRobinCfg                     0x08001e37   Thumb Code   190  os_core.o(.text)
    OS_RdyListMoveHeadToTail                 0x08001ef5   Thumb Code    68  os_core.o(.text)
    OSSchedRoundRobinYield                   0x08001f39   Thumb Code   164  os_core.o(.text)
    OSStart                                  0x08001fdd   Thumb Code    78  os_core.o(.text)
    OSVersion                                0x0800202b   Thumb Code    12  os_core.o(.text)
    OS_PendDbgNameAdd                        0x08002037   Thumb Code    66  os_core.o(.text)
    OS_PendListInsertPrio                    0x08002079   Thumb Code   102  os_core.o(.text)
    OS_PendDataInit                          0x080020df   Thumb Code    38  os_core.o(.text)
    OS_RdyListRemove                         0x08002105   Thumb Code    86  os_core.o(.text)
    OS_TaskBlock                             0x0800215b   Thumb Code    56  os_core.o(.text)
    OS_Pend                                  0x08002193   Thumb Code    98  os_core.o(.text)
    OS_PendListRemove1                       0x080021f5   Thumb Code    66  os_core.o(.text)
    OS_PendListRemove                        0x08002237   Thumb Code    48  os_core.o(.text)
    OS_PendAbort1                            0x08002267   Thumb Code    36  os_core.o(.text)
    OS_RdyListInsertHead                     0x0800228b   Thumb Code    58  os_core.o(.text)
    OS_RdyListInsertTail                     0x080022c5   Thumb Code    56  os_core.o(.text)
    OS_RdyListInsert                         0x080022fd   Thumb Code   104  os_core.o(.text)
    OS_TaskRdy                               0x08002365   Thumb Code    28  os_core.o(.text)
    OS_PendAbort                             0x08002381   Thumb Code   178  os_core.o(.text)
    OS_PendDbgNameRemove                     0x08002433   Thumb Code    34  os_core.o(.text)
    OS_PendListChangePrio                    0x08002455   Thumb Code    70  os_core.o(.text)
    OS_PendListInit                          0x0800249b   Thumb Code    10  os_core.o(.text)
    OS_PendListInsertHead                    0x080024a5   Thumb Code    32  os_core.o(.text)
    OS_PendObjDel1                           0x080024c5   Thumb Code    36  os_core.o(.text)
    OS_PendObjDel                            0x080024e9   Thumb Code   174  os_core.o(.text)
    OS_Post1                                 0x08002597   Thumb Code    42  os_core.o(.text)
    OS_Post                                  0x080025c1   Thumb Code   198  os_core.o(.text)
    OS_Sched0                                0x08002687   Thumb Code    56  os_core.o(.text)
    OS_SchedRoundRobin                       0x080026bf   Thumb Code   190  os_core.o(.text)
    OS_Dbg_Init                              0x080027a1   Thumb Code   140  os_dbg.o(.text)
    OS_FlagDbgListAdd                        0x0800293d   Thumb Code    38  os_flag.o(.text)
    OSFlagCreate                             0x08002963   Thumb Code   220  os_flag.o(.text)
    OS_FlagClr                               0x08002a3f   Thumb Code    28  os_flag.o(.text)
    OS_FlagDbgListRemove                     0x08002a5b   Thumb Code    44  os_flag.o(.text)
    OSFlagDel                                0x08002a87   Thumb Code   574  os_flag.o(.text)
    OS_FlagBlock                             0x08002cc5   Thumb Code    54  os_flag.o(.text)
    OSFlagPend                               0x08002cfb   Thumb Code  1312  os_flag.o(.text)
    OSFlagPendAbort                          0x0800321b   Thumb Code   270  os_flag.o(.text)
    OSFlagPendGetFlagsRdy                    0x08003329   Thumb Code    66  os_flag.o(.text)
    OS_FlagTaskRdy                           0x0800336b   Thumb Code    92  os_flag.o(.text)
    OS_FlagPost                              0x080033c7   Thumb Code   558  os_flag.o(.text)
    OSFlagPost                               0x080035f5   Thumb Code   124  os_flag.o(.text)
    OS_FlagInit                              0x08003671   Thumb Code    14  os_flag.o(.text)
    OS_IntQPost                              0x08003691   Thumb Code   210  os_int.o(.text)
    OS_IntQRePost                            0x08003763   Thumb Code   286  os_int.o(.text)
    OS_IntQTask                              0x08003881   Thumb Code   130  os_int.o(.text)
    OS_IntQTaskInit                          0x08003903   Thumb Code   208  os_int.o(.text)
    OS_MemDbgListAdd                         0x08003a5d   Thumb Code    34  os_mem.o(.text)
    OSMemCreate                              0x08003a7f   Thumb Code   334  os_mem.o(.text)
    OSMemGet                                 0x08003bcd   Thumb Code   100  os_mem.o(.text)
    OSMemPut                                 0x08003c31   Thumb Code   112  os_mem.o(.text)
    OS_MemInit                               0x08003ca1   Thumb Code    14  os_mem.o(.text)
    OS_MsgPoolCreate                         0x08003cc9   Thumb Code    54  os_msg.o(.text)
    OSMsgPoolExtend                          0x08003cff   Thumb Code    68  os_msg.o(.text)
    OS_MsgPoolInit                           0x08003d43   Thumb Code    68  os_msg.o(.text)
    OS_MsgQEntriesPeakReset                  0x08003d87   Thumb Code    40  os_msg.o(.text)
    OS_MsgQFreeAll                           0x08003daf   Thumb Code    62  os_msg.o(.text)
    OS_MsgQInit                              0x08003ded   Thumb Code    14  os_msg.o(.text)
    OS_MsgQGet                               0x08003dfb   Thumb Code    98  os_msg.o(.text)
    OS_MsgQPut                               0x08003e5d   Thumb Code   212  os_msg.o(.text)
    OS_PrioInit                              0x08003f3d   Thumb Code    20  os_prio.o(.text)
    OS_PrioGetHighest                        0x08003f51   Thumb Code    36  os_prio.o(.text)
    OS_PrioInsert                            0x08003f75   Thumb Code    32  os_prio.o(.text)
    OS_PrioRemove                            0x08003f95   Thumb Code    32  os_prio.o(.text)
    OS_QDbgListAdd                           0x08003fb9   Thumb Code    38  os_q.o(.text)
    OSQCreate                                0x08003fdf   Thumb Code   234  os_q.o(.text)
    OS_QClr                                  0x080040c9   Thumb Code    40  os_q.o(.text)
    OS_QDbgListRemove                        0x080040f1   Thumb Code    44  os_q.o(.text)
    OSQDel                                   0x0800411d   Thumb Code   312  os_q.o(.text)
    OSQFlush                                 0x08004255   Thumb Code   192  os_q.o(.text)
    OSQPend                                  0x08004315   Thumb Code   520  os_q.o(.text)
    OSQPendAbort                             0x0800451d   Thumb Code   254  os_q.o(.text)
    OS_QPost                                 0x0800461b   Thumb Code   322  os_q.o(.text)
    OSQPost                                  0x0800475d   Thumb Code    80  os_q.o(.text)
    OS_QInit                                 0x080047ad   Thumb Code    14  os_q.o(.text)
    OS_SemDbgListAdd                         0x080047d9   Thumb Code    38  os_sem.o(.text)
    OSSemCreate                              0x080047ff   Thumb Code   116  os_sem.o(.text)
    OS_SemClr                                0x08004873   Thumb Code    28  os_sem.o(.text)
    OS_SemDbgListRemove                      0x0800488f   Thumb Code    44  os_sem.o(.text)
    OSSemDel                                 0x080048bb   Thumb Code   312  os_sem.o(.text)
    OSSemPend                                0x080049f3   Thumb Code   444  os_sem.o(.text)
    OSSemPendAbort                           0x08004baf   Thumb Code   294  os_sem.o(.text)
    OS_SemPost                               0x08004cd5   Thumb Code   350  os_sem.o(.text)
    OSSemPost                                0x08004e33   Thumb Code    80  os_sem.o(.text)
    OSSemSet                                 0x08004e83   Thumb Code   104  os_sem.o(.text)
    OS_SemInit                               0x08004eeb   Thumb Code    14  os_sem.o(.text)
    OSStatReset                              0x08004f0d   Thumb Code   138  os_stat.o(.text)
    OSStatTaskCPUUsageInit                   0x08004f97   Thumb Code   168  os_stat.o(.text)
    OS_StatTask                              0x0800503f   Thumb Code   258  os_stat.o(.text)
    OS_StatTaskInit                          0x08005141   Thumb Code   138  os_stat.o(.text)
    OS_TaskDbgListAdd                        0x08005235   Thumb Code    38  os_task.o(.text)
    OS_TaskInitTCB                           0x0800525b   Thumb Code   140  os_task.o(.text)
    OSTaskCreate                             0x080052e7   Thumb Code   554  os_task.o(.text)
    OS_TaskDbgListRemove                     0x08005511   Thumb Code    54  os_task.o(.text)
    OSTaskDel                                0x08005547   Thumb Code   472  os_task.o(.text)
    OSTaskRegGet                             0x0800571f   Thumb Code    78  os_task.o(.text)
    OSTaskRegSet                             0x0800576d   Thumb Code    78  os_task.o(.text)
    OSTaskResume                             0x080057bb   Thumb Code   362  os_task.o(.text)
    OSTaskSemPend                            0x08005925   Thumb Code   402  os_task.o(.text)
    OS_TaskSemPost                           0x08005ab7   Thumb Code   840  os_task.o(.text)
    OSTaskSemPost                            0x08005dff   Thumb Code    90  os_task.o(.text)
    OSTaskSemSet                             0x08005e59   Thumb Code    80  os_task.o(.text)
    OSTaskStkChk                             0x08005ea9   Thumb Code   204  os_task.o(.text)
    OSTaskSuspend                            0x08005f75   Thumb Code   372  os_task.o(.text)
    OSTaskTimeQuantaSet                      0x080060e9   Thumb Code    96  os_task.o(.text)
    OS_TaskInit                              0x08006149   Thumb Code    18  os_task.o(.text)
    OS_TaskReturn                            0x0800615b   Thumb Code    20  os_task.o(.text)
    OS_TickListRemove                        0x08006195   Thumb Code    56  os_tick.o(.text)
    OS_TickListUpdate                        0x080061cd   Thumb Code   478  os_tick.o(.text)
    OS_TickTask                              0x080063ab   Thumb Code    38  os_tick.o(.text)
    OS_TickListInit                          0x080063d1   Thumb Code    32  os_tick.o(.text)
    OS_TickTaskInit                          0x080063f1   Thumb Code    94  os_tick.o(.text)
    OS_TickListInsert                        0x0800644f   Thumb Code   500  os_tick.o(.text)
    OS_TickListResetPeak                     0x08006643   Thumb Code    28  os_tick.o(.text)
    OSTimeDly                                0x08006669   Thumb Code   266  os_time.o(.text)
    OSTimeDlyHMSM                            0x08006773   Thumb Code   480  os_time.o(.text)
    OSTimeDlyResume                          0x08006953   Thumb Code   436  os_time.o(.text)
    OSTimeGet                                0x08006b07   Thumb Code    46  os_time.o(.text)
    OSTimeSet                                0x08006b35   Thumb Code    46  os_time.o(.text)
    OSTimeTick                               0x08006b63   Thumb Code    50  os_time.o(.text)
    OS_TmrDbgListAdd                         0x08006ba9   Thumb Code    34  os_tmr.o(.text)
    OSTmrCreate                              0x08006bcb   Thumb Code   192  os_tmr.o(.text)
    OS_TmrClr                                0x08006c8b   Thumb Code    36  os_tmr.o(.text)
    OS_TmrUnlink                             0x08006caf   Thumb Code    72  os_tmr.o(.text)
    OS_TmrDbgListRemove                      0x08006cf7   Thumb Code    44  os_tmr.o(.text)
    OSTmrDel                                 0x08006d23   Thumb Code   158  os_tmr.o(.text)
    OSTmrRemainGet                           0x08006dc1   Thumb Code   166  os_tmr.o(.text)
    OS_TmrLink                               0x08006e67   Thumb Code   196  os_tmr.o(.text)
    OSTmrStart                               0x08006f2b   Thumb Code   188  os_tmr.o(.text)
    OSTmrStateGet                            0x08006fe7   Thumb Code   116  os_tmr.o(.text)
    OSTmrStop                                0x0800705b   Thumb Code   214  os_tmr.o(.text)
    OS_TmrTask                               0x08007131   Thumb Code   168  os_tmr.o(.text)
    OS_TmrInit                               0x080071d9   Thumb Code   208  os_tmr.o(.text)
    OS_TmrResetPeak                          0x080072a9   Thumb Code    28  os_tmr.o(.text)
    OSStartHighRdy                           0x0800731d   Thumb Code     0  os_cpu_a.o(.text)
    OS_CPU_PendSVHandler                     0x0800733f   Thumb Code     0  os_cpu_a.o(.text)
    OSIdleTaskHook                           0x080073a1   Thumb Code     2  os_cpu_c.o(.text)
    OSInitHook                               0x080073a3   Thumb Code    20  os_cpu_c.o(.text)
    OSStatTaskHook                           0x080073b7   Thumb Code     2  os_cpu_c.o(.text)
    OSTaskCreateHook                         0x080073b9   Thumb Code     2  os_cpu_c.o(.text)
    OSTaskDelHook                            0x080073bb   Thumb Code     2  os_cpu_c.o(.text)
    OSTaskReturnHook                         0x080073bd   Thumb Code     2  os_cpu_c.o(.text)
    OSTaskStkInit                            0x080073bf   Thumb Code   188  os_cpu_c.o(.text)
    OSTaskSwHook                             0x0800747b   Thumb Code     2  os_cpu_c.o(.text)
    OSTimeTickHook                           0x0800747d   Thumb Code     2  os_cpu_c.o(.text)
    CPU_IntDis                               0x08007491   Thumb Code     0  cpu_a.o(.text)
    CPU_IntEn                                0x08007495   Thumb Code     0  cpu_a.o(.text)
    CPU_SR_Save                              0x08007499   Thumb Code     0  cpu_a.o(.text)
    CPU_SR_Restore                           0x080074a1   Thumb Code     0  cpu_a.o(.text)
    CPU_CntLeadZeros                         0x080074a7   Thumb Code     0  cpu_a.o(.text)
    CPU_RevBits                              0x080074ad   Thumb Code     0  cpu_a.o(.text)
    CPU_WaitForInt                           0x080074b3   Thumb Code     0  cpu_a.o(.text)
    CPU_WaitForExcept                        0x080074b7   Thumb Code     0  cpu_a.o(.text)
    __aeabi_fdiv                             0x080074bb   Thumb Code   128  fdiv.o(.text)
    __aeabi_ui2f                             0x0800753b   Thumb Code    10  ffltui.o(.text)
    __aeabi_f2iz                             0x08007545   Thumb Code    50  ffixi.o(.text)
    __I$use$fp                               0x08007577   Thumb Code     0  iusefp.o(.text)
    _float_round                             0x08007577   Thumb Code    18  fepilogue.o(.text)
    _float_epilogue                          0x08007589   Thumb Code    90  fepilogue.o(.text)
    __scatterload                            0x080075e5   Thumb Code    28  init.o(.text)
    __scatterload_rt2                        0x080075e5   Thumb Code     0  init.o(.text)
    __decompress                             0x08007609   Thumb Code     0  __dczerorl2.o(.text)
    __decompress1                            0x08007609   Thumb Code    92  __dczerorl2.o(.text)
    __scatterload_copy                       0x08007665   Thumb Code    14  handlers.o(i.__scatterload_copy)
    __scatterload_null                       0x08007673   Thumb Code     2  handlers.o(i.__scatterload_null)
    __scatterload_zeroinit                   0x08007675   Thumb Code    14  handlers.o(i.__scatterload_zeroinit)
    OSCfg_IdleTaskStkBasePtr                 0x08007684   Data           4  os_cfg_app.o(.constdata)
    OSCfg_IdleTaskStkLimit                   0x08007688   Data           4  os_cfg_app.o(.constdata)
    OSCfg_IdleTaskStkSize                    0x0800768c   Data           4  os_cfg_app.o(.constdata)
    OSCfg_IdleTaskStkSizeRAM                 0x08007690   Data           4  os_cfg_app.o(.constdata)
    OSCfg_IntQBasePtr                        0x08007694   Data           4  os_cfg_app.o(.constdata)
    OSCfg_IntQSize                           0x08007698   Data           2  os_cfg_app.o(.constdata)
    OSCfg_IntQSizeRAM                        0x0800769c   Data           4  os_cfg_app.o(.constdata)
    OSCfg_IntQTaskStkBasePtr                 0x080076a0   Data           4  os_cfg_app.o(.constdata)
    OSCfg_IntQTaskStkLimit                   0x080076a4   Data           4  os_cfg_app.o(.constdata)
    OSCfg_IntQTaskStkSize                    0x080076a8   Data           4  os_cfg_app.o(.constdata)
    OSCfg_IntQTaskStkSizeRAM                 0x080076ac   Data           4  os_cfg_app.o(.constdata)
    OSCfg_ISRStkBasePtr                      0x080076b0   Data           4  os_cfg_app.o(.constdata)
    OSCfg_ISRStkSize                         0x080076b4   Data           4  os_cfg_app.o(.constdata)
    OSCfg_ISRStkSizeRAM                      0x080076b8   Data           4  os_cfg_app.o(.constdata)
    OSCfg_MsgPoolSize                        0x080076bc   Data           2  os_cfg_app.o(.constdata)
    OSCfg_MsgPoolSizeRAM                     0x080076c0   Data           4  os_cfg_app.o(.constdata)
    OSCfg_MsgPoolBasePtr                     0x080076c4   Data           4  os_cfg_app.o(.constdata)
    OSCfg_StatTaskPrio                       0x080076c8   Data           1  os_cfg_app.o(.constdata)
    OSCfg_StatTaskRate_Hz                    0x080076cc   Data           4  os_cfg_app.o(.constdata)
    OSCfg_StatTaskStkBasePtr                 0x080076d0   Data           4  os_cfg_app.o(.constdata)
    OSCfg_StatTaskStkLimit                   0x080076d4   Data           4  os_cfg_app.o(.constdata)
    OSCfg_StatTaskStkSize                    0x080076d8   Data           4  os_cfg_app.o(.constdata)
    OSCfg_StatTaskStkSizeRAM                 0x080076dc   Data           4  os_cfg_app.o(.constdata)
    OSCfg_StkSizeMin                         0x080076e0   Data           4  os_cfg_app.o(.constdata)
    OSCfg_TickRate_Hz                        0x080076e4   Data           4  os_cfg_app.o(.constdata)
    OSCfg_TickTaskPrio                       0x080076e8   Data           1  os_cfg_app.o(.constdata)
    OSCfg_TickTaskStkBasePtr                 0x080076ec   Data           4  os_cfg_app.o(.constdata)
    OSCfg_TickTaskStkLimit                   0x080076f0   Data           4  os_cfg_app.o(.constdata)
    OSCfg_TickTaskStkSize                    0x080076f4   Data           4  os_cfg_app.o(.constdata)
    OSCfg_TickTaskStkSizeRAM                 0x080076f8   Data           4  os_cfg_app.o(.constdata)
    OSCfg_TickWheelSize                      0x080076fc   Data           2  os_cfg_app.o(.constdata)
    OSCfg_TickWheelSizeRAM                   0x08007700   Data           4  os_cfg_app.o(.constdata)
    OSCfg_TmrTaskPrio                        0x08007704   Data           1  os_cfg_app.o(.constdata)
    OSCfg_TmrTaskRate_Hz                     0x08007708   Data           4  os_cfg_app.o(.constdata)
    OSCfg_TmrTaskStkBasePtr                  0x0800770c   Data           4  os_cfg_app.o(.constdata)
    OSCfg_TmrTaskStkLimit                    0x08007710   Data           4  os_cfg_app.o(.constdata)
    OSCfg_TmrTaskStkSize                     0x08007714   Data           4  os_cfg_app.o(.constdata)
    OSCfg_TmrTaskStkSizeRAM                  0x08007718   Data           4  os_cfg_app.o(.constdata)
    OSCfg_TmrWheelSize                       0x0800771c   Data           2  os_cfg_app.o(.constdata)
    OSCfg_TmrWheelSizeRAM                    0x08007720   Data           4  os_cfg_app.o(.constdata)
    OSCfg_DataSizeRAM                        0x08007724   Data           4  os_cfg_app.o(.constdata)
    OSDbg_DbgEn                              0x08007728   Data           2  os_dbg.o(.constdata)
    OSDbg_ArgChkEn                           0x0800772a   Data           1  os_dbg.o(.constdata)
    OSDbg_AppHooksEn                         0x0800772b   Data           1  os_dbg.o(.constdata)
    OSDbg_EndiannessTest                     0x0800772c   Data           4  os_dbg.o(.constdata)
    OSDbg_CalledFromISRChkEn                 0x08007730   Data           1  os_dbg.o(.constdata)
    OSDbg_FlagEn                             0x08007731   Data           1  os_dbg.o(.constdata)
    OSDbg_FlagGrp                            0x08007734   Data          40  os_dbg.o(.constdata)
    OSDbg_FlagDelEn                          0x0800775c   Data           1  os_dbg.o(.constdata)
    OSDbg_FlagModeClrEn                      0x0800775d   Data           1  os_dbg.o(.constdata)
    OSDbg_FlagPendAbortEn                    0x0800775e   Data           1  os_dbg.o(.constdata)
    OSDbg_FlagGrpSize                        0x08007760   Data           2  os_dbg.o(.constdata)
    OSDbg_FlagWidth                          0x08007762   Data           2  os_dbg.o(.constdata)
    OSDbg_IntQ                               0x08007764   Data           2  os_dbg.o(.constdata)
    OSDbg_ISRPostDeferredEn                  0x08007766   Data           1  os_dbg.o(.constdata)
    OSDbg_Mem                                0x08007768   Data          32  os_dbg.o(.constdata)
    OSDbg_MemEn                              0x08007788   Data           1  os_dbg.o(.constdata)
    OSDbg_MemSize                            0x0800778a   Data           2  os_dbg.o(.constdata)
    OSDbg_MsgEn                              0x0800778c   Data           1  os_dbg.o(.constdata)
    OSDbg_MsgSize                            0x0800778e   Data           2  os_dbg.o(.constdata)
    OSDbg_MsgPoolSize                        0x08007790   Data           2  os_dbg.o(.constdata)
    OSDbg_MsgQSize                           0x08007792   Data           2  os_dbg.o(.constdata)
    OSDbg_Mutex                              0x08007794   Data          44  os_dbg.o(.constdata)
    OSDbg_MutexEn                            0x080077c0   Data           1  os_dbg.o(.constdata)
    OSDbg_MutexDelEn                         0x080077c1   Data           1  os_dbg.o(.constdata)
    OSDbg_MutexPendAbortEn                   0x080077c2   Data           1  os_dbg.o(.constdata)
    OSDbg_MutexSize                          0x080077c4   Data           2  os_dbg.o(.constdata)
    OSDbg_ObjTypeChkEn                       0x080077c6   Data           1  os_dbg.o(.constdata)
    OSDbg_PendMultiEn                        0x080077c7   Data           1  os_dbg.o(.constdata)
    OSDbg_PendDataSize                       0x080077c8   Data           2  os_dbg.o(.constdata)
    OSDbg_PendListSize                       0x080077ca   Data           2  os_dbg.o(.constdata)
    OSDbg_PendObjSize                        0x080077cc   Data           2  os_dbg.o(.constdata)
    OSDbg_PrioMax                            0x080077ce   Data           2  os_dbg.o(.constdata)
    OSDbg_PrioTblSize                        0x080077d0   Data           2  os_dbg.o(.constdata)
    OSDbg_PtrSize                            0x080077d2   Data           2  os_dbg.o(.constdata)
    OSDbg_Q                                  0x080077d4   Data          48  os_dbg.o(.constdata)
    OSDbg_QEn                                0x08007804   Data           1  os_dbg.o(.constdata)
    OSDbg_QDelEn                             0x08007805   Data           1  os_dbg.o(.constdata)
    OSDbg_QFlushEn                           0x08007806   Data           1  os_dbg.o(.constdata)
    OSDbg_QPendAbortEn                       0x08007807   Data           1  os_dbg.o(.constdata)
    OSDbg_QSize                              0x08007808   Data           2  os_dbg.o(.constdata)
    OSDbg_SchedRoundRobinEn                  0x0800780a   Data           1  os_dbg.o(.constdata)
    OSDbg_Sem                                0x0800780c   Data          40  os_dbg.o(.constdata)
    OSDbg_SemEn                              0x08007834   Data           1  os_dbg.o(.constdata)
    OSDbg_SemDelEn                           0x08007835   Data           1  os_dbg.o(.constdata)
    OSDbg_SemPendAbortEn                     0x08007836   Data           1  os_dbg.o(.constdata)
    OSDbg_SemSetEn                           0x08007837   Data           1  os_dbg.o(.constdata)
    OSDbg_SemSize                            0x08007838   Data           2  os_dbg.o(.constdata)
    OSDbg_RdyList                            0x0800783a   Data           2  os_dbg.o(.constdata)
    OSDbg_RdyListSize                        0x0800783c   Data           4  os_dbg.o(.constdata)
    OSDbg_StkWidth                           0x08007840   Data           1  os_dbg.o(.constdata)
    OSDbg_StatTaskEn                         0x08007841   Data           1  os_dbg.o(.constdata)
    OSDbg_StatTaskStkChkEn                   0x08007842   Data           1  os_dbg.o(.constdata)
    OSDbg_TaskChangePrioEn                   0x08007843   Data           1  os_dbg.o(.constdata)
    OSDbg_TaskDelEn                          0x08007844   Data           1  os_dbg.o(.constdata)
    OSDbg_TaskQEn                            0x08007845   Data           1  os_dbg.o(.constdata)
    OSDbg_TaskQPendAbortEn                   0x08007846   Data           1  os_dbg.o(.constdata)
    OSDbg_TaskProfileEn                      0x08007847   Data           1  os_dbg.o(.constdata)
    OSDbg_TaskRegTblSize                     0x08007848   Data           2  os_dbg.o(.constdata)
    OSDbg_TaskSemPendAbortEn                 0x0800784a   Data           1  os_dbg.o(.constdata)
    OSDbg_TaskSuspendEn                      0x0800784b   Data           1  os_dbg.o(.constdata)
    OSDbg_TCBSize                            0x0800784c   Data           2  os_dbg.o(.constdata)
    OSDbg_TickSpokeSize                      0x0800784e   Data           2  os_dbg.o(.constdata)
    OSDbg_TimeDlyHMSMEn                      0x08007850   Data           1  os_dbg.o(.constdata)
    OSDbg_TimeDlyResumeEn                    0x08007851   Data           1  os_dbg.o(.constdata)
    OSDbg_Tmr                                0x08007854   Data          52  os_dbg.o(.constdata)
    OSDbg_TmrEn                              0x08007888   Data           1  os_dbg.o(.constdata)
    OSDbg_TmrDelEn                           0x08007889   Data           1  os_dbg.o(.constdata)
    OSDbg_TmrSize                            0x0800788a   Data           2  os_dbg.o(.constdata)
    OSDbg_TmrSpokeSize                       0x0800788c   Data           2  os_dbg.o(.constdata)
    OSDbg_VersionNbr                         0x0800788e   Data           2  os_dbg.o(.constdata)
    OSDbg_DataSize                           0x08007890   Data           4  os_dbg.o(.constdata)
    Region$$Table$$Base                      0x08007894   Number         0  anon$$obj.o(Region$$Table)
    Region$$Table$$Limit                     0x080078b4   Number         0  anon$$obj.o(Region$$Table)
    SystemCoreClock                          0x20000000   Data           4  system_stm32f10x.o(.data)
    AHBPrescTable                            0x20000004   Data          16  system_stm32f10x.o(.data)
    char_T                                   0x20000028   Data          16  main.o(.data)
    char_E                                   0x20000038   Data          16  main.o(.data)
    char_M                                   0x20000048   Data          16  main.o(.data)
    char_H                                   0x20000058   Data          16  main.o(.data)
    char_U                                   0x20000068   Data          16  main.o(.data)
    char_A                                   0x20000078   Data          16  main.o(.data)
    char_L                                   0x20000088   Data          16  main.o(.data)
    char_X                                   0x20000098   Data          16  main.o(.data)
    char_colon                               0x200000a8   Data          16  main.o(.data)
    char_percent                             0x200000b8   Data          16  main.o(.data)
    char_celsius                             0x200000c8   Data          16  main.o(.data)
    char_celimeter                           0x200000d8   Data          32  main.o(.data)
    char_lux                                 0x200000f8   Data          16  main.o(.data)
    gImage_number                            0x20000108   Data         160  main.o(.data)
    DHT11_data                               0x200001a8   Data           2  main.o(.data)
    GPIO_InitStructure                       0x200001aa   Data           4  ledandkey.o(.data)
    timer                                    0x200001b0   Data           4  delay.o(.data)
    OSPrioTbl                                0x200001b4   Data           4  os_prio.o(.data)
    OSIdleTaskCtr                            0x200001b8   Data           4  os_var.o(.data)
    OSIntNestingCtr                          0x200001bc   Data           1  os_var.o(.data)
    OSRunning                                0x200001bd   Data           1  os_var.o(.data)
    OSIntQInPtr                              0x200001c0   Data           4  os_var.o(.data)
    OSIntQOutPtr                             0x200001c4   Data           4  os_var.o(.data)
    OSIntQNbrEntries                         0x200001c8   Data           2  os_var.o(.data)
    OSIntQMaxNbrEntries                      0x200001ca   Data           2  os_var.o(.data)
    OSIntQOvfCtr                             0x200001cc   Data           2  os_var.o(.data)
    OSIntQTaskTimeMax                        0x200001d0   Data           4  os_var.o(.data)
    OSFlagDbgListPtr                         0x200001d4   Data           4  os_var.o(.data)
    OSFlagQty                                0x200001d8   Data           2  os_var.o(.data)
    OSMemDbgListPtr                          0x200001dc   Data           4  os_var.o(.data)
    OSMemQty                                 0x200001e0   Data           2  os_var.o(.data)
    OSMsgPool                                0x200001e4   Data           8  os_var.o(.data)
    OSPrioCur                                0x200001ec   Data           1  os_var.o(.data)
    OSPrioHighRdy                            0x200001ed   Data           1  os_var.o(.data)
    OSPrioSaved                              0x200001ee   Data           1  os_var.o(.data)
    OSQDbgListPtr                            0x200001f0   Data           4  os_var.o(.data)
    OSQQty                                   0x200001f4   Data           2  os_var.o(.data)
    OSSchedLockNestingCtr                    0x200001f6   Data           1  os_var.o(.data)
    OSSchedRoundRobinDfltTimeQuanta          0x200001f8   Data           4  os_var.o(.data)
    OSSchedRoundRobinEn                      0x200001fc   Data           1  os_var.o(.data)
    OSSemDbgListPtr                          0x20000200   Data           4  os_var.o(.data)
    OSSemQty                                 0x20000204   Data           2  os_var.o(.data)
    OSStatTaskCPUUsage                       0x20000206   Data           1  os_var.o(.data)
    OSStatTaskCtr                            0x20000208   Data           4  os_var.o(.data)
    OSStatTaskCtrMax                         0x2000020c   Data           4  os_var.o(.data)
    OSStatTaskCtrRun                         0x20000210   Data           4  os_var.o(.data)
    OSStatTaskRdy                            0x20000214   Data           1  os_var.o(.data)
    OSStatTaskTimeMax                        0x20000218   Data           4  os_var.o(.data)
    OSStatResetFlag                          0x2000021c   Data           1  os_var.o(.data)
    OSTaskCtxSwCtr                           0x20000220   Data           4  os_var.o(.data)
    OSTaskDbgListPtr                         0x20000224   Data           4  os_var.o(.data)
    OSTaskQty                                0x20000228   Data           2  os_var.o(.data)
    OSTickCtr                                0x2000022c   Data           4  os_var.o(.data)
    OSTickTaskTimeMax                        0x20000230   Data           4  os_var.o(.data)
    OSTmrDbgListPtr                          0x20000234   Data           4  os_var.o(.data)
    OSTmrQty                                 0x20000238   Data           2  os_var.o(.data)
    OSTmrTaskTimeMax                         0x2000023c   Data           4  os_var.o(.data)
    OSTmrTickCtr                             0x20000240   Data           4  os_var.o(.data)
    OSTmrUpdateCnt                           0x20000244   Data           4  os_var.o(.data)
    OSTmrUpdateCtr                           0x20000248   Data           4  os_var.o(.data)
    OSTCBCurPtr                              0x2000024c   Data           4  os_var.o(.data)
    OSTCBHighRdyPtr                          0x20000250   Data           4  os_var.o(.data)
    OS_CPU_ExceptStkBase                     0x20000254   Data           4  os_cpu_c.o(.data)
    OSCfg_IdleTaskStk                        0x20000258   Data         512  os_cfg_app.o(.bss)
    OSCfg_IntQ                               0x20000458   Data         320  os_cfg_app.o(.bss)
    OSCfg_IntQTaskStk                        0x20000598   Data         512  os_cfg_app.o(.bss)
    OSCfg_ISRStk                             0x20000798   Data         512  os_cfg_app.o(.bss)
    OSCfg_MsgPool                            0x20000998   Data        1600  os_cfg_app.o(.bss)
    OSCfg_StatTaskStk                        0x20000fd8   Data         512  os_cfg_app.o(.bss)
    OSCfg_TickTaskStk                        0x200011d8   Data         512  os_cfg_app.o(.bss)
    OSCfg_TickWheel                          0x200013d8   Data         104  os_cfg_app.o(.bss)
    OSCfg_TmrTaskStk                         0x20001440   Data         512  os_cfg_app.o(.bss)
    OSCfg_TmrWheel                           0x20001640   Data         104  os_cfg_app.o(.bss)
    OSIdleTaskTCB                            0x200016a8   Data         136  os_var.o(.bss)
    OSIntQTaskTCB                            0x20001730   Data         136  os_var.o(.bss)
    OSRdyList                                0x200017b8   Data          96  os_var.o(.bss)
    OSStatTaskTCB                            0x20001818   Data         136  os_var.o(.bss)
    OSTickTaskTCB                            0x200018a0   Data         136  os_var.o(.bss)
    OSTmrTaskTCB                             0x20001928   Data         136  os_var.o(.bss)
    __initial_sp                             0x20001db0   Data           0  startup_stm32f10x_md.o(STACK)



==============================================================================

Memory Map of the image

  Image Entry point : 0x080000ed

  Load Region LR_IROM1 (Base: 0x08000000, Size: 0x00007b0c, Max: 0x00020000, ABSOLUTE, COMPRESSED[0x000079ac])

    Execution Region ER_IROM1 (Base: 0x08000000, Size: 0x000078b4, Max: 0x00020000, ABSOLUTE)

    Base Addr    Size         Type   Attr      Idx    E Section Name        Object

    0x08000000   0x000000ec   Data   RO            3    RESET               startup_stm32f10x_md.o
    0x080000ec   0x00000000   Code   RO         1055  * .ARM.Collect$$$$00000000  mc_w.l(entry.o)
    0x080000ec   0x00000004   Code   RO         1350    .ARM.Collect$$$$00000001  mc_w.l(entry2.o)
    0x080000f0   0x00000004   Code   RO         1353    .ARM.Collect$$$$00000004  mc_w.l(entry5.o)
    0x080000f4   0x00000000   Code   RO         1355    .ARM.Collect$$$$00000008  mc_w.l(entry7b.o)
    0x080000f4   0x00000000   Code   RO         1357    .ARM.Collect$$$$0000000A  mc_w.l(entry8b.o)
    0x080000f4   0x00000008   Code   RO         1358    .ARM.Collect$$$$0000000B  mc_w.l(entry9a.o)
    0x080000fc   0x00000000   Code   RO         1360    .ARM.Collect$$$$0000000D  mc_w.l(entry10a.o)
    0x080000fc   0x00000000   Code   RO         1362    .ARM.Collect$$$$0000000F  mc_w.l(entry11a.o)
    0x080000fc   0x00000004   Code   RO         1351    .ARM.Collect$$$$00002712  mc_w.l(entry2.o)
    0x08000100   0x00000024   Code   RO            4    .text               startup_stm32f10x_md.o
    0x08000124   0x0000002c   Code   RO           24    .text               stm32f10x_it.o
    0x08000150   0x000001dc   Code   RO          182    .text               system_stm32f10x.o
    0x0800032c   0x00000358   Code   RO          344    .text               stm32f10x_gpio.o
    0x08000684   0x000003a4   Code   RO          392    .text               stm32f10x_rcc.o
    0x08000a28   0x0000047c   Code   RO          478    .text               main.o
    0x08000ea4   0x00000168   Code   RO          517    .text               dht11.o
    0x0800100c   0x00000090   Code   RO          555    .text               bsp.o
    0x0800109c   0x000000b0   Code   RO          571    .text               ledandkey.o
    0x0800114c   0x00000254   Code   RO          586    .text               bsp_oled.o
    0x080013a0   0x00000284   Code   RO          599    .text               bsp_i2c.o
    0x08001624   0x0000004c   Code   RO          611    .text               delay.o
    0x08001670   0x00000320   Code   RO          645    .text               bh1750.o
    0x08001990   0x000000fc   Code   RO          675    .text               os_cfg_app.o
    0x08001a8c   0x00000d14   Code   RO          695    .text               os_core.o
    0x080027a0   0x0000019c   Code   RO          707    .text               os_dbg.o
    0x0800293c   0x00000d54   Code   RO          722    .text               os_flag.o
    0x08003690   0x000003cc   Code   RO          734    .text               os_int.o
    0x08003a5c   0x0000026c   Code   RO          746    .text               os_mem.o
    0x08003cc8   0x00000274   Code   RO          758    .text               os_msg.o
    0x08003f3c   0x0000007c   Code   RO          788    .text               os_prio.o
    0x08003fb8   0x00000820   Code   RO          807    .text               os_q.o
    0x080047d8   0x00000734   Code   RO          819    .text               os_sem.o
    0x08004f0c   0x00000328   Code   RO          831    .text               os_stat.o
    0x08005234   0x00000f60   Code   RO          843    .text               os_task.o
    0x08006194   0x000004d4   Code   RO          855    .text               os_tick.o
    0x08006668   0x00000540   Code   RO          867    .text               os_time.o
    0x08006ba8   0x00000774   Code   RO          879    .text               os_tmr.o
    0x0800731c   0x00000084   Code   RO          905    .text               os_cpu_a.o
    0x080073a0   0x000000f0   Code   RO          908    .text               os_cpu_c.o
    0x08007490   0x0000002a   Code   RO         1000    .text               cpu_a.o
    0x080074ba   0x00000080   Code   RO         1319    .text               mf_w.l(fdiv.o)
    0x0800753a   0x0000000a   Code   RO         1327    .text               mf_w.l(ffltui.o)
    0x08007544   0x00000032   Code   RO         1331    .text               mf_w.l(ffixi.o)
    0x08007576   0x00000000   Code   RO         1382    .text               mc_w.l(iusefp.o)
    0x08007576   0x0000006c   Code   RO         1383    .text               mf_w.l(fepilogue.o)
    0x080075e2   0x00000002   PAD
    0x080075e4   0x00000024   Code   RO         1393    .text               mc_w.l(init.o)
    0x08007608   0x0000005c   Code   RO         1407    .text               mc_w.l(__dczerorl2.o)
    0x08007664   0x0000000e   Code   RO         1401    i.__scatterload_copy  mc_w.l(handlers.o)
    0x08007672   0x00000002   Code   RO         1402    i.__scatterload_null  mc_w.l(handlers.o)
    0x08007674   0x0000000e   Code   RO         1403    i.__scatterload_zeroinit  mc_w.l(handlers.o)
    0x08007682   0x00000002   PAD
    0x08007684   0x000000a4   Data   RO          677    .constdata          os_cfg_app.o
    0x08007728   0x0000016c   Data   RO          708    .constdata          os_dbg.o
    0x08007894   0x00000020   Data   RO         1399    Region$$Table       anon$$obj.o


    Execution Region RW_IRAM1 (Base: 0x20000000, Size: 0x00001db0, Max: 0x00005000, ABSOLUTE, COMPRESSED[0x000000f8])

    Base Addr    Size         Type   Attr      Idx    E Section Name        Object

    0x20000000   0x00000014   Data   RW          183    .data               system_stm32f10x.o
    0x20000014   0x00000014   Data   RW          393    .data               stm32f10x_rcc.o
    0x20000028   0x00000182   Data   RW          480    .data               main.o
    0x200001aa   0x00000004   Data   RW          572    .data               ledandkey.o
    0x200001ae   0x00000002   PAD
    0x200001b0   0x00000004   Data   RW          612    .data               delay.o
    0x200001b4   0x00000004   Data   RW          789    .data               os_prio.o
    0x200001b8   0x0000009c   Data   RW          892    .data               os_var.o
    0x20000254   0x00000004   Data   RW          909    .data               os_cpu_c.o
    0x20000258   0x00001450   Zero   RW          676    .bss                os_cfg_app.o
    0x200016a8   0x00000308   Zero   RW          891    .bss                os_var.o
    0x200019b0   0x00000400   Zero   RW            1    STACK               startup_stm32f10x_md.o


==============================================================================

Image component sizes


      Code (inc. data)   RO Data    RW Data    ZI Data      Debug   Object Name

       800         10          0          0          0       2905   bh1750.o
       144          8          0          0          0      15883   bsp.o
       644         28          0          0          0       1549   bsp_i2c.o
       596         14          0          0          0       1807   bsp_oled.o
         0          0          0          0          0       4212   core_cm3.o
        42          0          0          0          0        292   cpu_a.o
        76          4          0          4          0        904   delay.o
       360         10          0          0          0       1766   dht11.o
       176          8          0          4          0       1797   ledandkey.o
      1148         62          0        386          0       2712   main.o
       252        166        164          0       5200      18977   os_cfg_app.o
      3348        226          0          0          0      11502   os_core.o
       132         32          0          0          0        312   os_cpu_a.o
       240         18          0          4          0       2936   os_cpu_c.o
       412        272        364          0          0       4663   os_dbg.o
      3412         96          0          0          0       7495   os_flag.o
       972        138          0          0          0       2360   os_int.o
       620         26          0          0          0       2648   os_mem.o
       628         12          0          0          0       3171   os_msg.o
       124          4          0          4          0       1712   os_prio.o
      2080         66          0          0          0       5796   os_q.o
      1844         60          0          0          0       5800   os_sem.o
       808        106          0          0          0       2113   os_stat.o
      3936        178          0          0          0       8271   os_task.o
      1236         86          0          0          0       3161   os_tick.o
      1344         44          0          0          0       3105   os_time.o
      1908        128          0          0          0       5974   os_tmr.o
         0          0          0        156        776      17392   os_var.o
        36          8        236          0       1024        856   startup_stm32f10x_md.o
       856         40          0          0          0       5633   stm32f10x_gpio.o
        44          4          0          0          0     248601   stm32f10x_it.o
       932         44          0         20          0       8804   stm32f10x_rcc.o
       476         36          0         20          0       1839   system_stm32f10x.o

    ----------------------------------------------------------------------
     29626       1934        796        600       7000     406948   Object Totals
         0          0         32          0          0          0   (incl. Generated)
         0          0          0          2          0          0   (incl. Padding)

    ----------------------------------------------------------------------

      Code (inc. data)   RO Data    RW Data    ZI Data      Debug   Library Member Name

        92          0          0          0          0          0   __dczerorl2.o
         0          0          0          0          0          0   entry.o
         0          0          0          0          0          0   entry10a.o
         0          0          0          0          0          0   entry11a.o
         8          4          0          0          0          0   entry2.o
         4          0          0          0          0          0   entry5.o
         0          0          0          0          0          0   entry7b.o
         0          0          0          0          0          0   entry8b.o
         8          4          0          0          0          0   entry9a.o
        30          0          0          0          0          0   handlers.o
        36          8          0          0          0         68   init.o
         0          0          0          0          0          0   iusefp.o
       128          0          0          0          0         88   fdiv.o
       108          0          0          0          0        168   fepilogue.o
        50          0          0          0          0         68   ffixi.o
        10          0          0          0          0         68   ffltui.o

    ----------------------------------------------------------------------
       478         16          0          0          0        460   Library Totals
         4          0          0          0          0          0   (incl. Padding)

    ----------------------------------------------------------------------

      Code (inc. data)   RO Data    RW Data    ZI Data      Debug   Library Name

       178         16          0          0          0         68   mc_w.l
       296          0          0          0          0        392   mf_w.l

    ----------------------------------------------------------------------
       478         16          0          0          0        460   Library Totals

    ----------------------------------------------------------------------

==============================================================================


      Code (inc. data)   RO Data    RW Data    ZI Data      Debug   

     30104       1950        796        600       7000     404392   Grand Totals
     30104       1950        796        248       7000     404392   ELF Image Totals (compressed)
     30104       1950        796        248          0          0   ROM Totals

==============================================================================

    Total RO  Size (Code + RO Data)                30900 (  30.18kB)
    Total RW  Size (RW Data + ZI Data)              7600 (   7.42kB)
    Total ROM Size (Code + RO Data + RW Data)      31148 (  30.42kB)

==============================================================================

