ARM Linker, 5.03 [Build 76] [MDK-ARM Standard]

==============================================================================

Section Cross References

    startup_stm32f10x_md.o(RESET) refers to startup_stm32f10x_md.o(STACK) for __initial_sp
    startup_stm32f10x_md.o(RESET) refers to startup_stm32f10x_md.o(.text) for Reset_Handler
    startup_stm32f10x_md.o(RESET) refers to stm32f10x_it.o(.text) for NMI_Handler
    startup_stm32f10x_md.o(RESET) refers to os_cpu_a.o(.text) for OS_CPU_PendSVHandler
    startup_stm32f10x_md.o(.text) refers to system_stm32f10x.o(.text) for SystemInit
    startup_stm32f10x_md.o(.text) refers to entry.o(.ARM.Collect$$$$00000000) for __main
    stm32f10x_it.o(.text) refers to dht11.o(.data) for timer
    system_stm32f10x.o(.text) refers to system_stm32f10x.o(.data) for SystemCoreClock
    stm32f10x_adc.o(.text) refers to stm32f10x_rcc.o(.text) for RCC_APB2PeriphResetCmd
    stm32f10x_bkp.o(.text) refers to stm32f10x_rcc.o(.text) for RCC_BackupResetCmd
    stm32f10x_can.o(.text) refers to stm32f10x_rcc.o(.text) for RCC_APB1PeriphResetCmd
    stm32f10x_cec.o(.text) refers to stm32f10x_rcc.o(.text) for RCC_APB1PeriphResetCmd
    stm32f10x_dac.o(.text) refers to stm32f10x_rcc.o(.text) for RCC_APB1PeriphResetCmd
    stm32f10x_gpio.o(.text) refers to stm32f10x_rcc.o(.text) for RCC_APB2PeriphResetCmd
    stm32f10x_i2c.o(.text) refers to stm32f10x_rcc.o(.text) for RCC_APB1PeriphResetCmd
    stm32f10x_pwr.o(.text) refers to stm32f10x_rcc.o(.text) for RCC_APB1PeriphResetCmd
    stm32f10x_rcc.o(.text) refers to stm32f10x_rcc.o(.data) for APBAHBPrescTable
    stm32f10x_spi.o(.text) refers to stm32f10x_rcc.o(.text) for RCC_APB2PeriphResetCmd
    stm32f10x_tim.o(.text) refers to stm32f10x_rcc.o(.text) for RCC_APB2PeriphResetCmd
    stm32f10x_usart.o(.text) refers to stm32f10x_rcc.o(.text) for RCC_APB2PeriphResetCmd
    stm32f10x_wwdg.o(.text) refers to stm32f10x_rcc.o(.text) for RCC_APB1PeriphResetCmd
    main.o(.text) refers to bsp.o(.text) for BSP_Init
    main.o(.text) refers to os_core.o(.text) for OSInit
    main.o(.text) refers to os_sem.o(.text) for OSSemCreate
    main.o(.text) refers to printf1.o(i.__0printf$1) for __2printf
    main.o(.text) refers to os_task.o(.text) for OSTaskCreate
    main.o(.text) refers to main.o(.bss) for DHT11_sem
    main.o(.text) refers to app.o(.text) for Task1
    app.o(.text) refers to dht11.o(.text) for DHT_read
    app.o(.text) refers to os_sem.o(.text) for OSSemPost
    app.o(.text) refers to printf1.o(i.__0printf$1) for __2printf
    app.o(.text) refers to os_time.o(.text) for OSTimeDlyHMSM
    app.o(.text) refers to stm32f10x_usart.o(.text) for USART_GetFlagStatus
    app.o(.text) refers to main.o(.data) for DHT11_data
    app.o(.text) refers to main.o(.bss) for DHT11_sem
    dht11.o(.text) refers to dht11.o(.data) for timer
    bsp.o(.text) refers to ledandkey.o(.text) for Led_Configuration
    bsp.o(.text) refers to stm32f10x_rcc.o(.text) for RCC_APB2PeriphClockCmd
    bsp.o(.text) refers to stm32f10x_gpio.o(.text) for GPIO_Init
    bsp.o(.text) refers to stm32f10x_usart.o(.text) for USART_Init
    ledandkey.o(.text) refers to stm32f10x_rcc.o(.text) for RCC_APB2PeriphClockCmd
    ledandkey.o(.text) refers to stm32f10x_gpio.o(.text) for GPIO_Init
    ledandkey.o(.text) refers to ledandkey.o(.data) for GPIO_InitStructure
    os_cfg_app.o(.text) refers to os_cfg_app.o(.constdata) for OSCfg_DataSizeRAM
    os_cfg_app.o(.constdata) refers to os_cfg_app.o(.bss) for OSCfg_IdleTaskStk
    os_core.o(.text) refers to cpu_a.o(.text) for CPU_SR_Save
    os_core.o(.text) refers to os_cpu_c.o(.text) for OSIdleTaskHook
    os_core.o(.text) refers to os_task.o(.text) for OSTaskCreate
    os_core.o(.text) refers to os_prio.o(.text) for OS_PrioInit
    os_core.o(.text) refers to os_int.o(.text) for OS_IntQTaskInit
    os_core.o(.text) refers to os_tick.o(.text) for OS_TickTaskInit
    os_core.o(.text) refers to os_stat.o(.text) for OS_StatTaskInit
    os_core.o(.text) refers to os_flag.o(.text) for OS_FlagInit
    os_core.o(.text) refers to os_mem.o(.text) for OS_MemInit
    os_core.o(.text) refers to os_msg.o(.text) for OS_MsgPoolInit
    os_core.o(.text) refers to os_q.o(.text) for OS_QInit
    os_core.o(.text) refers to os_sem.o(.text) for OS_SemInit
    os_core.o(.text) refers to os_tmr.o(.text) for OS_TmrInit
    os_core.o(.text) refers to os_dbg.o(.text) for OS_Dbg_Init
    os_core.o(.text) refers to os_cfg_app.o(.text) for OSCfg_Init
    os_core.o(.text) refers to os_var.o(.data) for OSIdleTaskCtr
    os_core.o(.text) refers to os_cfg_app.o(.constdata) for OSCfg_IdleTaskStkSize
    os_core.o(.text) refers to os_var.o(.bss) for OSIdleTaskTCB
    os_core.o(.text) refers to os_cpu_a.o(.text) for OSStartHighRdy
    os_dbg.o(.text) refers to os_dbg.o(.constdata) for OSDbg_DbgEn
    os_flag.o(.text) refers to cpu_a.o(.text) for CPU_SR_Save
    os_flag.o(.text) refers to os_core.o(.text) for OS_PendListInit
[...]
    printf6.o(i.__0printf$6) refers to stdout.o(.data) for __stdout
    printf6.o(i.__0snprintf$6) refers to printf6.o(i._printf_core) for _printf_core
    printf6.o(i.__0snprintf$6) refers to printf6.o(i._snputc) for _snputc
    printf6.o(i.__0sprintf$6) refers to printf6.o(i._printf_core) for _printf_core
    printf6.o(i.__0sprintf$6) refers to printf6.o(i._sputc) for _sputc
    printf6.o(i.__0vfprintf$6) refers to printf6.o(i._printf_core) for _printf_core
    printf6.o(i.__0vfprintf$6) refers to app.o(.text) for fputc
    printf6.o(i.__0vprintf$6) refers to printf6.o(i._printf_core) for _printf_core
    printf6.o(i.__0vprintf$6) refers to app.o(.text) for fputc
    printf6.o(i.__0vprintf$6) refers to stdout.o(.data) for __stdout
    printf6.o(i.__0vsnprintf$6) refers to printf6.o(i._printf_core) for _printf_core
    printf6.o(i.__0vsnprintf$6) refers to printf6.o(i._snputc) for _snputc
    printf6.o(i.__0vsprintf$6) refers to printf6.o(i._printf_core) for _printf_core
    printf6.o(i.__0vsprintf$6) refers to printf6.o(i._sputc) for _sputc
    printf6.o(i._printf_core) refers to printf6.o(i._printf_pre_padding) for _printf_pre_padding
    printf6.o(i._printf_core) refers to uidiv.o(.text) for __aeabi_uidivmod
    printf6.o(i._printf_core) refers to printf6.o(i._printf_post_padding) for _printf_post_padding
    printf7.o(i.__0fprintf$7) refers to printf7.o(i._printf_core) for _printf_core
    printf7.o(i.__0fprintf$7) refers to app.o(.text) for fputc
    printf7.o(i.__0printf$7) refers to printf7.o(i._printf_core) for _printf_core
    printf7.o(i.__0printf$7) refers to app.o(.text) for fputc
    printf7.o(i.__0printf$7) refers to stdout.o(.data) for __stdout
    printf7.o(i.__0snprintf$7) refers to printf7.o(i._printf_core) for _printf_core
    printf7.o(i.__0snprintf$7) refers to printf7.o(i._snputc) for _snputc
    printf7.o(i.__0sprintf$7) refers to printf7.o(i._printf_core) for _printf_core
    printf7.o(i.__0sprintf$7) refers to printf7.o(i._sputc) for _sputc
    printf7.o(i.__0vfprintf$7) refers to printf7.o(i._printf_core) for _printf_core
    printf7.o(i.__0vfprintf$7) refers to app.o(.text) for fputc
    printf7.o(i.__0vprintf$7) refers to printf7.o(i._printf_core) for _printf_core
    printf7.o(i.__0vprintf$7) refers to app.o(.text) for fputc
    printf7.o(i.__0vprintf$7) refers to stdout.o(.data) for __stdout
    printf7.o(i.__0vsnprintf$7) refers to printf7.o(i._printf_core) for _printf_core
    printf7.o(i.__0vsnprintf$7) refers to printf7.o(i._snputc) for _snputc
    printf7.o(i.__0vsprintf$7) refers to printf7.o(i._printf_core) for _printf_core
    printf7.o(i.__0vsprintf$7) refers to printf7.o(i._sputc) for _sputc
    printf7.o(i._printf_core) refers to printf7.o(i._printf_pre_padding) for _printf_pre_padding
    printf7.o(i._printf_core) refers to uldiv.o(.text) for __aeabi_uldivmod
    printf7.o(i._printf_core) refers to printf7.o(i._printf_post_padding) for _printf_post_padding
    printf8.o(i.__0fprintf$8) refers to printf8.o(i._printf_core) for _printf_core
    printf8.o(i.__0fprintf$8) refers to app.o(.text) for fputc
    printf8.o(i.__0printf$8) refers to printf8.o(i._printf_core) for _printf_core
    printf8.o(i.__0printf$8) refers to app.o(.text) for fputc
    printf8.o(i.__0printf$8) refers to stdout.o(.data) for __stdout
    printf8.o(i.__0snprintf$8) refers to printf8.o(i._printf_core) for _printf_core
    printf8.o(i.__0snprintf$8) refers to printf8.o(i._snputc) for _snputc
    printf8.o(i.__0sprintf$8) refers to printf8.o(i._printf_core) for _printf_core
    printf8.o(i.__0sprintf$8) refers to printf8.o(i._sputc) for _sputc
    printf8.o(i.__0vfprintf$8) refers to printf8.o(i._printf_core) for _printf_core
    printf8.o(i.__0vfprintf$8) refers to app.o(.text) for fputc
    printf8.o(i.__0vprintf$8) refers to printf8.o(i._printf_core) for _printf_core
    printf8.o(i.__0vprintf$8) refers to app.o(.text) for fputc
    printf8.o(i.__0vprintf$8) refers to stdout.o(.data) for __stdout
    printf8.o(i.__0vsnprintf$8) refers to printf8.o(i._printf_core) for _printf_core
    printf8.o(i.__0vsnprintf$8) refers to printf8.o(i._snputc) for _snputc
    printf8.o(i.__0vsprintf$8) refers to printf8.o(i._printf_core) for _printf_core
    printf8.o(i.__0vsprintf$8) refers to printf8.o(i._sputc) for _sputc
    printf8.o(i._printf_core) refers to printf8.o(i._printf_pre_padding) for _printf_pre_padding
    printf8.o(i._printf_core) refers to uldiv.o(.text) for __aeabi_uldivmod
    printf8.o(i._printf_core) refers to printf8.o(i._printf_post_padding) for _printf_post_padding
    printfa.o(i.__0fprintf) refers (Special) to iusefp.o(.text) for __I$use$fp
    printfa.o(i.__0fprintf) refers to printfa.o(i._printf_core) for _printf_core
    printfa.o(i.__0fprintf) refers to app.o(.text) for fputc
    printfa.o(i.__0printf) refers (Special) to iusefp.o(.text) for __I$use$fp
    printfa.o(i.__0printf) refers to printfa.o(i._printf_core) for _printf_core
    printfa.o(i.__0printf) refers to app.o(.text) for fputc
    printfa.o(i.__0printf) refers to stdout.o(.data) for __stdout
    printfa.o(i.__0snprintf) refers (Special) to iusefp.o(.text) for __I$use$fp
    printfa.o(i.__0snprintf) refers to printfa.o(i._printf_core) for _printf_core
    printfa.o(i.__0snprintf) refers to printfa.o(i._snputc) for _snputc
    printfa.o(i.__0sprintf) refers (Special) to iusefp.o(.text) for __I$use$fp
    printfa.o(i.__0sprintf) refers to printfa.o(i._printf_core) for _printf_core
    printfa.o(i.__0sprintf) refers to printfa.o(i._sputc) for _sputc
    printfa.o(i.__0vfprintf) refers (Special) to iusefp.o(.text) for __I$use$fp
    printfa.o(i.__0vfprintf) refers to printfa.o(i._printf_core) for _printf_core
    printfa.o(i.__0vfprintf) refers to app.o(.text) for fputc
    printfa.o(i.__0vprintf) refers (Special) to iusefp.o(.text) for __I$use$fp
    printfa.o(i.__0vprintf) refers to printfa.o(i._printf_core) for _printf_core
    printfa.o(i.__0vprintf) refers to app.o(.text) for fputc
    printfa.o(i.__0vprintf) refers to stdout.o(.data) for __stdout
    printfa.o(i.__0vsnprintf) refers (Special) to iusefp.o(.text) for __I$use$fp
    printfa.o(i.__0vsnprintf) refers to printfa.o(i._printf_core) for _printf_core
    printfa.o(i.__0vsnprintf) refers to printfa.o(i._snputc) for _snputc
    printfa.o(i.__0vsprintf) refers (Special) to iusefp.o(.text) for __I$use$fp
    printfa.o(i.__0vsprintf) refers to printfa.o(i._printf_core) for _printf_core
    printfa.o(i.__0vsprintf) refers to printfa.o(i._sputc) for _sputc
    printfa.o(i._fp_digits) refers (Special) to iusefp.o(.text) for __I$use$fp
    printfa.o(i._fp_digits) refers to dmul.o(.text) for __aeabi_dmul
    printfa.o(i._fp_digits) refers to ddiv.o(.text) for __aeabi_ddiv
    printfa.o(i._fp_digits) refers to cdrcmple.o(.text) for __aeabi_cdrcmple
    printfa.o(i._fp_digits) refers to dadd.o(.text) for __aeabi_dadd
    printfa.o(i._fp_digits) refers to dfixul.o(.text) for __aeabi_d2ulz
    printfa.o(i._fp_digits) refers to uldiv.o(.text) for __aeabi_uldivmod
    printfa.o(i._printf_core) refers (Special) to iusefp.o(.text) for __I$use$fp
    printfa.o(i._printf_core) refers to printfa.o(i._printf_pre_padding) for _printf_pre_padding
    printfa.o(i._printf_core) refers to uldiv.o(.text) for __aeabi_uldivmod
    printfa.o(i._printf_core) refers to printfa.o(i._printf_post_padding) for _printf_post_padding
    printfa.o(i._printf_core) refers to printfa.o(i._fp_digits) for _fp_digits
    printfa.o(i._printf_core) refers to uidiv.o(.text) for __aeabi_uidivmod
    printfa.o(i._printf_post_padding) refers (Special) to iusefp.o(.text) for __I$use$fp
    printfa.o(i._printf_pre_padding) refers (Special) to iusefp.o(.text) for __I$use$fp
    printfa.o(i._snputc) refers (Special) to iusefp.o(.text) for __I$use$fp
    printfa.o(i._sputc) refers (Special) to iusefp.o(.text) for __I$use$fp
    entry2.o(.ARM.Collect$$$$00000001) refers to entry2.o(.ARM.Collect$$$$00002712) for __lit__00000000
    entry2.o(.ARM.Collect$$$$00002712) refers to startup_stm32f10x_md.o(STACK) for __initial_sp
    entry2.o(__vectab_stack_and_reset_area) refers to startup_stm32f10x_md.o(STACK) for __initial_sp
    entry2.o(__vectab_stack_and_reset_area) refers to entry.o(.ARM.Collect$$$$00000000) for __main
    entry5.o(.ARM.Collect$$$$00000004) refers to init.o(.text) for __scatterload
    entry9a.o(.ARM.Collect$$$$0000000B) refers to main.o(.text) for main
    entry9b.o(.ARM.Collect$$$$0000000C) refers to main.o(.text) for main
    uldiv.o(.text) refers to llushr.o(.text) for __aeabi_llsr
    uldiv.o(.text) refers to llshl.o(.text) for __aeabi_llsl
    dadd.o(.text) refers to llshl.o(.text) for __aeabi_llsl
    dadd.o(.text) refers to llsshr.o(.text) for __aeabi_lasr
    dadd.o(.text) refers to depilogue.o(.text) for _double_epilogue
    dmul.o(.text) refers to depilogue.o(.text) for _double_epilogue
    ddiv.o(.text) refers to depilogue.o(.text) for _double_round
    dfixul.o(.text) refers to llushr.o(.text) for __aeabi_llsr
    dfixul.o(.text) refers to llshl.o(.text) for __aeabi_llsl
    init.o(.text) refers to entry5.o(.ARM.Collect$$$$00000004) for __main_after_scatterload
    depilogue.o(.text) refers to llshl.o(.text) for __aeabi_llsl
    depilogue.o(.text) refers to llushr.o(.text) for __aeabi_llsr


==============================================================================

Removing Unused input sections from the image.

    Removing startup_stm32f10x_md.o(HEAP), (512 bytes).
    Removing core_cm3.o(.emb_text), (32 bytes).
    Removing misc.o(.text), (220 bytes).
    Removing stm32f10x_adc.o(.text), (1102 bytes).
    Removing stm32f10x_bkp.o(.text), (196 bytes).
    Removing stm32f10x_can.o(.text), (2540 bytes).
    Removing stm32f10x_cec.o(.text), (288 bytes).
    Removing stm32f10x_crc.o(.text), (72 bytes).
    Removing stm32f10x_dac.o(.text), (396 bytes).
    Removing stm32f10x_dbgmcu.o(.text), (48 bytes).
    Removing stm32f10x_dma.o(.text), (592 bytes).
    Removing stm32f10x_exti.o(.text), (284 bytes).
    Removing stm32f10x_flash.o(.text), (1468 bytes).
    Removing stm32f10x_fsmc.o(.text), (1560 bytes).
    Removing stm32f10x_i2c.o(.text), (1028 bytes).
    Removing stm32f10x_iwdg.o(.text), (64 bytes).
    Removing stm32f10x_pwr.o(.text), (204 bytes).
    Removing stm32f10x_rtc.o(.text), (324 bytes).
    Removing stm32f10x_sdio.o(.text), (472 bytes).
    Removing stm32f10x_spi.o(.text), (780 bytes).
    Removing stm32f10x_tim.o(.text), (3610 bytes).
    Removing stm32f10x_wwdg.o(.text), (136 bytes).
    Removing os_pend_multi.o(.text), (772 bytes).
    Removing lib_ascii.o(.text), (598 bytes).
    Removing lib_math.o(.text), (128 bytes).
    Removing lib_math.o(.data), (4 bytes).
    Removing lib_mem.o(.text), (446 bytes).
    Removing lib_str.o(.text), (2264 bytes).
    Removing lib_str.o(.constdata), (148 bytes).
    Removing cpu_c.o(.text), (1916 bytes).
    Removing cpu_core.o(.text), (6 bytes).
    Removing os_app_hooks.o(.text), (20 bytes).
    Removing dadd.o(.text), (334 bytes).
    Removing dmul.o(.text), (228 bytes).
    Removing ddiv.o(.text), (222 bytes).
    Removing dfixul.o(.text), (48 bytes).
    Removing cdrcmple.o(.text), (40 bytes).
    Removing depilogue.o(.text), (190 bytes).

38 unused section(s) (total 23292 bytes) removed from the image.

==============================================================================

Image Symbol Table

    Local Symbols

    Symbol Name                              Value     Ov Type        Size  Object(Section)

    ../clib/microlib/division.c              0x00000000   Number         0  uidiv.o ABSOLUTE
    ../clib/microlib/division.c              0x00000000   Number         0  uldiv.o ABSOLUTE
    ../clib/microlib/init/entry.s            0x00000000   Number         0  entry10b.o ABSOLUTE
    ../clib/microlib/init/entry.s            0x00000000   Number         0  entry11b.o ABSOLUTE
    ../clib/microlib/init/entry.s            0x00000000   Number         0  entry2.o ABSOLUTE
    ../clib/microlib/init/entry.s            0x00000000   Number         0  entry5.o ABSOLUTE
    ../clib/microlib/init/entry.s            0x00000000   Number         0  entry7a.o ABSOLUTE
    ../clib/microlib/init/entry.s            0x00000000   Number         0  entry7b.o ABSOLUTE
    ../clib/microlib/init/entry.s            0x00000000   Number         0  entry8a.o ABSOLUTE
    ../clib/microlib/init/entry.s            0x00000000   Number         0  entry10a.o ABSOLUTE
    ../clib/microlib/init/entry.s            0x00000000   Number         0  entry9b.o ABSOLUTE
    ../clib/microlib/init/entry.s            0x00000000   Number         0  entry11a.o ABSOLUTE
    ../clib/microlib/init/entry.s            0x00000000   Number         0  entry9a.o ABSOLUTE
    ../clib/microlib/init/entry.s            0x00000000   Number         0  entry8b.o ABSOLUTE
    ../clib/microlib/init/entry.s            0x00000000   Number         0  entry.o ABSOLUTE
    ../clib/microlib/longlong.c              0x00000000   Number         0  llsshr.o ABSOLUTE
    ../clib/microlib/longlong.c              0x00000000   Number         0  llushr.o ABSOLUTE
    ../clib/microlib/longlong.c              0x00000000   Number         0  llshl.o ABSOLUTE
    ../clib/microlib/printf/printf.c         0x00000000   Number         0  printf2.o ABSOLUTE
    ../clib/microlib/printf/printf.c         0x00000000   Number         0  printf3.o ABSOLUTE
    ../clib/microlib/printf/printf.c         0x00000000   Number         0  printf4.o ABSOLUTE
    ../clib/microlib/printf/printf.c         0x00000000   Number         0  printfa.o ABSOLUTE
    ../clib/microlib/printf/printf.c         0x00000000   Number         0  printf5.o ABSOLUTE
    ../clib/microlib/printf/printf.c         0x00000000   Number         0  printf6.o ABSOLUTE
    ../clib/microlib/printf/printf.c         0x00000000   Number         0  printf7.o ABSOLUTE
    ../clib/microlib/printf/printf.c         0x00000000   Number         0  printf8.o ABSOLUTE
    ../clib/microlib/printf/printf.c         0x00000000   Number         0  printf1.o ABSOLUTE
    ../clib/microlib/printf/printf.c         0x00000000   Number         0  printf0.o ABSOLUTE
    ../clib/microlib/printf/printf.c         0x00000000   Number         0  printfb.o ABSOLUTE
    ../clib/microlib/printf/stubs.s          0x00000000   Number         0  stubs.o ABSOLUTE
    ../clib/microlib/stdio/streams.c         0x00000000   Number         0  stdout.o ABSOLUTE
    ../clib/microlib/stubs.s                 0x00000000   Number         0  iusefp.o ABSOLUTE
    ../fplib/microlib/fpadd.c                0x00000000   Number         0  dadd.o ABSOLUTE
    ../fplib/microlib/fpdiv.c                0x00000000   Number         0  ddiv.o ABSOLUTE
    ../fplib/microlib/fpepilogue.c           0x00000000   Number         0  depilogue.o ABSOLUTE
    ../fplib/microlib/fpfix.c                0x00000000   Number         0  dfixul.o ABSOLUTE
    ../fplib/microlib/fpmul.c                0x00000000   Number         0  dmul.o ABSOLUTE
    ..\..\App\app.c                          0x00000000   Number         0  app.o ABSOLUTE
    ..\..\App\dht11.c                        0x00000000   Number         0  dht11.o ABSOLUTE
    ..\..\Bsp\LedAndKey.c                    0x00000000   Number         0  ledandkey.o ABSOLUTE
    ..\..\Bsp\bsp.c                          0x00000000   Number         0  bsp.o ABSOLUTE
    ..\..\Lib\CMSIS\core_cm3.c               0x00000000   Number         0  core_cm3.o ABSOLUTE
    ..\..\Lib\CMSIS\startup\startup_stm32f10x_md.s 0x00000000   Number         0  startup_stm32f10x_md.o ABSOLUTE
    ..\..\Lib\CMSIS\stm32f10x_it.c           0x00000000   Number         0  stm32f10x_it.o ABSOLUTE
    ..\..\Lib\CMSIS\system_stm32f10x.c       0x00000000   Number         0  system_stm32f10x.o ABSOLUTE
    ..\..\Lib\FWlib\src\misc.c               0x00000000   Number         0  misc.o ABSOLUTE
    ..\..\Lib\FWlib\src\stm32f10x_adc.c      0x00000000   Number         0  stm32f10x_adc.o ABSOLUTE
    ..\..\Lib\FWlib\src\stm32f10x_bkp.c      0x00000000   Number         0  stm32f10x_bkp.o ABSOLUTE
    ..\..\Lib\FWlib\src\stm32f10x_can.c      0x00000000   Number         0  stm32f10x_can.o ABSOLUTE
    ..\..\Lib\FWlib\src\stm32f10x_cec.c      0x00000000   Number         0  stm32f10x_cec.o ABSOLUTE
    ..\..\Lib\FWlib\src\stm32f10x_crc.c      0x00000000   Number         0  stm32f10x_crc.o ABSOLUTE
    ..\..\Lib\FWlib\src\stm32f10x_dac.c      0x00000000   Number         0  stm32f10x_dac.o ABSOLUTE
    ..\..\Lib\FWlib\src\stm32f10x_dbgmcu.c   0x00000000   Number         0  stm32f10x_dbgmcu.o ABSOLUTE
    ..\..\Lib\FWlib\src\stm32f10x_dma.c      0x00000000   Number         0  stm32f10x_dma.o ABSOLUTE
    ..\..\Lib\FWlib\src\stm32f10x_exti.c     0x00000000   Number         0  stm32f10x_exti.o ABSOLUTE
    ..\..\Lib\FWlib\src\stm32f10x_flash.c    0x00000000   Number         0  stm32f10x_flash.o ABSOLUTE
    ..\..\Lib\FWlib\src\stm32f10x_fsmc.c     0x00000000   Number         0  stm32f10x_fsmc.o ABSOLUTE
    ..\..\Lib\FWlib\src\stm32f10x_gpio.c     0x00000000   Number         0  stm32f10x_gpio.o ABSOLUTE
    ..\..\Lib\FWlib\src\stm32f10x_i2c.c      0x00000000   Number         0  stm32f10x_i2c.o ABSOLUTE
    ..\..\Lib\FWlib\src\stm32f10x_iwdg.c     0x00000000   Number         0  stm32f10x_iwdg.o ABSOLUTE
    ..\..\Lib\FWlib\src\stm32f10x_pwr.c      0x00000000   Number         0  stm32f10x_pwr.o ABSOLUTE
    ..\..\Lib\FWlib\src\stm32f10x_rcc.c      0x00000000   Number         0  stm32f10x_rcc.o ABSOLUTE
    ..\..\Lib\FWlib\src\stm32f10x_rtc.c      0x00000000   Number         0  stm32f10x_rtc.o ABSOLUTE
    ..\..\Lib\FWlib\src\stm32f10x_sdio.c     0x00000000   Number         0  stm32f10x_sdio.o ABSOLUTE
    ..\..\Lib\FWlib\src\stm32f10x_spi.c      0x00000000   Number         0  stm32f10x_spi.o ABSOLUTE
    ..\..\Lib\FWlib\src\stm32f10x_tim.c      0x00000000   Number         0  stm32f10x_tim.o ABSOLUTE
    ..\..\Lib\FWlib\src\stm32f10x_usart.c    0x00000000   Number         0  stm32f10x_usart.o ABSOLUTE
    ..\..\Lib\FWlib\src\stm32f10x_wwdg.c     0x00000000   Number         0  stm32f10x_wwdg.o ABSOLUTE
    ..\..\User\main.c                        0x00000000   Number         0  main.o ABSOLUTE
    ..\..\uCOS-III\Cfg\os_app_hooks.c        0x00000000   Number         0  os_app_hooks.o ABSOLUTE
    ..\..\uCOS-III\Ports\os_cpu_a.asm        0x00000000   Number         0  os_cpu_a.o ABSOLUTE
    ..\..\uCOS-III\Ports\os_cpu_c.c          0x00000000   Number         0  os_cpu_c.o ABSOLUTE
    ..\..\uCOS-III\Source\os_cfg_app.c       0x00000000   Number         0  os_cfg_app.o ABSOLUTE
    ..\..\uCOS-III\Source\os_core.c          0x00000000   Number         0  os_core.o ABSOLUTE
    ..\..\uCOS-III\Source\os_dbg.c           0x00000000   Number         0  os_dbg.o ABSOLUTE
    ..\..\uCOS-III\Source\os_flag.c          0x00000000   Number         0  os_flag.o ABSOLUTE
    ..\..\uCOS-III\Source\os_int.c           0x00000000   Number         0  os_int.o ABSOLUTE
    ..\..\uCOS-III\Source\os_mem.c           0x00000000   Number         0  os_mem.o ABSOLUTE
    ..\..\uCOS-III\Source\os_msg.c           0x00000000   Number         0  os_msg.o ABSOLUTE
    ..\..\uCOS-III\Source\os_mutex.c         0x00000000   Number         0  os_mutex.o ABSOLUTE
    ..\..\uCOS-III\Source\os_pend_multi.c    0x00000000   Number         0  os_pend_multi.o ABSOLUTE
    ..\..\uCOS-III\Source\os_prio.c          0x00000000   Number         0  os_prio.o ABSOLUTE
    ..\..\uCOS-III\Source\os_q.c             0x00000000   Number         0  os_q.o ABSOLUTE
    ..\..\uCOS-III\Source\os_sem.c           0x00000000   Number         0  os_sem.o ABSOLUTE
    ..\..\uCOS-III\Source\os_stat.c          0x00000000   Number         0  os_stat.o ABSOLUTE
    ..\..\uCOS-III\Source\os_task.c          0x00000000   Number         0  os_task.o ABSOLUTE
    ..\..\uCOS-III\Source\os_tick.c          0x00000000   Number         0  os_tick.o ABSOLUTE
    ..\..\uCOS-III\Source\os_time.c          0x00000000   Number         0  os_time.o ABSOLUTE
    ..\..\uCOS-III\Source\os_tmr.c           0x00000000   Number         0  os_tmr.o ABSOLUTE
    ..\..\uCOS-III\Source\os_var.c           0x00000000   Number         0  os_var.o ABSOLUTE
    ..\..\uCOS-III\uC-CPU\cpu_a.asm          0x00000000   Number         0  cpu_a.o ABSOLUTE
    ..\..\uCOS-III\uC-CPU\cpu_c.c            0x00000000   Number         0  cpu_c.o ABSOLUTE
    ..\..\uCOS-III\uC-CPU\cpu_core.c         0x00000000   Number         0  cpu_core.o ABSOLUTE
    ..\..\uCOS-III\uC-LIB\lib_ascii.c        0x00000000   Number         0  lib_ascii.o ABSOLUTE
    ..\..\uCOS-III\uC-LIB\lib_math.c         0x00000000   Number         0  lib_math.o ABSOLUTE
    ..\..\uCOS-III\uC-LIB\lib_mem.c          0x00000000   Number         0  lib_mem.o ABSOLUTE
    ..\..\uCOS-III\uC-LIB\lib_str.c          0x00000000   Number         0  lib_str.o ABSOLUTE
    ..\\..\\Lib\\CMSIS\\core_cm3.c           0x00000000   Number         0  core_cm3.o ABSOLUTE
    cdrcmple.s                               0x00000000   Number         0  cdrcmple.o ABSOLUTE
    dc.s                                     0x00000000   Number         0  dc.o ABSOLUTE
    handlers.s                               0x00000000   Number         0  handlers.o ABSOLUTE
    init.s                                   0x00000000   Number         0  init.o ABSOLUTE
    RESET                                    0x08000000   Section      236  startup_stm32f10x_md.o(RESET)
    .ARM.Collect$$$$00000000                 0x080000ec   Section        0  entry.o(.ARM.Collect$$$$00000000)
    .ARM.Collect$$$$00000001                 0x080000ec   Section        4  entry2.o(.ARM.Collect$$$$00000001)
    .ARM.Collect$$$$00000004                 0x080000f0   Section        4  entry5.o(.ARM.Collect$$$$00000004)
    .ARM.Collect$$$$00000008                 0x080000f4   Section        0  entry7b.o(.ARM.Collect$$$$00000008)
    .ARM.Collect$$$$0000000A                 0x080000f4   Section        0  entry8b.o(.ARM.Collect$$$$0000000A)
    .ARM.Collect$$$$0000000B                 0x080000f4   Section        8  entry9a.o(.ARM.Collect$$$$0000000B)
    .ARM.Collect$$$$0000000D                 0x080000fc   Section        0  entry10a.o(.ARM.Collect$$$$0000000D)
    .ARM.Collect$$$$0000000F                 0x080000fc   Section        0  entry11a.o(.ARM.Collect$$$$0000000F)
    .ARM.Collect$$$$00002712                 0x080000fc   Section        4  entry2.o(.ARM.Collect$$$$00002712)
    __lit__00000000                          0x080000fc   Data           4  entry2.o(.ARM.Collect$$$$00002712)
    .text                                    0x08000100   Section       36  startup_stm32f10x_md.o(.text)
    .text                                    0x08000124   Section        0  stm32f10x_it.o(.text)
    .text                                    0x08000150   Section        0  system_stm32f10x.o(.text)
    SetSysClockTo72                          0x08000151   Thumb Code   212  system_stm32f10x.o(.text)
    SetSysClock                              0x08000225   Thumb Code     8  system_stm32f10x.o(.text)
    .text                                    0x0800032c   Section        0  stm32f10x_gpio.o(.text)
    .text                                    0x08000684   Section        0  stm32f10x_rcc.o(.text)
    .text                                    0x08000a28   Section        0  stm32f10x_usart.o(.text)
    .text                                    0x08000e30   Section        0  main.o(.text)
    .text                                    0x08000f08   Section        0  app.o(.text)
    .text                                    0x08000ffc   Section        0  dht11.o(.text)
    .text                                    0x08001198   Section        0  bsp.o(.text)
    .text                                    0x08001274   Section        0  ledandkey.o(.text)
    .text                                    0x08001304   Section        0  os_cfg_app.o(.text)
    .text                                    0x08001400   Section        0  os_core.o(.text)
    .text                                    0x08002114   Section        0  os_dbg.o(.text)
    .text                                    0x080022b0   Section        0  os_flag.o(.text)
    .text                                    0x08003004   Section        0  os_int.o(.text)
    .text                                    0x080033d0   Section        0  os_mem.o(.text)
    .text                                    0x0800363c   Section        0  os_msg.o(.text)
    .text                                    0x080038b0   Section        0  os_prio.o(.text)
    .text                                    0x0800392c   Section        0  os_q.o(.text)
    .text                                    0x0800414c   Section        0  os_sem.o(.text)
    .text                                    0x08004880   Section        0  os_stat.o(.text)
    .text                                    0x08004ba8   Section        0  os_task.o(.text)
    .text                                    0x08005b08   Section        0  os_tick.o(.text)
    .text                                    0x08005fdc   Section        0  os_time.o(.text)
    .text                                    0x0800651c   Section        0  os_tmr.o(.text)
    .text                                    0x08006c90   Section      132  os_cpu_a.o(.text)
    .text                                    0x08006d14   Section        0  os_cpu_c.o(.text)
    .text                                    0x08006e04   Section       42  cpu_a.o(.text)
    .text                                    0x08006e2e   Section        0  uidiv.o(.text)
    .text                                    0x08006e5c   Section       36  init.o(.text)
    i.__0printf$1                            0x08006e80   Section        0  printf1.o(i.__0printf$1)
    i.__scatterload_copy                     0x08006ea0   Section       14  handlers.o(i.__scatterload_copy)
    i.__scatterload_null                     0x08006eae   Section        2  handlers.o(i.__scatterload_null)
    i.__scatterload_zeroinit                 0x08006eb0   Section       14  handlers.o(i.__scatterload_zeroinit)
    i._printf_core                           0x08006ec0   Section        0  printf1.o(i._printf_core)
    _printf_core                             0x08006ec1   Thumb Code   334  printf1.o(i._printf_core)
    .constdata                               0x08007014   Section      164  os_cfg_app.o(.constdata)
    .constdata                               0x080070b8   Section      364  os_dbg.o(.constdata)
    .data                                    0x20000000   Section       20  system_stm32f10x.o(.data)
    .data                                    0x20000014   Section       20  stm32f10x_rcc.o(.data)
    APBAHBPrescTable                         0x20000014   Data          16  stm32f10x_rcc.o(.data)
    ADCPrescTable                            0x20000024   Data           4  stm32f10x_rcc.o(.data)
    .data                                    0x20000028   Section        2  main.o(.data)
    .data                                    0x2000002c   Section        4  dht11.o(.data)
    .data                                    0x20000030   Section        4  ledandkey.o(.data)
    .data                                    0x20000034   Section        4  os_prio.o(.data)
    .data                                    0x20000038   Section      156  os_var.o(.data)
    .data                                    0x200000d4   Section        4  os_cpu_c.o(.data)
    .data                                    0x200000d8   Section        4  stdout.o(.data)
    .bss                                     0x200000dc   Section     1336  main.o(.bss)
    .bss                                     0x20000614   Section     5200  os_cfg_app.o(.bss)
    .bss                                     0x20001a64   Section      776  os_var.o(.bss)
    STACK                                    0x20001d70   Section     1024  startup_stm32f10x_md.o(STACK)

    Global Symbols

    Symbol Name                              Value     Ov Type        Size  Object(Section)

    BuildAttributes$$THM_ISAv4$P$D$K$B$S$PE$A:L22UL41UL21$X:L11$S22US41US21$IEEE1$IW$USESV6$~STKCKD$USESV7$~SHL$OSPACE$ROPI$EBA8$MICROLIB$REQ8$PRES8$EABIv2 0x00000000   Number         0  anon$$obj.o ABSOLUTE
    __ARM_use_no_argv                        0x00000000   Number         0  main.o ABSOLUTE
    _printf_a                                0x00000000   Number         0  stubs.o ABSOLUTE
    _printf_c                                0x00000000   Number         0  stubs.o ABSOLUTE
    _printf_charcount                        0x00000000   Number         0  stubs.o ABSOLUTE
    _printf_d                                0x00000000   Number         0  stubs.o ABSOLUTE
    _printf_e                                0x00000000   Number         0  stubs.o ABSOLUTE
    _printf_f                                0x00000000   Number         0  stubs.o ABSOLUTE
    _printf_flags                            0x00000000   Number         0  stubs.o ABSOLUTE
    _printf_fp_dec                           0x00000000   Number         0  stubs.o ABSOLUTE
    _printf_fp_hex                           0x00000000   Number         0  stubs.o ABSOLUTE
    _printf_g                                0x00000000   Number         0  stubs.o ABSOLUTE
    _printf_i                                0x00000000   Number         0  stubs.o ABSOLUTE
    _printf_int_dec                          0x00000000   Number         0  stubs.o ABSOLUTE
    _printf_l                                0x00000000   Number         0  stubs.o ABSOLUTE
    _printf_lc                               0x00000000   Number         0  stubs.o ABSOLUTE
    _printf_ll                               0x00000000   Number         0  stubs.o ABSOLUTE
    _printf_lld                              0x00000000   Number         0  stubs.o ABSOLUTE
    _printf_lli                              0x00000000   Number         0  stubs.o ABSOLUTE
    _printf_llo                              0x00000000   Number         0  stubs.o ABSOLUTE
    _printf_llu                              0x00000000   Number         0  stubs.o ABSOLUTE
    _printf_llx                              0x00000000   Number         0  stubs.o ABSOLUTE
    _printf_longlong_dec                     0x00000000   Number         0  stubs.o ABSOLUTE
    _printf_longlong_hex                     0x00000000   Number         0  stubs.o ABSOLUTE
    _printf_longlong_oct                     0x00000000   Number         0  stubs.o ABSOLUTE
    _printf_ls                               0x00000000   Number         0  stubs.o ABSOLUTE
    _printf_mbtowc                           0x00000000   Number         0  stubs.o ABSOLUTE
    _printf_n                                0x00000000   Number         0  stubs.o ABSOLUTE
    _printf_o                                0x00000000   Number         0  stubs.o ABSOLUTE
    _printf_p                                0x00000000   Number         0  stubs.o ABSOLUTE
    _printf_percent                          0x00000000   Number         0  stubs.o ABSOLUTE
    _printf_pre_padding                      0x00000000   Number         0  stubs.o ABSOLUTE
    _printf_return_value                     0x00000000   Number         0  stubs.o ABSOLUTE
    _printf_s                                0x00000000   Number         0  stubs.o ABSOLUTE
    _printf_sizespec                         0x00000000   Number         0  stubs.o ABSOLUTE
    _printf_str                              0x00000000   Number         0  stubs.o ABSOLUTE
    _printf_truncate_signed                  0x00000000   Number         0  stubs.o ABSOLUTE
    _printf_truncate_unsigned                0x00000000   Number         0  stubs.o ABSOLUTE
    _printf_u                                0x00000000   Number         0  stubs.o ABSOLUTE
    _printf_wc                               0x00000000   Number         0  stubs.o ABSOLUTE
    _printf_wctomb                           0x00000000   Number         0  stubs.o ABSOLUTE
    _printf_widthprec                        0x00000000   Number         0  stubs.o ABSOLUTE
    _printf_x                                0x00000000   Number         0  stubs.o ABSOLUTE
    __cpp_initialize__aeabi_                  - Undefined Weak Reference
    __cxa_finalize                            - Undefined Weak Reference
    __decompress                              - Undefined Weak Reference
    _clock_init                               - Undefined Weak Reference
    _microlib_exit                            - Undefined Weak Reference
    __Vectors_Size                           0x000000ec   Number         0  startup_stm32f10x_md.o ABSOLUTE
    __Vectors                                0x08000000   Data           4  startup_stm32f10x_md.o(RESET)
    __Vectors_End                            0x080000ec   Data           0  startup_stm32f10x_md.o(RESET)
    __main                                   0x080000ed   Thumb Code     0  entry.o(.ARM.Collect$$$$00000000)
    _main_stk                                0x080000ed   Thumb Code     0  entry2.o(.ARM.Collect$$$$00000001)
    _main_scatterload                        0x080000f1   Thumb Code     0  entry5.o(.ARM.Collect$$$$00000004)
    __main_after_scatterload                 0x080000f5   Thumb Code     0  entry5.o(.ARM.Collect$$$$00000004)
    _main_clock                              0x080000f5   Thumb Code     0  entry7b.o(.ARM.Collect$$$$00000008)
    _main_cpp_init                           0x080000f5   Thumb Code     0  entry8b.o(.ARM.Collect$$$$0000000A)
    _main_init                               0x080000f5   Thumb Code     0  entry9a.o(.ARM.Collect$$$$0000000B)
    __rt_final_cpp                           0x080000fd   Thumb Code     0  entry10a.o(.ARM.Collect$$$$0000000D)
    __rt_final_exit                          0x080000fd   Thumb Code     0  entry11a.o(.ARM.Collect$$$$0000000F)
    Reset_Handler                            0x08000101   Thumb Code     8  startup_stm32f10x_md.o(.text)
    ADC1_2_IRQHandler                        0x0800011b   Thumb Code     0  startup_stm32f10x_md.o(.text)
    CAN1_RX1_IRQHandler                      0x0800011b   Thumb Code     0  startup_stm32f10x_md.o(.text)
    CAN1_SCE_IRQHandler                      0x0800011b   Thumb Code     0  startup_stm32f10x_md.o(.text)
    DMA1_Channel1_IRQHandler                 0x0800011b   Thumb Code     0  startup_stm32f10x_md.o(.text)
    DMA1_Channel2_IRQHandler                 0x0800011b   Thumb Code     0  startup_stm32f10x_md.o(.text)
    DMA1_Channel3_IRQHandler                 0x0800011b   Thumb Code     0  startup_stm32f10x_md.o(.text)
    DMA1_Channel4_IRQHandler                 0x0800011b   Thumb Code     0  startup_stm32f10x_md.o(.text)
    DMA1_Channel5_IRQHandler                 0x0800011b   Thumb Code     0  startup_stm32f10x_md.o(.text)
    DMA1_Channel6_IRQHandler                 0x0800011b   Thumb Code     0  startup_stm32f10x_md.o(.text)
    DMA1_Channel7_IRQHandler                 0x0800011b   Thumb Code     0  startup_stm32f10x_md.o(.text)
    EXTI0_IRQHandler                         0x0800011b   Thumb Code     0  startup_stm32f10x_md.o(.text)
    EXTI15_10_IRQHandler                     0x0800011b   Thumb Code     0  startup_stm32f10x_md.o(.text)
    EXTI1_IRQHandler                         0x0800011b   Thumb Code     0  startup_stm32f10x_md.o(.text)
    EXTI2_IRQHandler                         0x0800011b   Thumb Code     0  startup_stm32f10x_md.o(.text)
    EXTI3_IRQHandler                         0x0800011b   Thumb Code     0  startup_stm32f10x_md.o(.text)
    EXTI4_IRQHandler                         0x0800011b   Thumb Code     0  startup_stm32f10x_md.o(.text)
    EXTI9_5_IRQHandler                       0x0800011b   Thumb Code     0  startup_stm32f10x_md.o(.text)
    FLASH_IRQHandler                         0x0800011b   Thumb Code     0  startup_stm32f10x_md.o(.text)
    I2C1_ER_IRQHandler                       0x0800011b   Thumb Code     0  startup_stm32f10x_md.o(.text)
    I2C1_EV_IRQHandler                       0x0800011b   Thumb Code     0  startup_stm32f10x_md.o(.text)
    I2C2_ER_IRQHandler                       0x0800011b   Thumb Code     0  startup_stm32f10x_md.o(.text)
    I2C2_EV_IRQHandler                       0x0800011b   Thumb Code     0  startup_stm32f10x_md.o(.text)
    PVD_IRQHandler                           0x0800011b   Thumb Code     0  startup_stm32f10x_md.o(.text)
    RCC_IRQHandler                           0x0800011b   Thumb Code     0  startup_stm32f10x_md.o(.text)
    RTCAlarm_IRQHandler                      0x0800011b   Thumb Code     0  startup_stm32f10x_md.o(.text)
    RTC_IRQHandler                           0x0800011b   Thumb Code     0  startup_stm32f10x_md.o(.text)
    SPI1_IRQHandler                          0x0800011b   Thumb Code     0  startup_stm32f10x_md.o(.text)
    SPI2_IRQHandler                          0x0800011b   Thumb Code     0  startup_stm32f10x_md.o(.text)
    TAMPER_IRQHandler                        0x0800011b   Thumb Code     0  startup_stm32f10x_md.o(.text)
    TIM1_BRK_IRQHandler                      0x0800011b   Thumb Code     0  startup_stm32f10x_md.o(.text)
    TIM1_CC_IRQHandler                       0x0800011b   Thumb Code     0  startup_stm32f10x_md.o(.text)
    TIM1_TRG_COM_IRQHandler                  0x0800011b   Thumb Code     0  startup_stm32f10x_md.o(.text)
    TIM1_UP_IRQHandler                       0x0800011b   Thumb Code     0  startup_stm32f10x_md.o(.text)
    TIM2_IRQHandler                          0x0800011b   Thumb Code     0  startup_stm32f10x_md.o(.text)
    TIM3_IRQHandler                          0x0800011b   Thumb Code     0  startup_stm32f10x_md.o(.text)
    TIM4_IRQHandler                          0x0800011b   Thumb Code     0  startup_stm32f10x_md.o(.text)
    USART1_IRQHandler                        0x0800011b   Thumb Code     0  startup_stm32f10x_md.o(.text)
    USART2_IRQHandler                        0x0800011b   Thumb Code     0  startup_stm32f10x_md.o(.text)
    USART3_IRQHandler                        0x0800011b   Thumb Code     0  startup_stm32f10x_md.o(.text)
    USBWakeUp_IRQHandler                     0x0800011b   Thumb Code     0  startup_stm32f10x_md.o(.text)
    USB_HP_CAN1_TX_IRQHandler                0x0800011b   Thumb Code     0  startup_stm32f10x_md.o(.text)
    USB_LP_CAN1_RX0_IRQHandler               0x0800011b   Thumb Code     0  startup_stm32f10x_md.o(.text)
    WWDG_IRQHandler                          0x0800011b   Thumb Code     0  startup_stm32f10x_md.o(.text)
    NMI_Handler                              0x08000125   Thumb Code     2  stm32f10x_it.o(.text)
    HardFault_Handler                        0x08000127   Thumb Code     4  stm32f10x_it.o(.text)
    MemManage_Handler                        0x0800012b   Thumb Code     4  stm32f10x_it.o(.text)
    BusFault_Handler                         0x0800012f   Thumb Code     4  stm32f10x_it.o(.text)
    UsageFault_Handler                       0x08000133   Thumb Code     4  stm32f10x_it.o(.text)
    SVC_Handler                              0x08000137   Thumb Code     2  stm32f10x_it.o(.text)
    DebugMon_Handler                         0x08000139   Thumb Code     2  stm32f10x_it.o(.text)
    SysTick_Handler                          0x0800013b   Thumb Code    18  stm32f10x_it.o(.text)
    SystemInit                               0x0800022d   Thumb Code    78  system_stm32f10x.o(.text)
    SystemCoreClockUpdate                    0x0800027b   Thumb Code   142  system_stm32f10x.o(.text)
    GPIO_DeInit                              0x0800032d   Thumb Code   172  stm32f10x_gpio.o(.text)
    GPIO_AFIODeInit                          0x080003d9   Thumb Code    20  stm32f10x_gpio.o(.text)
    GPIO_Init                                0x080003ed   Thumb Code   274  stm32f10x_gpio.o(.text)
    GPIO_StructInit                          0x080004ff   Thumb Code    16  stm32f10x_gpio.o(.text)
    GPIO_ReadInputDataBit                    0x0800050f   Thumb Code    18  stm32f10x_gpio.o(.text)
    GPIO_ReadInputData                       0x08000521   Thumb Code     8  stm32f10x_gpio.o(.text)
    GPIO_ReadOutputDataBit                   0x08000529   Thumb Code    18  stm32f10x_gpio.o(.text)
    GPIO_ReadOutputData                      0x0800053b   Thumb Code     8  stm32f10x_gpio.o(.text)
    GPIO_SetBits                             0x08000543   Thumb Code     4  stm32f10x_gpio.o(.text)
    GPIO_ResetBits                           0x08000547   Thumb Code     4  stm32f10x_gpio.o(.text)
    GPIO_WriteBit                            0x0800054b   Thumb Code    10  stm32f10x_gpio.o(.text)
    GPIO_Write                               0x08000555   Thumb Code     4  stm32f10x_gpio.o(.text)
    GPIO_PinLockConfig                       0x08000559   Thumb Code    18  stm32f10x_gpio.o(.text)
    GPIO_EventOutputConfig                   0x0800056b   Thumb Code    26  stm32f10x_gpio.o(.text)
    GPIO_EventOutputCmd                      0x08000585   Thumb Code     6  stm32f10x_gpio.o(.text)
    GPIO_PinRemapConfig                      0x0800058b   Thumb Code   138  stm32f10x_gpio.o(.text)
    GPIO_EXTILineConfig                      0x08000615   Thumb Code    66  stm32f10x_gpio.o(.text)
    GPIO_ETH_MediaInterfaceConfig            0x08000657   Thumb Code     6  stm32f10x_gpio.o(.text)
    RCC_DeInit                               0x08000685   Thumb Code    64  stm32f10x_rcc.o(.text)
    RCC_HSEConfig                            0x080006c5   Thumb Code    70  stm32f10x_rcc.o(.text)
    RCC_GetFlagStatus                        0x0800070b   Thumb Code    56  stm32f10x_rcc.o(.text)
    RCC_WaitForHSEStartUp                    0x08000743   Thumb Code    56  stm32f10x_rcc.o(.text)
    RCC_AdjustHSICalibrationValue            0x0800077b   Thumb Code    20  stm32f10x_rcc.o(.text)
    RCC_HSICmd                               0x0800078f   Thumb Code     6  stm32f10x_rcc.o(.text)
    RCC_PLLConfig                            0x08000795   Thumb Code    24  stm32f10x_rcc.o(.text)
    RCC_PLLCmd                               0x080007ad   Thumb Code     6  stm32f10x_rcc.o(.text)
    RCC_SYSCLKConfig                         0x080007b3   Thumb Code    18  stm32f10x_rcc.o(.text)
    RCC_GetSYSCLKSource                      0x080007c5   Thumb Code    10  stm32f10x_rcc.o(.text)
    RCC_HCLKConfig                           0x080007cf   Thumb Code    18  stm32f10x_rcc.o(.text)
    RCC_PCLK1Config                          0x080007e1   Thumb Code    18  stm32f10x_rcc.o(.text)
    RCC_PCLK2Config                          0x080007f3   Thumb Code    20  stm32f10x_rcc.o(.text)
    RCC_ITConfig                             0x08000807   Thumb Code    26  stm32f10x_rcc.o(.text)
    RCC_USBCLKConfig                         0x08000821   Thumb Code     6  stm32f10x_rcc.o(.text)
    RCC_ADCCLKConfig                         0x08000827   Thumb Code    18  stm32f10x_rcc.o(.text)
    RCC_LSEConfig                            0x08000839   Thumb Code    44  stm32f10x_rcc.o(.text)
    RCC_LSICmd                               0x08000865   Thumb Code     6  stm32f10x_rcc.o(.text)
    RCC_RTCCLKConfig                         0x0800086b   Thumb Code    12  stm32f10x_rcc.o(.text)
    RCC_RTCCLKCmd                            0x08000877   Thumb Code     8  stm32f10x_rcc.o(.text)
    RCC_GetClocksFreq                        0x0800087f   Thumb Code   192  stm32f10x_rcc.o(.text)
    RCC_AHBPeriphClockCmd                    0x0800093f   Thumb Code    26  stm32f10x_rcc.o(.text)
    RCC_APB2PeriphClockCmd                   0x08000959   Thumb Code    26  stm32f10x_rcc.o(.text)
    RCC_APB1PeriphClockCmd                   0x08000973   Thumb Code    26  stm32f10x_rcc.o(.text)
    RCC_APB2PeriphResetCmd                   0x0800098d   Thumb Code    26  stm32f10x_rcc.o(.text)
    RCC_APB1PeriphResetCmd                   0x080009a7   Thumb Code    26  stm32f10x_rcc.o(.text)
    RCC_BackupResetCmd                       0x080009c1   Thumb Code     8  stm32f10x_rcc.o(.text)
    RCC_ClockSecuritySystemCmd               0x080009c9   Thumb Code     6  stm32f10x_rcc.o(.text)
    RCC_MCOConfig                            0x080009cf   Thumb Code     6  stm32f10x_rcc.o(.text)
    RCC_ClearFlag                            0x080009d5   Thumb Code    14  stm32f10x_rcc.o(.text)
    RCC_GetITStatus                          0x080009e3   Thumb Code    20  stm32f10x_rcc.o(.text)
    RCC_ClearITPendingBit                    0x080009f7   Thumb Code     6  stm32f10x_rcc.o(.text)
    USART_DeInit                             0x08000a29   Thumb Code   134  stm32f10x_usart.o(.text)
    USART_Init                               0x08000aaf   Thumb Code   210  stm32f10x_usart.o(.text)
    USART_StructInit                         0x08000b81   Thumb Code    24  stm32f10x_usart.o(.text)
    USART_ClockInit                          0x08000b99   Thumb Code    34  stm32f10x_usart.o(.text)
    USART_ClockStructInit                    0x08000bbb   Thumb Code    12  stm32f10x_usart.o(.text)
    USART_Cmd                                0x08000bc7   Thumb Code    24  stm32f10x_usart.o(.text)
    USART_ITConfig                           0x08000bdf   Thumb Code    74  stm32f10x_usart.o(.text)
    USART_DMACmd                             0x08000c29   Thumb Code    18  stm32f10x_usart.o(.text)
    USART_SetAddress                         0x08000c3b   Thumb Code    18  stm32f10x_usart.o(.text)
    USART_WakeUpConfig                       0x08000c4d   Thumb Code    18  stm32f10x_usart.o(.text)
    USART_ReceiverWakeUpCmd                  0x08000c5f   Thumb Code    24  stm32f10x_usart.o(.text)
    USART_LINBreakDetectLengthConfig         0x08000c77   Thumb Code    18  stm32f10x_usart.o(.text)
    USART_LINCmd                             0x08000c89   Thumb Code    24  stm32f10x_usart.o(.text)
    USART_SendData                           0x08000ca1   Thumb Code     8  stm32f10x_usart.o(.text)
    USART_ReceiveData                        0x08000ca9   Thumb Code    10  stm32f10x_usart.o(.text)
    USART_SendBreak                          0x08000cb3   Thumb Code    10  stm32f10x_usart.o(.text)
    USART_SetGuardTime                       0x08000cbd   Thumb Code    16  stm32f10x_usart.o(.text)
    USART_SetPrescaler                       0x08000ccd   Thumb Code    16  stm32f10x_usart.o(.text)
    USART_SmartCardCmd                       0x08000cdd   Thumb Code    24  stm32f10x_usart.o(.text)
    USART_SmartCardNACKCmd                   0x08000cf5   Thumb Code    24  stm32f10x_usart.o(.text)
    USART_HalfDuplexCmd                      0x08000d0d   Thumb Code    24  stm32f10x_usart.o(.text)
    USART_OverSampling8Cmd                   0x08000d25   Thumb Code    22  stm32f10x_usart.o(.text)
    USART_OneBitMethodCmd                    0x08000d3b   Thumb Code    24  stm32f10x_usart.o(.text)
    USART_IrDAConfig                         0x08000d53   Thumb Code    18  stm32f10x_usart.o(.text)
    USART_IrDACmd                            0x08000d65   Thumb Code    24  stm32f10x_usart.o(.text)
    USART_GetFlagStatus                      0x08000d7d   Thumb Code    26  stm32f10x_usart.o(.text)
    USART_ClearFlag                          0x08000d97   Thumb Code    18  stm32f10x_usart.o(.text)
    USART_GetITStatus                        0x08000da9   Thumb Code    84  stm32f10x_usart.o(.text)
    USART_ClearITPendingBit                  0x08000dfd   Thumb Code    52  stm32f10x_usart.o(.text)
    main                                     0x08000e31   Thumb Code   146  main.o(.text)
    Task1                                    0x08000f09   Thumb Code    56  app.o(.text)
    Task2                                    0x08000f41   Thumb Code    60  app.o(.text)
    fputc                                    0x08000f7d   Thumb Code    46  app.o(.text)
    delay_us                                 0x08000ffd   Thumb Code    48  dht11.o(.text)
    DHT_set_gpio_output                      0x0800102d   Thumb Code    46  dht11.o(.text)
    DHT_set_gpio_input                       0x0800105b   Thumb Code    46  dht11.o(.text)
    DHT_start                                0x08001089   Thumb Code   112  dht11.o(.text)
    DHT_read_byte                            0x080010f9   Thumb Code    78  dht11.o(.text)
    DHT_read                                 0x08001147   Thumb Code    68  dht11.o(.text)
    SysTick_init                             0x08001199   Thumb Code    98  bsp.o(.text)
    BSP_Init                                 0x080011fb   Thumb Code   104  bsp.o(.text)
    wait                                     0x08001275   Thumb Code    12  ledandkey.o(.text)
    Led_Configuration                        0x08001281   Thumb Code    32  ledandkey.o(.text)
    Key_Configuration                        0x080012a1   Thumb Code    32  ledandkey.o(.text)
    Key_Scan                                 0x080012c1   Thumb Code    60  ledandkey.o(.text)
    OSCfg_Init                               0x08001305   Thumb Code    86  os_cfg_app.o(.text)
    OS_IdleTask                              0x08001401   Thumb Code    60  os_core.o(.text)
    OS_IdleTaskInit                          0x0800143d   Thumb Code    68  os_core.o(.text)
    OS_RdyListInit                           0x08001481   Thumb Code    32  os_core.o(.text)
    OSInit                                   0x080014a1   Thumb Code   222  os_core.o(.text)
    OSIntEnter                               0x0800157f   Thumb Code    34  os_core.o(.text)
    OSIntExit                                0x080015a1   Thumb Code   174  os_core.o(.text)
    OSSched                                  0x0800164f   Thumb Code   116  os_core.o(.text)
    OSSchedLock                              0x080016c3   Thumb Code   100  os_core.o(.text)
    OSSchedUnlock                            0x08001727   Thumb Code   132  os_core.o(.text)
    OSSchedRoundRobinCfg                     0x080017ab   Thumb Code   190  os_core.o(.text)
    OS_RdyListMoveHeadToTail                 0x08001869   Thumb Code    68  os_core.o(.text)
    OSSchedRoundRobinYield                   0x080018ad   Thumb Code   164  os_core.o(.text)
    OSStart                                  0x08001951   Thumb Code    78  os_core.o(.text)
    OSVersion                                0x0800199f   Thumb Code    12  os_core.o(.text)
    OS_PendDbgNameAdd                        0x080019ab   Thumb Code    66  os_core.o(.text)
    OS_PendListInsertPrio                    0x080019ed   Thumb Code   102  os_core.o(.text)
    OS_PendDataInit                          0x08001a53   Thumb Code    38  os_core.o(.text)
    OS_RdyListRemove                         0x08001a79   Thumb Code    86  os_core.o(.text)
    OS_TaskBlock                             0x08001acf   Thumb Code    56  os_core.o(.text)
    OS_Pend                                  0x08001b07   Thumb Code    98  os_core.o(.text)
    OS_PendListRemove1                       0x08001b69   Thumb Code    66  os_core.o(.text)
    OS_PendListRemove                        0x08001bab   Thumb Code    48  os_core.o(.text)
    OS_PendAbort1                            0x08001bdb   Thumb Code    36  os_core.o(.text)
    OS_RdyListInsertHead                     0x08001bff   Thumb Code    58  os_core.o(.text)
    OS_RdyListInsertTail                     0x08001c39   Thumb Code    56  os_core.o(.text)
    OS_RdyListInsert                         0x08001c71   Thumb Code   104  os_core.o(.text)
    OS_TaskRdy                               0x08001cd9   Thumb Code    28  os_core.o(.text)
    OS_PendAbort                             0x08001cf5   Thumb Code   178  os_core.o(.text)
    OS_PendDbgNameRemove                     0x08001da7   Thumb Code    34  os_core.o(.text)
    OS_PendListChangePrio                    0x08001dc9   Thumb Code    70  os_core.o(.text)
    OS_PendListInit                          0x08001e0f   Thumb Code    10  os_core.o(.text)
    OS_PendListInsertHead                    0x08001e19   Thumb Code    32  os_core.o(.text)
    OS_PendObjDel1                           0x08001e39   Thumb Code    36  os_core.o(.text)
    OS_PendObjDel                            0x08001e5d   Thumb Code   174  os_core.o(.text)
    OS_Post1                                 0x08001f0b   Thumb Code    42  os_core.o(.text)
    OS_Post                                  0x08001f35   Thumb Code   198  os_core.o(.text)
    OS_Sched0                                0x08001ffb   Thumb Code    56  os_core.o(.text)
    OS_SchedRoundRobin                       0x08002033   Thumb Code   190  os_core.o(.text)
    OS_Dbg_Init                              0x08002115   Thumb Code   140  os_dbg.o(.text)
    OS_FlagDbgListAdd                        0x080022b1   Thumb Code    38  os_flag.o(.text)
    OSFlagCreate                             0x080022d7   Thumb Code   220  os_flag.o(.text)
    OS_FlagClr                               0x080023b3   Thumb Code    28  os_flag.o(.text)
    OS_FlagDbgListRemove                     0x080023cf   Thumb Code    44  os_flag.o(.text)
    OSFlagDel                                0x080023fb   Thumb Code   574  os_flag.o(.text)
    OS_FlagBlock                             0x08002639   Thumb Code    54  os_flag.o(.text)
    OSFlagPend                               0x0800266f   Thumb Code  1312  os_flag.o(.text)
    OSFlagPendAbort                          0x08002b8f   Thumb Code   270  os_flag.o(.text)
    OSFlagPendGetFlagsRdy                    0x08002c9d   Thumb Code    66  os_flag.o(.text)
    OS_FlagTaskRdy                           0x08002cdf   Thumb Code    92  os_flag.o(.text)
    OS_FlagPost                              0x08002d3b   Thumb Code   558  os_flag.o(.text)
    OSFlagPost                               0x08002f69   Thumb Code   124  os_flag.o(.text)
    OS_FlagInit                              0x08002fe5   Thumb Code    14  os_flag.o(.text)
    OS_IntQPost                              0x08003005   Thumb Code   210  os_int.o(.text)
    OS_IntQRePost                            0x080030d7   Thumb Code   286  os_int.o(.text)
    OS_IntQTask                              0x080031f5   Thumb Code   130  os_int.o(.text)
    OS_IntQTaskInit                          0x08003277   Thumb Code   208  os_int.o(.text)
    OS_MemDbgListAdd                         0x080033d1   Thumb Code    34  os_mem.o(.text)
    OSMemCreate                              0x080033f3   Thumb Code   334  os_mem.o(.text)
    OSMemGet                                 0x08003541   Thumb Code   100  os_mem.o(.text)
    OSMemPut                                 0x080035a5   Thumb Code   112  os_mem.o(.text)
    OS_MemInit                               0x08003615   Thumb Code    14  os_mem.o(.text)
    OS_MsgPoolCreate                         0x0800363d   Thumb Code    54  os_msg.o(.text)
    OSMsgPoolExtend                          0x08003673   Thumb Code    68  os_msg.o(.text)
    OS_MsgPoolInit                           0x080036b7   Thumb Code    68  os_msg.o(.text)
    OS_MsgQEntriesPeakReset                  0x080036fb   Thumb Code    40  os_msg.o(.text)
    OS_MsgQFreeAll                           0x08003723   Thumb Code    62  os_msg.o(.text)
    OS_MsgQInit                              0x08003761   Thumb Code    14  os_msg.o(.text)
    OS_MsgQGet                               0x0800376f   Thumb Code    98  os_msg.o(.text)
    OS_MsgQPut                               0x080037d1   Thumb Code   212  os_msg.o(.text)
    OS_PrioInit                              0x080038b1   Thumb Code    20  os_prio.o(.text)
    OS_PrioGetHighest                        0x080038c5   Thumb Code    36  os_prio.o(.text)
    OS_PrioInsert                            0x080038e9   Thumb Code    32  os_prio.o(.text)
    OS_PrioRemove                            0x08003909   Thumb Code    32  os_prio.o(.text)
    OS_QDbgListAdd                           0x0800392d   Thumb Code    38  os_q.o(.text)
    OSQCreate                                0x08003953   Thumb Code   234  os_q.o(.text)
    OS_QClr                                  0x08003a3d   Thumb Code    40  os_q.o(.text)
    OS_QDbgListRemove                        0x08003a65   Thumb Code    44  os_q.o(.text)
    OSQDel                                   0x08003a91   Thumb Code   312  os_q.o(.text)
    OSQFlush                                 0x08003bc9   Thumb Code   192  os_q.o(.text)
    OSQPend                                  0x08003c89   Thumb Code   520  os_q.o(.text)
    OSQPendAbort                             0x08003e91   Thumb Code   254  os_q.o(.text)
    OS_QPost                                 0x08003f8f   Thumb Code   322  os_q.o(.text)
    OSQPost                                  0x080040d1   Thumb Code    80  os_q.o(.text)
    OS_QInit                                 0x08004121   Thumb Code    14  os_q.o(.text)
    OS_SemDbgListAdd                         0x0800414d   Thumb Code    38  os_sem.o(.text)
    OSSemCreate                              0x08004173   Thumb Code   116  os_sem.o(.text)
    OS_SemClr                                0x080041e7   Thumb Code    28  os_sem.o(.text)
    OS_SemDbgListRemove                      0x08004203   Thumb Code    44  os_sem.o(.text)
    OSSemDel                                 0x0800422f   Thumb Code   312  os_sem.o(.text)
    OSSemPend                                0x08004367   Thumb Code   444  os_sem.o(.text)
    OSSemPendAbort                           0x08004523   Thumb Code   294  os_sem.o(.text)
    OS_SemPost                               0x08004649   Thumb Code   350  os_sem.o(.text)
    OSSemPost                                0x080047a7   Thumb Code    80  os_sem.o(.text)
    OSSemSet                                 0x080047f7   Thumb Code   104  os_sem.o(.text)
    OS_SemInit                               0x0800485f   Thumb Code    14  os_sem.o(.text)
    OSStatReset                              0x08004881   Thumb Code   138  os_stat.o(.text)
    OSStatTaskCPUUsageInit                   0x0800490b   Thumb Code   168  os_stat.o(.text)
    OS_StatTask                              0x080049b3   Thumb Code   258  os_stat.o(.text)
    OS_StatTaskInit                          0x08004ab5   Thumb Code   138  os_stat.o(.text)
    OS_TaskDbgListAdd                        0x08004ba9   Thumb Code    38  os_task.o(.text)
    OS_TaskInitTCB                           0x08004bcf   Thumb Code   140  os_task.o(.text)
    OSTaskCreate                             0x08004c5b   Thumb Code   554  os_task.o(.text)
    OS_TaskDbgListRemove                     0x08004e85   Thumb Code    54  os_task.o(.text)
    OSTaskDel                                0x08004ebb   Thumb Code   472  os_task.o(.text)
    OSTaskRegGet                             0x08005093   Thumb Code    78  os_task.o(.text)
    OSTaskRegSet                             0x080050e1   Thumb Code    78  os_task.o(.text)
    OSTaskResume                             0x0800512f   Thumb Code   362  os_task.o(.text)
    OSTaskSemPend                            0x08005299   Thumb Code   402  os_task.o(.text)
    OS_TaskSemPost                           0x0800542b   Thumb Code   840  os_task.o(.text)
    OSTaskSemPost                            0x08005773   Thumb Code    90  os_task.o(.text)
    OSTaskSemSet                             0x080057cd   Thumb Code    80  os_task.o(.text)
    OSTaskStkChk                             0x0800581d   Thumb Code   204  os_task.o(.text)
    OSTaskSuspend                            0x080058e9   Thumb Code   372  os_task.o(.text)
    OSTaskTimeQuantaSet                      0x08005a5d   Thumb Code    96  os_task.o(.text)
    OS_TaskInit                              0x08005abd   Thumb Code    18  os_task.o(.text)
    OS_TaskReturn                            0x08005acf   Thumb Code    20  os_task.o(.text)
    OS_TickListRemove                        0x08005b09   Thumb Code    56  os_tick.o(.text)
    OS_TickListUpdate                        0x08005b41   Thumb Code   478  os_tick.o(.text)
    OS_TickTask                              0x08005d1f   Thumb Code    38  os_tick.o(.text)
    OS_TickListInit                          0x08005d45   Thumb Code    32  os_tick.o(.text)
    OS_TickTaskInit                          0x08005d65   Thumb Code    94  os_tick.o(.text)
    OS_TickListInsert                        0x08005dc3   Thumb Code   500  os_tick.o(.text)
    OS_TickListResetPeak                     0x08005fb7   Thumb Code    28  os_tick.o(.text)
    OSTimeDly                                0x08005fdd   Thumb Code   266  os_time.o(.text)
    OSTimeDlyHMSM                            0x080060e7   Thumb Code   480  os_time.o(.text)
    OSTimeDlyResume                          0x080062c7   Thumb Code   436  os_time.o(.text)
    OSTimeGet                                0x0800647b   Thumb Code    46  os_time.o(.text)
    OSTimeSet                                0x080064a9   Thumb Code    46  os_time.o(.text)
    OSTimeTick                               0x080064d7   Thumb Code    50  os_time.o(.text)
    OS_TmrDbgListAdd                         0x0800651d   Thumb Code    34  os_tmr.o(.text)
    OSTmrCreate                              0x0800653f   Thumb Code   192  os_tmr.o(.text)
    OS_TmrClr                                0x080065ff   Thumb Code    36  os_tmr.o(.text)
    OS_TmrUnlink                             0x08006623   Thumb Code    72  os_tmr.o(.text)
    OS_TmrDbgListRemove                      0x0800666b   Thumb Code    44  os_tmr.o(.text)
    OSTmrDel                                 0x08006697   Thumb Code   158  os_tmr.o(.text)
    OSTmrRemainGet                           0x08006735   Thumb Code   166  os_tmr.o(.text)
    OS_TmrLink                               0x080067db   Thumb Code   196  os_tmr.o(.text)
    OSTmrStart                               0x0800689f   Thumb Code   188  os_tmr.o(.text)
    OSTmrStateGet                            0x0800695b   Thumb Code   116  os_tmr.o(.text)
    OSTmrStop                                0x080069cf   Thumb Code   214  os_tmr.o(.text)
    OS_TmrTask                               0x08006aa5   Thumb Code   168  os_tmr.o(.text)
    OS_TmrInit                               0x08006b4d   Thumb Code   208  os_tmr.o(.text)
    OS_TmrResetPeak                          0x08006c1d   Thumb Code    28  os_tmr.o(.text)
    OSStartHighRdy                           0x08006c91   Thumb Code     0  os_cpu_a.o(.text)
    OS_CPU_PendSVHandler                     0x08006cb3   Thumb Code     0  os_cpu_a.o(.text)
    OSIdleTaskHook                           0x08006d15   Thumb Code     2  os_cpu_c.o(.text)
    OSInitHook                               0x08006d17   Thumb Code    20  os_cpu_c.o(.text)
    OSStatTaskHook                           0x08006d2b   Thumb Code     2  os_cpu_c.o(.text)
    OSTaskCreateHook                         0x08006d2d   Thumb Code     2  os_cpu_c.o(.text)
    OSTaskDelHook                            0x08006d2f   Thumb Code     2  os_cpu_c.o(.text)
    OSTaskReturnHook                         0x08006d31   Thumb Code     2  os_cpu_c.o(.text)
    OSTaskStkInit                            0x08006d33   Thumb Code   188  os_cpu_c.o(.text)
    OSTaskSwHook                             0x08006def   Thumb Code     2  os_cpu_c.o(.text)
    OSTimeTickHook                           0x08006df1   Thumb Code     2  os_cpu_c.o(.text)
    CPU_IntDis                               0x08006e05   Thumb Code     0  cpu_a.o(.text)
    CPU_IntEn                                0x08006e09   Thumb Code     0  cpu_a.o(.text)
    CPU_SR_Save                              0x08006e0d   Thumb Code     0  cpu_a.o(.text)
    CPU_SR_Restore                           0x08006e15   Thumb Code     0  cpu_a.o(.text)
    CPU_CntLeadZeros                         0x08006e1b   Thumb Code     0  cpu_a.o(.text)
    CPU_RevBits                              0x08006e21   Thumb Code     0  cpu_a.o(.text)
    CPU_WaitForInt                           0x08006e27   Thumb Code     0  cpu_a.o(.text)
    CPU_WaitForExcept                        0x08006e2b   Thumb Code     0  cpu_a.o(.text)
    __aeabi_uidiv                            0x08006e2f   Thumb Code     0  uidiv.o(.text)
    __aeabi_uidivmod                         0x08006e2f   Thumb Code    44  uidiv.o(.text)
    __scatterload                            0x08006e5d   Thumb Code    28  init.o(.text)
    __scatterload_rt2                        0x08006e5d   Thumb Code     0  init.o(.text)
    __0printf$1                              0x08006e81   Thumb Code    22  printf1.o(i.__0printf$1)
    __1printf$1                              0x08006e81   Thumb Code     0  printf1.o(i.__0printf$1)
    __2printf                                0x08006e81   Thumb Code     0  printf1.o(i.__0printf$1)
    __scatterload_copy                       0x08006ea1   Thumb Code    14  handlers.o(i.__scatterload_copy)
    __scatterload_null                       0x08006eaf   Thumb Code     2  handlers.o(i.__scatterload_null)
    __scatterload_zeroinit                   0x08006eb1   Thumb Code    14  handlers.o(i.__scatterload_zeroinit)
    OSCfg_IdleTaskStkBasePtr                 0x08007014   Data           4  os_cfg_app.o(.constdata)
    OSCfg_IdleTaskStkLimit                   0x08007018   Data           4  os_cfg_app.o(.constdata)
    OSCfg_IdleTaskStkSize                    0x0800701c   Data           4  os_cfg_app.o(.constdata)
    OSCfg_IdleTaskStkSizeRAM                 0x08007020   Data           4  os_cfg_app.o(.constdata)
    OSCfg_IntQBasePtr                        0x08007024   Data           4  os_cfg_app.o(.constdata)
    OSCfg_IntQSize                           0x08007028   Data           2  os_cfg_app.o(.constdata)
    OSCfg_IntQSizeRAM                        0x0800702c   Data           4  os_cfg_app.o(.constdata)
    OSCfg_IntQTaskStkBasePtr                 0x08007030   Data           4  os_cfg_app.o(.constdata)
    OSCfg_IntQTaskStkLimit                   0x08007034   Data           4  os_cfg_app.o(.constdata)
    OSCfg_IntQTaskStkSize                    0x08007038   Data           4  os_cfg_app.o(.constdata)
    OSCfg_IntQTaskStkSizeRAM                 0x0800703c   Data           4  os_cfg_app.o(.constdata)
    OSCfg_ISRStkBasePtr                      0x08007040   Data           4  os_cfg_app.o(.constdata)
    OSCfg_ISRStkSize                         0x08007044   Data           4  os_cfg_app.o(.constdata)
    OSCfg_ISRStkSizeRAM                      0x08007048   Data           4  os_cfg_app.o(.constdata)
    OSCfg_MsgPoolSize                        0x0800704c   Data           2  os_cfg_app.o(.constdata)
    OSCfg_MsgPoolSizeRAM                     0x08007050   Data           4  os_cfg_app.o(.constdata)
    OSCfg_MsgPoolBasePtr                     0x08007054   Data           4  os_cfg_app.o(.constdata)
    OSCfg_StatTaskPrio                       0x08007058   Data           1  os_cfg_app.o(.constdata)
    OSCfg_StatTaskRate_Hz                    0x0800705c   Data           4  os_cfg_app.o(.constdata)
    OSCfg_StatTaskStkBasePtr                 0x08007060   Data           4  os_cfg_app.o(.constdata)
    OSCfg_StatTaskStkLimit                   0x08007064   Data           4  os_cfg_app.o(.constdata)
    OSCfg_StatTaskStkSize                    0x08007068   Data           4  os_cfg_app.o(.constdata)
    OSCfg_StatTaskStkSizeRAM                 0x0800706c   Data           4  os_cfg_app.o(.constdata)
    OSCfg_StkSizeMin                         0x08007070   Data           4  os_cfg_app.o(.constdata)
    OSCfg_TickRate_Hz                        0x08007074   Data           4  os_cfg_app.o(.constdata)
    OSCfg_TickTaskPrio                       0x08007078   Data           1  os_cfg_app.o(.constdata)
    OSCfg_TickTaskStkBasePtr                 0x0800707c   Data           4  os_cfg_app.o(.constdata)
    OSCfg_TickTaskStkLimit                   0x08007080   Data           4  os_cfg_app.o(.constdata)
    OSCfg_TickTaskStkSize                    0x08007084   Data           4  os_cfg_app.o(.constdata)
    OSCfg_TickTaskStkSizeRAM                 0x08007088   Data           4  os_cfg_app.o(.constdata)
    OSCfg_TickWheelSize                      0x0800708c   Data           2  os_cfg_app.o(.constdata)
    OSCfg_TickWheelSizeRAM                   0x08007090   Data           4  os_cfg_app.o(.constdata)
    OSCfg_TmrTaskPrio                        0x08007094   Data           1  os_cfg_app.o(.constdata)
    OSCfg_TmrTaskRate_Hz                     0x08007098   Data           4  os_cfg_app.o(.constdata)
    OSCfg_TmrTaskStkBasePtr                  0x0800709c   Data           4  os_cfg_app.o(.constdata)
    OSCfg_TmrTaskStkLimit                    0x080070a0   Data           4  os_cfg_app.o(.constdata)
    OSCfg_TmrTaskStkSize                     0x080070a4   Data           4  os_cfg_app.o(.constdata)
    OSCfg_TmrTaskStkSizeRAM                  0x080070a8   Data           4  os_cfg_app.o(.constdata)
    OSCfg_TmrWheelSize                       0x080070ac   Data           2  os_cfg_app.o(.constdata)
    OSCfg_TmrWheelSizeRAM                    0x080070b0   Data           4  os_cfg_app.o(.constdata)
    OSCfg_DataSizeRAM                        0x080070b4   Data           4  os_cfg_app.o(.constdata)
    OSDbg_DbgEn                              0x080070b8   Data           2  os_dbg.o(.constdata)
    OSDbg_ArgChkEn                           0x080070ba   Data           1  os_dbg.o(.constdata)
    OSDbg_AppHooksEn                         0x080070bb   Data           1  os_dbg.o(.constdata)
    OSDbg_EndiannessTest                     0x080070bc   Data           4  os_dbg.o(.constdata)
    OSDbg_CalledFromISRChkEn                 0x080070c0   Data           1  os_dbg.o(.constdata)
    OSDbg_FlagEn                             0x080070c1   Data           1  os_dbg.o(.constdata)
    OSDbg_FlagGrp                            0x080070c4   Data          40  os_dbg.o(.constdata)
    OSDbg_FlagDelEn                          0x080070ec   Data           1  os_dbg.o(.constdata)
    OSDbg_FlagModeClrEn                      0x080070ed   Data           1  os_dbg.o(.constdata)
    OSDbg_FlagPendAbortEn                    0x080070ee   Data           1  os_dbg.o(.constdata)
    OSDbg_FlagGrpSize                        0x080070f0   Data           2  os_dbg.o(.constdata)
    OSDbg_FlagWidth                          0x080070f2   Data           2  os_dbg.o(.constdata)
    OSDbg_IntQ                               0x080070f4   Data           2  os_dbg.o(.constdata)
    OSDbg_ISRPostDeferredEn                  0x080070f6   Data           1  os_dbg.o(.constdata)
    OSDbg_Mem                                0x080070f8   Data          32  os_dbg.o(.constdata)
    OSDbg_MemEn                              0x08007118   Data           1  os_dbg.o(.constdata)
    OSDbg_MemSize                            0x0800711a   Data           2  os_dbg.o(.constdata)
    OSDbg_MsgEn                              0x0800711c   Data           1  os_dbg.o(.constdata)
    OSDbg_MsgSize                            0x0800711e   Data           2  os_dbg.o(.constdata)
    OSDbg_MsgPoolSize                        0x08007120   Data           2  os_dbg.o(.constdata)
    OSDbg_MsgQSize                           0x08007122   Data           2  os_dbg.o(.constdata)
    OSDbg_Mutex                              0x08007124   Data          44  os_dbg.o(.constdata)
    OSDbg_MutexEn                            0x08007150   Data           1  os_dbg.o(.constdata)
    OSDbg_MutexDelEn                         0x08007151   Data           1  os_dbg.o(.constdata)
    OSDbg_MutexPendAbortEn                   0x08007152   Data           1  os_dbg.o(.constdata)
    OSDbg_MutexSize                          0x08007154   Data           2  os_dbg.o(.constdata)
    OSDbg_ObjTypeChkEn                       0x08007156   Data           1  os_dbg.o(.constdata)
    OSDbg_PendMultiEn                        0x08007157   Data           1  os_dbg.o(.constdata)
    OSDbg_PendDataSize                       0x08007158   Data           2  os_dbg.o(.constdata)
    OSDbg_PendListSize                       0x0800715a   Data           2  os_dbg.o(.constdata)
    OSDbg_PendObjSize                        0x0800715c   Data           2  os_dbg.o(.constdata)
    OSDbg_PrioMax                            0x0800715e   Data           2  os_dbg.o(.constdata)
    OSDbg_PrioTblSize                        0x08007160   Data           2  os_dbg.o(.constdata)
    OSDbg_PtrSize                            0x08007162   Data           2  os_dbg.o(.constdata)
    OSDbg_Q                                  0x08007164   Data          48  os_dbg.o(.constdata)
    OSDbg_QEn                                0x08007194   Data           1  os_dbg.o(.constdata)
    OSDbg_QDelEn                             0x08007195   Data           1  os_dbg.o(.constdata)
    OSDbg_QFlushEn                           0x08007196   Data           1  os_dbg.o(.constdata)
    OSDbg_QPendAbortEn                       0x08007197   Data           1  os_dbg.o(.constdata)
    OSDbg_QSize                              0x08007198   Data           2  os_dbg.o(.constdata)
    OSDbg_SchedRoundRobinEn                  0x0800719a   Data           1  os_dbg.o(.constdata)
    OSDbg_Sem                                0x0800719c   Data          40  os_dbg.o(.constdata)
    OSDbg_SemEn                              0x080071c4   Data           1  os_dbg.o(.constdata)
    OSDbg_SemDelEn                           0x080071c5   Data           1  os_dbg.o(.constdata)
    OSDbg_SemPendAbortEn                     0x080071c6   Data           1  os_dbg.o(.constdata)
    OSDbg_SemSetEn                           0x080071c7   Data           1  os_dbg.o(.constdata)
    OSDbg_SemSize                            0x080071c8   Data           2  os_dbg.o(.constdata)
    OSDbg_RdyList                            0x080071ca   Data           2  os_dbg.o(.constdata)
    OSDbg_RdyListSize                        0x080071cc   Data           4  os_dbg.o(.constdata)
    OSDbg_StkWidth                           0x080071d0   Data           1  os_dbg.o(.constdata)
    OSDbg_StatTaskEn                         0x080071d1   Data           1  os_dbg.o(.constdata)
    OSDbg_StatTaskStkChkEn                   0x080071d2   Data           1  os_dbg.o(.constdata)
    OSDbg_TaskChangePrioEn                   0x080071d3   Data           1  os_dbg.o(.constdata)
    OSDbg_TaskDelEn                          0x080071d4   Data           1  os_dbg.o(.constdata)
    OSDbg_TaskQEn                            0x080071d5   Data           1  os_dbg.o(.constdata)
    OSDbg_TaskQPendAbortEn                   0x080071d6   Data           1  os_dbg.o(.constdata)
    OSDbg_TaskProfileEn                      0x080071d7   Data           1  os_dbg.o(.constdata)
    OSDbg_TaskRegTblSize                     0x080071d8   Data           2  os_dbg.o(.constdata)
    OSDbg_TaskSemPendAbortEn                 0x080071da   Data           1  os_dbg.o(.constdata)
    OSDbg_TaskSuspendEn                      0x080071db   Data           1  os_dbg.o(.constdata)
    OSDbg_TCBSize                            0x080071dc   Data           2  os_dbg.o(.constdata)
    OSDbg_TickSpokeSize                      0x080071de   Data           2  os_dbg.o(.constdata)
    OSDbg_TimeDlyHMSMEn                      0x080071e0   Data           1  os_dbg.o(.constdata)
    OSDbg_TimeDlyResumeEn                    0x080071e1   Data           1  os_dbg.o(.constdata)
    OSDbg_Tmr                                0x080071e4   Data          52  os_dbg.o(.constdata)
    OSDbg_TmrEn                              0x08007218   Data           1  os_dbg.o(.constdata)
    OSDbg_TmrDelEn                           0x08007219   Data           1  os_dbg.o(.constdata)
    OSDbg_TmrSize                            0x0800721a   Data           2  os_dbg.o(.constdata)
    OSDbg_TmrSpokeSize                       0x0800721c   Data           2  os_dbg.o(.constdata)
    OSDbg_VersionNbr                         0x0800721e   Data           2  os_dbg.o(.constdata)
    OSDbg_DataSize                           0x08007220   Data           4  os_dbg.o(.constdata)
    Region$$Table$$Base                      0x08007224   Number         0  anon$$obj.o(Region$$Table)
    Region$$Table$$Limit                     0x08007244   Number         0  anon$$obj.o(Region$$Table)
    SystemCoreClock                          0x20000000   Data           4  system_stm32f10x.o(.data)
    AHBPrescTable                            0x20000004   Data          16  system_stm32f10x.o(.data)
    DHT11_data                               0x20000028   Data           2  main.o(.data)
    timer                                    0x2000002c   Data           4  dht11.o(.data)
    GPIO_InitStructure                       0x20000030   Data           4  ledandkey.o(.data)
    OSPrioTbl                                0x20000034   Data           4  os_prio.o(.data)
    OSIdleTaskCtr                            0x20000038   Data           4  os_var.o(.data)
    OSIntNestingCtr                          0x2000003c   Data           1  os_var.o(.data)
    OSRunning                                0x2000003d   Data           1  os_var.o(.data)
    OSIntQInPtr                              0x20000040   Data           4  os_var.o(.data)
    OSIntQOutPtr                             0x20000044   Data           4  os_var.o(.data)
    OSIntQNbrEntries                         0x20000048   Data           2  os_var.o(.data)
    OSIntQMaxNbrEntries                      0x2000004a   Data           2  os_var.o(.data)
    OSIntQOvfCtr                             0x2000004c   Data           2  os_var.o(.data)
    OSIntQTaskTimeMax                        0x20000050   Data           4  os_var.o(.data)
    OSFlagDbgListPtr                         0x20000054   Data           4  os_var.o(.data)
    OSFlagQty                                0x20000058   Data           2  os_var.o(.data)
    OSMemDbgListPtr                          0x2000005c   Data           4  os_var.o(.data)
    OSMemQty                                 0x20000060   Data           2  os_var.o(.data)
    OSMsgPool                                0x20000064   Data           8  os_var.o(.data)
    OSPrioCur                                0x2000006c   Data           1  os_var.o(.data)
    OSPrioHighRdy                            0x2000006d   Data           1  os_var.o(.data)
    OSPrioSaved                              0x2000006e   Data           1  os_var.o(.data)
    OSQDbgListPtr                            0x20000070   Data           4  os_var.o(.data)
    OSQQty                                   0x20000074   Data           2  os_var.o(.data)
    OSSchedLockNestingCtr                    0x20000076   Data           1  os_var.o(.data)
    OSSchedRoundRobinDfltTimeQuanta          0x20000078   Data           4  os_var.o(.data)
    OSSchedRoundRobinEn                      0x2000007c   Data           1  os_var.o(.data)
    OSSemDbgListPtr                          0x20000080   Data           4  os_var.o(.data)
    OSSemQty                                 0x20000084   Data           2  os_var.o(.data)
    OSStatTaskCPUUsage                       0x20000086   Data           1  os_var.o(.data)
    OSStatTaskCtr                            0x20000088   Data           4  os_var.o(.data)
    OSStatTaskCtrMax                         0x2000008c   Data           4  os_var.o(.data)
    OSStatTaskCtrRun                         0x20000090   Data           4  os_var.o(.data)
    OSStatTaskRdy                            0x20000094   Data           1  os_var.o(.data)
    OSStatTaskTimeMax                        0x20000098   Data           4  os_var.o(.data)
    OSStatResetFlag                          0x2000009c   Data           1  os_var.o(.data)
    OSTaskCtxSwCtr                           0x200000a0   Data           4  os_var.o(.data)
    OSTaskDbgListPtr                         0x200000a4   Data           4  os_var.o(.data)
    OSTaskQty                                0x200000a8   Data           2  os_var.o(.data)
    OSTickCtr                                0x200000ac   Data           4  os_var.o(.data)
    OSTickTaskTimeMax                        0x200000b0   Data           4  os_var.o(.data)
    OSTmrDbgListPtr                          0x200000b4   Data           4  os_var.o(.data)
    OSTmrQty                                 0x200000b8   Data           2  os_var.o(.data)
    OSTmrTaskTimeMax                         0x200000bc   Data           4  os_var.o(.data)
    OSTmrTickCtr                             0x200000c0   Data           4  os_var.o(.data)
    OSTmrUpdateCnt                           0x200000c4   Data           4  os_var.o(.data)
    OSTmrUpdateCtr                           0x200000c8   Data           4  os_var.o(.data)
    OSTCBCurPtr                              0x200000cc   Data           4  os_var.o(.data)
    OSTCBHighRdyPtr                          0x200000d0   Data           4  os_var.o(.data)
    OS_CPU_ExceptStkBase                     0x200000d4   Data           4  os_cpu_c.o(.data)
    __stdout                                 0x200000d8   Data           4  stdout.o(.data)
    DHT11_sem                                0x200000dc   Data          40  main.o(.bss)
    task1_TCB                                0x20000104   Data         136  main.o(.bss)
    task2_TCB                                0x2000018c   Data         136  main.o(.bss)
    task1_Stk                                0x20000214   Data         512  main.o(.bss)
    task2_Stk                                0x20000414   Data         512  main.o(.bss)
    OSCfg_IdleTaskStk                        0x20000614   Data         512  os_cfg_app.o(.bss)
    OSCfg_IntQ                               0x20000814   Data         320  os_cfg_app.o(.bss)
    OSCfg_IntQTaskStk                        0x20000954   Data         512  os_cfg_app.o(.bss)
    OSCfg_ISRStk                             0x20000b54   Data         512  os_cfg_app.o(.bss)
    OSCfg_MsgPool                            0x20000d54   Data        1600  os_cfg_app.o(.bss)
    OSCfg_StatTaskStk                        0x20001394   Data         512  os_cfg_app.o(.bss)
    OSCfg_TickTaskStk                        0x20001594   Data         512  os_cfg_app.o(.bss)
    OSCfg_TickWheel                          0x20001794   Data         104  os_cfg_app.o(.bss)
    OSCfg_TmrTaskStk                         0x200017fc   Data         512  os_cfg_app.o(.bss)
    OSCfg_TmrWheel                           0x200019fc   Data         104  os_cfg_app.o(.bss)
    OSIdleTaskTCB                            0x20001a64   Data         136  os_var.o(.bss)
    OSIntQTaskTCB                            0x20001aec   Data         136  os_var.o(.bss)
    OSRdyList                                0x20001b74   Data          96  os_var.o(.bss)
    OSStatTaskTCB                            0x20001bd4   Data         136  os_var.o(.bss)
    OSTickTaskTCB                            0x20001c5c   Data         136  os_var.o(.bss)
    OSTmrTaskTCB                             0x20001ce4   Data         136  os_var.o(.bss)
    __initial_sp                             0x20002170   Data           0  startup_stm32f10x_md.o(STACK)



==============================================================================

Memory Map of the image

  Image Entry point : 0x080000ed

  Load Region LR_IROM1 (Base: 0x08000000, Size: 0x00007320, Max: 0x00020000, ABSOLUTE)

    Execution Region ER_IROM1 (Base: 0x08000000, Size: 0x00007244, Max: 0x00020000, ABSOLUTE)

    Base Addr    Size         Type   Attr      Idx    E Section Name        Object

    0x08000000   0x000000ec   Data   RO            3    RESET               startup_stm32f10x_md.o
    0x080000ec   0x00000000   Code   RO         1059  * .ARM.Collect$$$$00000000  mc_w.l(entry.o)
    0x080000ec   0x00000004   Code   RO         1323    .ARM.Collect$$$$00000001  mc_w.l(entry2.o)
    0x080000f0   0x00000004   Code   RO         1326    .ARM.Collect$$$$00000004  mc_w.l(entry5.o)
    0x080000f4   0x00000000   Code   RO         1328    .ARM.Collect$$$$00000008  mc_w.l(entry7b.o)
    0x080000f4   0x00000000   Code   RO         1330    .ARM.Collect$$$$0000000A  mc_w.l(entry8b.o)
    0x080000f4   0x00000008   Code   RO         1331    .ARM.Collect$$$$0000000B  mc_w.l(entry9a.o)
    0x080000fc   0x00000000   Code   RO         1333    .ARM.Collect$$$$0000000D  mc_w.l(entry10a.o)
    0x080000fc   0x00000000   Code   RO         1335    .ARM.Collect$$$$0000000F  mc_w.l(entry11a.o)
    0x080000fc   0x00000004   Code   RO         1324    .ARM.Collect$$$$00002712  mc_w.l(entry2.o)
    0x08000100   0x00000024   Code   RO            4    .text               startup_stm32f10x_md.o
    0x08000124   0x0000002c   Code   RO           24    .text               stm32f10x_it.o
    0x08000150   0x000001dc   Code   RO          164    .text               system_stm32f10x.o
    0x0800032c   0x00000358   Code   RO          409    .text               stm32f10x_gpio.o
    0x08000684   0x000003a4   Code   RO          457    .text               stm32f10x_rcc.o
    0x08000a28   0x00000408   Code   RO          519    .text               stm32f10x_usart.o
    0x08000e30   0x000000d8   Code   RO          543    .text               main.o
    0x08000f08   0x000000f4   Code   RO          566    .text               app.o
    0x08000ffc   0x0000019c   Code   RO          582    .text               dht11.o
    0x08001198   0x000000dc   Code   RO          623    .text               bsp.o
    0x08001274   0x00000090   Code   RO          639    .text               ledandkey.o
    0x08001304   0x000000fc   Code   RO          657    .text               os_cfg_app.o
    0x08001400   0x00000d14   Code   RO          705    .text               os_core.o
    0x08002114   0x0000019c   Code   RO          721    .text               os_dbg.o
    0x080022b0   0x00000d54   Code   RO          736    .text               os_flag.o
    0x08003004   0x000003cc   Code   RO          748    .text               os_int.o
    0x080033d0   0x0000026c   Code   RO          760    .text               os_mem.o
    0x0800363c   0x00000274   Code   RO          772    .text               os_msg.o
    0x080038b0   0x0000007c   Code   RO          802    .text               os_prio.o
    0x0800392c   0x00000820   Code   RO          821    .text               os_q.o
    0x0800414c   0x00000734   Code   RO          833    .text               os_sem.o
    0x08004880   0x00000328   Code   RO          845    .text               os_stat.o
    0x08004ba8   0x00000f60   Code   RO          857    .text               os_task.o
    0x08005b08   0x000004d4   Code   RO          869    .text               os_tick.o
    0x08005fdc   0x00000540   Code   RO          881    .text               os_time.o
    0x0800651c   0x00000774   Code   RO          893    .text               os_tmr.o
    0x08006c90   0x00000084   Code   RO          919    .text               os_cpu_a.o
    0x08006d14   0x000000f0   Code   RO          922    .text               os_cpu_c.o
    0x08006e04   0x0000002a   Code   RO         1014    .text               cpu_a.o
    0x08006e2e   0x0000002c   Code   RO         1338    .text               mc_w.l(uidiv.o)
    0x08006e5a   0x00000002   PAD
    0x08006e5c   0x00000024   Code   RO         1353    .text               mc_w.l(init.o)
    0x08006e80   0x00000020   Code   RO         1107    i.__0printf$1       mc_w.l(printf1.o)
    0x08006ea0   0x0000000e   Code   RO         1365    i.__scatterload_copy  mc_w.l(handlers.o)
    0x08006eae   0x00000002   Code   RO         1366    i.__scatterload_null  mc_w.l(handlers.o)
    0x08006eb0   0x0000000e   Code   RO         1367    i.__scatterload_zeroinit  mc_w.l(handlers.o)
    0x08006ebe   0x00000002   PAD
    0x08006ec0   0x00000154   Code   RO         1114    i._printf_core      mc_w.l(printf1.o)
    0x08007014   0x000000a4   Data   RO          659    .constdata          os_cfg_app.o
    0x080070b8   0x0000016c   Data   RO          722    .constdata          os_dbg.o
    0x08007224   0x00000020   Data   RO         1363    Region$$Table       anon$$obj.o


    Execution Region RW_IRAM1 (Base: 0x20000000, Size: 0x00002170, Max: 0x00005000, ABSOLUTE)

    Base Addr    Size         Type   Attr      Idx    E Section Name        Object

    0x20000000   0x00000014   Data   RW          165    .data               system_stm32f10x.o
    0x20000014   0x00000014   Data   RW          458    .data               stm32f10x_rcc.o
    0x20000028   0x00000002   Data   RW          545    .data               main.o
    0x2000002a   0x00000002   PAD
    0x2000002c   0x00000004   Data   RW          583    .data               dht11.o
    0x20000030   0x00000004   Data   RW          640    .data               ledandkey.o
    0x20000034   0x00000004   Data   RW          803    .data               os_prio.o
    0x20000038   0x0000009c   Data   RW          906    .data               os_var.o
    0x200000d4   0x00000004   Data   RW          923    .data               os_cpu_c.o
    0x200000d8   0x00000004   Data   RW         1337    .data               mc_w.l(stdout.o)
    0x200000dc   0x00000538   Zero   RW          544    .bss                main.o
    0x20000614   0x00001450   Zero   RW          658    .bss                os_cfg_app.o
    0x20001a64   0x00000308   Zero   RW          905    .bss                os_var.o
    0x20001d6c   0x00000004   PAD
    0x20001d70   0x00000400   Zero   RW            1    STACK               startup_stm32f10x_md.o


==============================================================================

Image component sizes


      Code (inc. data)   RO Data    RW Data    ZI Data      Debug   Object Name

       244         82          0          0          0        844   app.o
       220         18          0          0          0      16003   bsp.o
         0          0          0          0          0       4212   core_cm3.o
        42          0          0          0          0        292   cpu_a.o
       412         14          0          4          0       2215   dht11.o
       144          8          0          4          0       1649   ledandkey.o
       216         70          0          2       1336       2854   main.o
       252        166        164          0       5200      28393   os_cfg_app.o
      3348        226          0          0          0      28416   os_core.o
       132         32          0          0          0        312   os_cpu_a.o
       240         18          0          4          0       2936   os_cpu_c.o
       412        272        364          0          0       4663   os_dbg.o
      3412         96          0          0          0       7495   os_flag.o
       972        138          0          0          0       2360   os_int.o
       620         26          0          0          0       2648   os_mem.o
       628         12          0          0          0       3171   os_msg.o
       124          4          0          4          0       1712   os_prio.o
      2080         66          0          0          0       5796   os_q.o
      1844         60          0          0          0       5800   os_sem.o
       808        106          0          0          0       2113   os_stat.o
      3936        178          0          0          0       8271   os_task.o
      1236         86          0          0          0       3161   os_tick.o
      1344         44          0          0          0       3105   os_time.o
      1908        128          0          0          0       5974   os_tmr.o
         0          0          0        156        776      17392   os_var.o
        36          8        236          0       1024        856   startup_stm32f10x_md.o
       856         40          0          0          0       5633   stm32f10x_gpio.o
        44          4          0          0          0     245033   stm32f10x_it.o
       932         44          0         20          0       8804   stm32f10x_rcc.o
      1032         22          0          0          0       8356   stm32f10x_usart.o
       476         36          0         20          0     228095   system_stm32f10x.o

    ----------------------------------------------------------------------
     27950       2004        796        216       8340     658564   Object Totals
         0          0         32          0          0          0   (incl. Generated)
         0          0          0          2          4          0   (incl. Padding)

    ----------------------------------------------------------------------

      Code (inc. data)   RO Data    RW Data    ZI Data      Debug   Library Member Name

         0          0          0          0          0          0   entry.o
         0          0          0          0          0          0   entry10a.o
         0          0          0          0          0          0   entry11a.o
         8          4          0          0          0          0   entry2.o
         4          0          0          0          0          0   entry5.o
         0          0          0          0          0          0   entry7b.o
         0          0          0          0          0          0   entry8b.o
         8          4          0          0          0          0   entry9a.o
        30          0          0          0          0          0   handlers.o
        36          8          0          0          0         68   init.o
       372         16          0          0          0        180   printf1.o
         0          0          0          4          0          0   stdout.o
        44          0          0          0          0         80   uidiv.o

    ----------------------------------------------------------------------
       506         32          0          4          0        328   Library Totals
         4          0          0          0          0          0   (incl. Padding)

    ----------------------------------------------------------------------

      Code (inc. data)   RO Data    RW Data    ZI Data      Debug   Library Name

       502         32          0          4          0        328   mc_w.l

    ----------------------------------------------------------------------
       506         32          0          4          0        328   Library Totals

    ----------------------------------------------------------------------

==============================================================================


      Code (inc. data)   RO Data    RW Data    ZI Data      Debug   

     28456       2036        796        220       8340     656084   Grand Totals
     28456       2036        796        220       8340     656084   ELF Image Totals
     28456       2036        796        220          0          0   ROM Totals

==============================================================================

    Total RO  Size (Code + RO Data)                29252 (  28.57kB)
    Total RW  Size (RW Data + ZI Data)              8560 (   8.36kB)
    Total ROM Size (Code + RO Data + RW Data)      29472 (  28.78kB)

==============================================================================

