<html>
<body>
<pre>
<h1>µVision Build Log</h1>
<h2>Project:</h2>
C:\Users\PlanC\Documents\Github\Practical-Training-Neusoft-Tianjin\10.9\uvproj.uvproj
Project File Date:  10/09/2020

<h2>Output:</h2>
Build target 'Target 1'
compiling mylib.c...
linking...
Program Size: Code=5524 RO-data=268 RW-data=64 ZI-data=1024  
".\uvproj.axf" - 0 Errors, 0 Warning(s).
Load "C:\\Users\\PlanC\\Documents\\Github\\Practical-Training-Neusoft-Tianjin\\10.9\\uvproj.axf" 
Full Chip Erase Done.
Programming Done.
Verify OK.
Application running ...
