ARM Linker, 5.03 [Build 76] [MDK-ARM Standard]

==============================================================================

Section Cross References

    startup_stm32f10x_md.o(RESET) refers to startup_stm32f10x_md.o(STACK) for __initial_sp
    startup_stm32f10x_md.o(RESET) refers to startup_stm32f10x_md.o(.text) for Reset_Handler
    startup_stm32f10x_md.o(RESET) refers to stm32f10x_it.o(.text) for NMI_Handler
    startup_stm32f10x_md.o(RESET) refers to os_cpu_a.o(.text) for OS_CPU_PendSVHandler
    startup_stm32f10x_md.o(.text) refers to system_stm32f10x.o(.text) for SystemInit
    startup_stm32f10x_md.o(.text) refers to entry.o(.ARM.Collect$$$$00000000) for __main
    stm32f10x_it.o(.text) refers to os_core.o(.text) for OSIntEnter
    stm32f10x_it.o(.text) refers to os_time.o(.text) for OSTimeTick
    system_stm32f10x.o(.text) refers to system_stm32f10x.o(.data) for SystemCoreClock
    stm32f10x_adc.o(.text) refers to stm32f10x_rcc.o(.text) for RCC_APB2PeriphResetCmd
    stm32f10x_bkp.o(.text) refers to stm32f10x_rcc.o(.text) for RCC_BackupResetCmd
    stm32f10x_can.o(.text) refers to stm32f10x_rcc.o(.text) for RCC_APB1PeriphResetCmd
    stm32f10x_cec.o(.text) refers to stm32f10x_rcc.o(.text) for RCC_APB1PeriphResetCmd
    stm32f10x_dac.o(.text) refers to stm32f10x_rcc.o(.text) for RCC_APB1PeriphResetCmd
    stm32f10x_gpio.o(.text) refers to stm32f10x_rcc.o(.text) for RCC_APB2PeriphResetCmd
    stm32f10x_i2c.o(.text) refers to stm32f10x_rcc.o(.text) for RCC_APB1PeriphResetCmd
    stm32f10x_pwr.o(.text) refers to stm32f10x_rcc.o(.text) for RCC_APB1PeriphResetCmd
    stm32f10x_rcc.o(.text) refers to stm32f10x_rcc.o(.data) for APBAHBPrescTable
    stm32f10x_spi.o(.text) refers to stm32f10x_rcc.o(.text) for RCC_APB2PeriphResetCmd
    stm32f10x_tim.o(.text) refers to stm32f10x_rcc.o(.text) for RCC_APB2PeriphResetCmd
    stm32f10x_usart.o(.text) refers to stm32f10x_rcc.o(.text) for RCC_APB2PeriphResetCmd
    stm32f10x_wwdg.o(.text) refers to stm32f10x_rcc.o(.text) for RCC_APB1PeriphResetCmd
    main.o(.text) refers to bsp.o(.text) for BSP_Init
    main.o(.text) refers to os_core.o(.text) for OSInit
    main.o(.text) refers to os_task.o(.text) for OSTaskCreate
    main.o(.text) refers to main.o(.bss) for LED1_Stk
    main.o(.text) refers to app.o(.text) for Task_LED1
    app.o(.text) refers to stm32f10x_gpio.o(.text) for GPIO_WriteBit
    bsp.o(.text) refers to ledandkey.o(.text) for Led_Configuration
    bsp.o(.text) refers to system_stm32f10x.o(.data) for SystemCoreClock
    ledandkey.o(.text) refers to stm32f10x_rcc.o(.text) for RCC_APB2PeriphClockCmd
    ledandkey.o(.text) refers to stm32f10x_gpio.o(.text) for GPIO_Init
    ledandkey.o(.text) refers to ledandkey.o(.data) for GPIO_InitStructure
    os_cfg_app.o(.text) refers to os_cfg_app.o(.constdata) for OSCfg_DataSizeRAM
    os_cfg_app.o(.constdata) refers to os_cfg_app.o(.bss) for OSCfg_IdleTaskStk
    os_core.o(.text) refers to cpu_a.o(.text) for CPU_SR_Save
    os_core.o(.text) refers to os_cpu_c.o(.text) for OSIdleTaskHook
    os_core.o(.text) refers to os_task.o(.text) for OSTaskCreate
    os_core.o(.text) refers to os_prio.o(.text) for OS_PrioInit
    os_core.o(.text) refers to os_int.o(.text) for OS_IntQTaskInit
    os_core.o(.text) refers to os_tick.o(.text) for OS_TickTaskInit
    os_core.o(.text) refers to os_stat.o(.text) for OS_StatTaskInit
    os_core.o(.text) refers to os_mem.o(.text) for OS_MemInit
    os_core.o(.text) refers to os_dbg.o(.text) for OS_Dbg_Init
    os_core.o(.text) refers to os_cfg_app.o(.text) for OSCfg_Init
    os_core.o(.text) refers to os_var.o(.data) for OSIdleTaskCtr
    os_core.o(.text) refers to os_cfg_app.o(.constdata) for OSCfg_IdleTaskStkSize
    os_core.o(.text) refers to os_var.o(.bss) for OSIdleTaskTCB
    os_core.o(.text) refers to os_cpu_a.o(.text) for OSStartHighRdy
    os_dbg.o(.text) refers to os_dbg.o(.constdata) for OSDbg_DbgEn
    os_int.o(.text) refers to cpu_a.o(.text) for CPU_SR_Save
    os_int.o(.text) refers to os_prio.o(.text) for OS_PrioInsert
    os_int.o(.text) refers to os_task.o(.text) for OS_TaskSemPost
    os_int.o(.text) refers to os_core.o(.text) for OS_SchedRoundRobin
    os_int.o(.text) refers to os_var.o(.data) for OSIntQNbrEntries
    os_int.o(.text) refers to os_cfg_app.o(.constdata) for OSCfg_IntQSize
    os_int.o(.text) refers to os_var.o(.bss) for OSRdyList
    os_mem.o(.text) refers to cpu_a.o(.text) for CPU_SR_Save
    os_mem.o(.text) refers to os_core.o(.text) for OS_Sched0
    os_mem.o(.text) refers to os_var.o(.data) for OSMemDbgListPtr
    os_prio.o(.text) refers to cpu_a.o(.text) for CPU_CntLeadZeros
    os_prio.o(.text) refers to os_prio.o(.data) for OSPrioTbl
    os_stat.o(.text) refers to cpu_a.o(.text) for CPU_SR_Save
    os_stat.o(.text) refers to os_tick.o(.text) for OS_TickListResetPeak
    os_stat.o(.text) refers to os_time.o(.text) for OSTimeDly
    os_stat.o(.text) refers to os_cpu_c.o(.text) for OSStatTaskHook
    os_stat.o(.text) refers to os_task.o(.text) for OSTaskStkChk
    os_stat.o(.text) refers to os_var.o(.data) for OSIntQTaskTimeMax
    os_stat.o(.text) refers to os_cfg_app.o(.constdata) for OSCfg_TickRate_Hz
    os_stat.o(.text) refers to os_var.o(.bss) for OSStatTaskTCB
    os_task.o(.text) refers to os_cpu_c.o(.text) for OSTaskStkInit
    os_task.o(.text) refers to cpu_a.o(.text) for CPU_SR_Save
    os_task.o(.text) refers to os_prio.o(.text) for OS_PrioInsert
    os_task.o(.text) refers to os_core.o(.text) for OS_RdyListInsertTail
    os_task.o(.text) refers to os_tick.o(.text) for OS_TickListRemove
    os_task.o(.text) refers to os_var.o(.data) for OSTaskDbgListPtr
    os_task.o(.text) refers to os_cfg_app.o(.constdata) for OSCfg_StkSizeMin
    os_task.o(.text) refers to os_var.o(.bss) for OSIntQTaskTCB
    os_task.o(.text) refers to os_int.o(.text) for OS_IntQPost
    os_tick.o(.text) refers to cpu_a.o(.text) for CPU_SR_Save
    os_tick.o(.text) refers to os_core.o(.text) for OS_TaskRdy
    os_tick.o(.text) refers to os_task.o(.text) for OSTaskSemPend
    os_tick.o(.text) refers to os_var.o(.data) for OSSchedLockNestingCtr
    os_tick.o(.text) refers to os_cfg_app.o(.constdata) for OSCfg_TickWheelSize
    os_tick.o(.text) refers to os_cfg_app.o(.bss) for OSCfg_TickWheel
    os_tick.o(.text) refers to os_var.o(.bss) for OSTickTaskTCB
    os_time.o(.text) refers to cpu_a.o(.text) for CPU_SR_Save
    os_time.o(.text) refers to os_tick.o(.text) for OS_TickListInsert
    os_time.o(.text) refers to os_core.o(.text) for OS_RdyListRemove
    os_time.o(.text) refers to os_var.o(.data) for OSIntNestingCtr
    os_time.o(.text) refers to os_cfg_app.o(.constdata) for OSCfg_TickRate_Hz
    os_time.o(.text) refers to os_cpu_c.o(.text) for OSTimeTickHook
    os_time.o(.text) refers to os_int.o(.text) for OS_IntQPost
    os_time.o(.text) refers to os_var.o(.bss) for OSRdyList
    os_cpu_a.o(.text) refers to os_cpu_c.o(.data) for OS_CPU_ExceptStkBase
    os_cpu_a.o(.text) refers to os_var.o(.data) for OSTCBCurPtr
    os_cpu_a.o(.text) refers to os_cpu_c.o(.text) for OSTaskSwHook
    os_cpu_c.o(.text) refers to os_cfg_app.o(.constdata) for OSCfg_ISRStkBasePtr
    os_cpu_c.o(.text) refers to os_cpu_c.o(.data) for OS_CPU_ExceptStkBase
    os_cpu_c.o(.text) refers to os_task.o(.text) for OS_TaskReturn
    lib_math.o(.text) refers to cpu_a.o(.text) for CPU_SR_Save
    lib_math.o(.text) refers to lib_math.o(.data) for Math_RandSeedCur
    lib_str.o(.text) refers to lib_ascii.o(.text) for ASCII_ToLower
    lib_str.o(.text) refers to lib_str.o(.constdata) for Str_MultOvfThTbl_Int32U
    cpu_c.o(.text) refers to cpu_a.o(.text) for CPU_SR_Save
    entry.o(.ARM.Collect$$$$00000000) refers (Special) to entry10a.o(.ARM.Collect$$$$0000000D) for __rt_final_cpp
    entry.o(.ARM.Collect$$$$00000000) refers (Special) to entry11a.o(.ARM.Collect$$$$0000000F) for __rt_final_exit
    entry.o(.ARM.Collect$$$$00000000) refers (Special) to entry7b.o(.ARM.Collect$$$$00000008) for _main_clock
    entry.o(.ARM.Collect$$$$00000000) refers (Special) to entry8b.o(.ARM.Collect$$$$0000000A) for _main_cpp_init
    entry.o(.ARM.Collect$$$$00000000) refers (Special) to entry9a.o(.ARM.Collect$$$$0000000B) for _main_init
    entry.o(.ARM.Collect$$$$00000000) refers (Special) to entry5.o(.ARM.Collect$$$$00000004) for _main_scatterload
    entry.o(.ARM.Collect$$$$00000000) refers (Special) to entry2.o(.ARM.Collect$$$$00000001) for _main_stk
    entry2.o(.ARM.Collect$$$$00000001) refers to entry2.o(.ARM.Collect$$$$00002712) for __lit__00000000
    entry2.o(.ARM.Collect$$$$00002712) refers to startup_stm32f10x_md.o(STACK) for __initial_sp
    entry2.o(__vectab_stack_and_reset_area) refers to startup_stm32f10x_md.o(STACK) for __initial_sp
    entry2.o(__vectab_stack_and_reset_area) refers to entry.o(.ARM.Collect$$$$00000000) for __main
    entry5.o(.ARM.Collect$$$$00000004) refers to init.o(.text) for __scatterload
    entry9a.o(.ARM.Collect$$$$0000000B) refers to main.o(.text) for main
    entry9b.o(.ARM.Collect$$$$0000000C) refers to main.o(.text) for main
    init.o(.text) refers to entry5.o(.ARM.Collect$$$$00000004) for __main_after_scatterload


==============================================================================

Removing Unused input sections from the image.

    Removing startup_stm32f10x_md.o(HEAP), (512 bytes).
    Removing core_cm3.o(.emb_text), (32 bytes).
    Removing misc.o(.text), (220 bytes).
    Removing stm32f10x_adc.o(.text), (1102 bytes).
    Removing stm32f10x_bkp.o(.text), (196 bytes).
    Removing stm32f10x_can.o(.text), (2540 bytes).
    Removing stm32f10x_cec.o(.text), (288 bytes).
    Removing stm32f10x_crc.o(.text), (72 bytes).
    Removing stm32f10x_dac.o(.text), (396 bytes).
    Removing stm32f10x_dbgmcu.o(.text), (48 bytes).
    Removing stm32f10x_dma.o(.text), (592 bytes).
    Removing stm32f10x_exti.o(.text), (284 bytes).
    Removing stm32f10x_flash.o(.text), (1468 bytes).
    Removing stm32f10x_fsmc.o(.text), (1560 bytes).
    Removing stm32f10x_i2c.o(.text), (1028 bytes).
    Removing stm32f10x_iwdg.o(.text), (64 bytes).
    Removing stm32f10x_pwr.o(.text), (204 bytes).
    Removing stm32f10x_rtc.o(.text), (324 bytes).
    Removing stm32f10x_sdio.o(.text), (472 bytes).
    Removing stm32f10x_spi.o(.text), (780 bytes).
    Removing stm32f10x_tim.o(.text), (3610 bytes).
    Removing stm32f10x_usart.o(.text), (1032 bytes).
    Removing stm32f10x_wwdg.o(.text), (136 bytes).
    Removing app.o(.data), (4 bytes).
    Removing lib_ascii.o(.text), (598 bytes).
    Removing lib_math.o(.text), (128 bytes).
    Removing lib_math.o(.data), (4 bytes).
    Removing lib_mem.o(.text), (446 bytes).
    Removing lib_str.o(.text), (2264 bytes).
    Removing lib_str.o(.constdata), (148 bytes).
    Removing cpu_c.o(.text), (1916 bytes).
    Removing cpu_core.o(.text), (6 bytes).
    Removing os_app_hooks.o(.text), (20 bytes).

33 unused section(s) (total 22494 bytes) removed from the image.

==============================================================================

Image Symbol Table

    Local Symbols

    Symbol Name                              Value     Ov Type        Size  Object(Section)

    ../clib/microlib/init/entry.s            0x00000000   Number         0  entry11a.o ABSOLUTE
    ../clib/microlib/init/entry.s            0x00000000   Number         0  entry10b.o ABSOLUTE
    ../clib/microlib/init/entry.s            0x00000000   Number         0  entry10a.o ABSOLUTE
    ../clib/microlib/init/entry.s            0x00000000   Number         0  entry9b.o ABSOLUTE
    ../clib/microlib/init/entry.s            0x00000000   Number         0  entry9a.o ABSOLUTE
    ../clib/microlib/init/entry.s            0x00000000   Number         0  entry8a.o ABSOLUTE
    ../clib/microlib/init/entry.s            0x00000000   Number         0  entry7b.o ABSOLUTE
    ../clib/microlib/init/entry.s            0x00000000   Number         0  entry7a.o ABSOLUTE
    ../clib/microlib/init/entry.s            0x00000000   Number         0  entry5.o ABSOLUTE
    ../clib/microlib/init/entry.s            0x00000000   Number         0  entry8b.o ABSOLUTE
    ../clib/microlib/init/entry.s            0x00000000   Number         0  entry2.o ABSOLUTE
    ../clib/microlib/init/entry.s            0x00000000   Number         0  entry.o ABSOLUTE
    ../clib/microlib/init/entry.s            0x00000000   Number         0  entry11b.o ABSOLUTE
    ..\..\App\app.c                          0x00000000   Number         0  app.o ABSOLUTE
    ..\..\Bsp\LedAndKey.c                    0x00000000   Number         0  ledandkey.o ABSOLUTE
    ..\..\Bsp\bsp.c                          0x00000000   Number         0  bsp.o ABSOLUTE
    ..\..\Lib\CMSIS\core_cm3.c               0x00000000   Number         0  core_cm3.o ABSOLUTE
    ..\..\Lib\CMSIS\startup\startup_stm32f10x_md.s 0x00000000   Number         0  startup_stm32f10x_md.o ABSOLUTE
    ..\..\Lib\CMSIS\stm32f10x_it.c           0x00000000   Number         0  stm32f10x_it.o ABSOLUTE
    ..\..\Lib\CMSIS\system_stm32f10x.c       0x00000000   Number         0  system_stm32f10x.o ABSOLUTE
    ..\..\Lib\FWlib\src\misc.c               0x00000000   Number         0  misc.o ABSOLUTE
    ..\..\Lib\FWlib\src\stm32f10x_adc.c      0x00000000   Number         0  stm32f10x_adc.o ABSOLUTE
    ..\..\Lib\FWlib\src\stm32f10x_bkp.c      0x00000000   Number         0  stm32f10x_bkp.o ABSOLUTE
    ..\..\Lib\FWlib\src\stm32f10x_can.c      0x00000000   Number         0  stm32f10x_can.o ABSOLUTE
    ..\..\Lib\FWlib\src\stm32f10x_cec.c      0x00000000   Number         0  stm32f10x_cec.o ABSOLUTE
    ..\..\Lib\FWlib\src\stm32f10x_crc.c      0x00000000   Number         0  stm32f10x_crc.o ABSOLUTE
    ..\..\Lib\FWlib\src\stm32f10x_dac.c      0x00000000   Number         0  stm32f10x_dac.o ABSOLUTE
    ..\..\Lib\FWlib\src\stm32f10x_dbgmcu.c   0x00000000   Number         0  stm32f10x_dbgmcu.o ABSOLUTE
    ..\..\Lib\FWlib\src\stm32f10x_dma.c      0x00000000   Number         0  stm32f10x_dma.o ABSOLUTE
    ..\..\Lib\FWlib\src\stm32f10x_exti.c     0x00000000   Number         0  stm32f10x_exti.o ABSOLUTE
    ..\..\Lib\FWlib\src\stm32f10x_flash.c    0x00000000   Number         0  stm32f10x_flash.o ABSOLUTE
    ..\..\Lib\FWlib\src\stm32f10x_fsmc.c     0x00000000   Number         0  stm32f10x_fsmc.o ABSOLUTE
    ..\..\Lib\FWlib\src\stm32f10x_gpio.c     0x00000000   Number         0  stm32f10x_gpio.o ABSOLUTE
    ..\..\Lib\FWlib\src\stm32f10x_i2c.c      0x00000000   Number         0  stm32f10x_i2c.o ABSOLUTE
    ..\..\Lib\FWlib\src\stm32f10x_iwdg.c     0x00000000   Number         0  stm32f10x_iwdg.o ABSOLUTE
    ..\..\Lib\FWlib\src\stm32f10x_pwr.c      0x00000000   Number         0  stm32f10x_pwr.o ABSOLUTE
    ..\..\Lib\FWlib\src\stm32f10x_rcc.c      0x00000000   Number         0  stm32f10x_rcc.o ABSOLUTE
    ..\..\Lib\FWlib\src\stm32f10x_rtc.c      0x00000000   Number         0  stm32f10x_rtc.o ABSOLUTE
    ..\..\Lib\FWlib\src\stm32f10x_sdio.c     0x00000000   Number         0  stm32f10x_sdio.o ABSOLUTE
    ..\..\Lib\FWlib\src\stm32f10x_spi.c      0x00000000   Number         0  stm32f10x_spi.o ABSOLUTE
    ..\..\Lib\FWlib\src\stm32f10x_tim.c      0x00000000   Number         0  stm32f10x_tim.o ABSOLUTE
    ..\..\Lib\FWlib\src\stm32f10x_usart.c    0x00000000   Number         0  stm32f10x_usart.o ABSOLUTE
    ..\..\Lib\FWlib\src\stm32f10x_wwdg.c     0x00000000   Number         0  stm32f10x_wwdg.o ABSOLUTE
    ..\..\User\main.c                        0x00000000   Number         0  main.o ABSOLUTE
    ..\..\uCOS-III\Cfg\os_app_hooks.c        0x00000000   Number         0  os_app_hooks.o ABSOLUTE
    ..\..\uCOS-III\Ports\os_cpu_a.asm        0x00000000   Number         0  os_cpu_a.o ABSOLUTE
    ..\..\uCOS-III\Ports\os_cpu_c.c          0x00000000   Number         0  os_cpu_c.o ABSOLUTE
    ..\..\uCOS-III\Source\os_cfg_app.c       0x00000000   Number         0  os_cfg_app.o ABSOLUTE
    ..\..\uCOS-III\Source\os_core.c          0x00000000   Number         0  os_core.o ABSOLUTE
    ..\..\uCOS-III\Source\os_dbg.c           0x00000000   Number         0  os_dbg.o ABSOLUTE
    ..\..\uCOS-III\Source\os_flag.c          0x00000000   Number         0  os_flag.o ABSOLUTE
    ..\..\uCOS-III\Source\os_int.c           0x00000000   Number         0  os_int.o ABSOLUTE
    ..\..\uCOS-III\Source\os_mem.c           0x00000000   Number         0  os_mem.o ABSOLUTE
    ..\..\uCOS-III\Source\os_msg.c           0x00000000   Number         0  os_msg.o ABSOLUTE
    ..\..\uCOS-III\Source\os_mutex.c         0x00000000   Number         0  os_mutex.o ABSOLUTE
    ..\..\uCOS-III\Source\os_pend_multi.c    0x00000000   Number         0  os_pend_multi.o ABSOLUTE
    ..\..\uCOS-III\Source\os_prio.c          0x00000000   Number         0  os_prio.o ABSOLUTE
    ..\..\uCOS-III\Source\os_q.c             0x00000000   Number         0  os_q.o ABSOLUTE
    ..\..\uCOS-III\Source\os_sem.c           0x00000000   Number         0  os_sem.o ABSOLUTE
    ..\..\uCOS-III\Source\os_stat.c          0x00000000   Number         0  os_stat.o ABSOLUTE
    ..\..\uCOS-III\Source\os_task.c          0x00000000   Number         0  os_task.o ABSOLUTE
    ..\..\uCOS-III\Source\os_tick.c          0x00000000   Number         0  os_tick.o ABSOLUTE
    ..\..\uCOS-III\Source\os_time.c          0x00000000   Number         0  os_time.o ABSOLUTE
    ..\..\uCOS-III\Source\os_tmr.c           0x00000000   Number         0  os_tmr.o ABSOLUTE
    ..\..\uCOS-III\Source\os_var.c           0x00000000   Number         0  os_var.o ABSOLUTE
    ..\..\uCOS-III\uC-CPU\cpu_a.asm          0x00000000   Number         0  cpu_a.o ABSOLUTE
    ..\..\uCOS-III\uC-CPU\cpu_c.c            0x00000000   Number         0  cpu_c.o ABSOLUTE
    ..\..\uCOS-III\uC-CPU\cpu_core.c         0x00000000   Number         0  cpu_core.o ABSOLUTE
    ..\..\uCOS-III\uC-LIB\lib_ascii.c        0x00000000   Number         0  lib_ascii.o ABSOLUTE
    ..\..\uCOS-III\uC-LIB\lib_math.c         0x00000000   Number         0  lib_math.o ABSOLUTE
    ..\..\uCOS-III\uC-LIB\lib_mem.c          0x00000000   Number         0  lib_mem.o ABSOLUTE
    ..\..\uCOS-III\uC-LIB\lib_str.c          0x00000000   Number         0  lib_str.o ABSOLUTE
    ..\\..\\Lib\\CMSIS\\core_cm3.c           0x00000000   Number         0  core_cm3.o ABSOLUTE
    dc.s                                     0x00000000   Number         0  dc.o ABSOLUTE
    handlers.s                               0x00000000   Number         0  handlers.o ABSOLUTE
    init.s                                   0x00000000   Number         0  init.o ABSOLUTE
    RESET                                    0x08000000   Section      236  startup_stm32f10x_md.o(RESET)
    .ARM.Collect$$$$00000000                 0x080000ec   Section        0  entry.o(.ARM.Collect$$$$00000000)
    .ARM.Collect$$$$00000001                 0x080000ec   Section        4  entry2.o(.ARM.Collect$$$$00000001)
    .ARM.Collect$$$$00000004                 0x080000f0   Section        4  entry5.o(.ARM.Collect$$$$00000004)
    .ARM.Collect$$$$00000008                 0x080000f4   Section        0  entry7b.o(.ARM.Collect$$$$00000008)
    .ARM.Collect$$$$0000000A                 0x080000f4   Section        0  entry8b.o(.ARM.Collect$$$$0000000A)
    .ARM.Collect$$$$0000000B                 0x080000f4   Section        8  entry9a.o(.ARM.Collect$$$$0000000B)
    .ARM.Collect$$$$0000000D                 0x080000fc   Section        0  entry10a.o(.ARM.Collect$$$$0000000D)
    .ARM.Collect$$$$0000000F                 0x080000fc   Section        0  entry11a.o(.ARM.Collect$$$$0000000F)
    .ARM.Collect$$$$00002712                 0x080000fc   Section        4  entry2.o(.ARM.Collect$$$$00002712)
    __lit__00000000                          0x080000fc   Data           4  entry2.o(.ARM.Collect$$$$00002712)
    .text                                    0x08000100   Section       36  startup_stm32f10x_md.o(.text)
    .text                                    0x08000124   Section        0  stm32f10x_it.o(.text)
    .text                                    0x0800014c   Section        0  system_stm32f10x.o(.text)
    SetSysClockTo72                          0x0800014d   Thumb Code   212  system_stm32f10x.o(.text)
    SetSysClock                              0x08000221   Thumb Code     8  system_stm32f10x.o(.text)
    .text                                    0x08000328   Section        0  stm32f10x_gpio.o(.text)
    .text                                    0x08000680   Section        0  stm32f10x_rcc.o(.text)
    .text                                    0x08000a24   Section        0  main.o(.text)
    .text                                    0x08000b60   Section        0  app.o(.text)
    .text                                    0x08000c60   Section        0  bsp.o(.text)
    SysTick_Config                           0x08000c61   Thumb Code    76  bsp.o(.text)
    .text                                    0x08000cf4   Section        0  ledandkey.o(.text)
    .text                                    0x08000d84   Section        0  os_cfg_app.o(.text)
    .text                                    0x08000e3c   Section        0  os_core.o(.text)
    .text                                    0x08001ae0   Section        0  os_dbg.o(.text)
    .text                                    0x08001c0c   Section        0  os_int.o(.text)
    .text                                    0x08001f74   Section        0  os_mem.o(.text)
    .text                                    0x080021e0   Section        0  os_prio.o(.text)
    .text                                    0x0800225c   Section        0  os_stat.o(.text)
    .text                                    0x08002538   Section        0  os_task.o(.text)
    .text                                    0x0800347c   Section        0  os_tick.o(.text)
    .text                                    0x08003944   Section        0  os_time.o(.text)
    .text                                    0x08003e84   Section      132  os_cpu_a.o(.text)
    .text                                    0x08003f08   Section        0  os_cpu_c.o(.text)
    .text                                    0x08003ff8   Section       42  cpu_a.o(.text)
    .text                                    0x08004024   Section       36  init.o(.text)
    i.__scatterload_copy                     0x08004048   Section       14  handlers.o(i.__scatterload_copy)
    i.__scatterload_null                     0x08004056   Section        2  handlers.o(i.__scatterload_null)
    i.__scatterload_zeroinit                 0x08004058   Section       14  handlers.o(i.__scatterload_zeroinit)
    .constdata                               0x08004068   Section      164  os_cfg_app.o(.constdata)
    .constdata                               0x0800410c   Section      364  os_dbg.o(.constdata)
    .data                                    0x20000000   Section       20  system_stm32f10x.o(.data)
    .data                                    0x20000014   Section       20  stm32f10x_rcc.o(.data)
    APBAHBPrescTable                         0x20000014   Data          16  stm32f10x_rcc.o(.data)
    ADCPrescTable                            0x20000024   Data           4  stm32f10x_rcc.o(.data)
    .data                                    0x20000028   Section        4  ledandkey.o(.data)
    .data                                    0x2000002c   Section        4  os_prio.o(.data)
    .data                                    0x20000030   Section      108  os_var.o(.data)
    .data                                    0x2000009c   Section        4  os_cpu_c.o(.data)
    .bss                                     0x200000a0   Section     2528  main.o(.bss)
    .bss                                     0x20000a80   Section     2984  os_cfg_app.o(.bss)
    .bss                                     0x20001628   Section      576  os_var.o(.bss)
    STACK                                    0x20001868   Section     1024  startup_stm32f10x_md.o(STACK)

    Global Symbols

    Symbol Name                              Value     Ov Type        Size  Object(Section)

    BuildAttributes$$THM_ISAv4$P$D$K$B$S$PE$A:L22UL41UL21$X:L11$S22US41US21$IEEE1$IW$USESV6$~STKCKD$USESV7$~SHL$OSPACE$EBA8$MICROLIB$REQ8$PRES8$EABIv2 0x00000000   Number         0  anon$$obj.o ABSOLUTE
    __ARM_use_no_argv                        0x00000000   Number         0  main.o ABSOLUTE
    __cpp_initialize__aeabi_                  - Undefined Weak Reference
    __cxa_finalize                            - Undefined Weak Reference
    __decompress                              - Undefined Weak Reference
    _clock_init                               - Undefined Weak Reference
    _microlib_exit                            - Undefined Weak Reference
    __Vectors_Size                           0x000000ec   Number         0  startup_stm32f10x_md.o ABSOLUTE
    __Vectors                                0x08000000   Data           4  startup_stm32f10x_md.o(RESET)
    __Vectors_End                            0x080000ec   Data           0  startup_stm32f10x_md.o(RESET)
    __main                                   0x080000ed   Thumb Code     0  entry.o(.ARM.Collect$$$$00000000)
    _main_stk                                0x080000ed   Thumb Code     0  entry2.o(.ARM.Collect$$$$00000001)
    _main_scatterload                        0x080000f1   Thumb Code     0  entry5.o(.ARM.Collect$$$$00000004)
    __main_after_scatterload                 0x080000f5   Thumb Code     0  entry5.o(.ARM.Collect$$$$00000004)
    _main_clock                              0x080000f5   Thumb Code     0  entry7b.o(.ARM.Collect$$$$00000008)
    _main_cpp_init                           0x080000f5   Thumb Code     0  entry8b.o(.ARM.Collect$$$$0000000A)
    _main_init                               0x080000f5   Thumb Code     0  entry9a.o(.ARM.Collect$$$$0000000B)
    __rt_final_cpp                           0x080000fd   Thumb Code     0  entry10a.o(.ARM.Collect$$$$0000000D)
    __rt_final_exit                          0x080000fd   Thumb Code     0  entry11a.o(.ARM.Collect$$$$0000000F)
    Reset_Handler                            0x08000101   Thumb Code     8  startup_stm32f10x_md.o(.text)
    ADC1_2_IRQHandler                        0x0800011b   Thumb Code     0  startup_stm32f10x_md.o(.text)
    CAN1_RX1_IRQHandler                      0x0800011b   Thumb Code     0  startup_stm32f10x_md.o(.text)
    CAN1_SCE_IRQHandler                      0x0800011b   Thumb Code     0  startup_stm32f10x_md.o(.text)
    DMA1_Channel1_IRQHandler                 0x0800011b   Thumb Code     0  startup_stm32f10x_md.o(.text)
    DMA1_Channel2_IRQHandler                 0x0800011b   Thumb Code     0  startup_stm32f10x_md.o(.text)
    DMA1_Channel3_IRQHandler                 0x0800011b   Thumb Code     0  startup_stm32f10x_md.o(.text)
    DMA1_Channel4_IRQHandler                 0x0800011b   Thumb Code     0  startup_stm32f10x_md.o(.text)
    DMA1_Channel5_IRQHandler                 0x0800011b   Thumb Code     0  startup_stm32f10x_md.o(.text)
    DMA1_Channel6_IRQHandler                 0x0800011b   Thumb Code     0  startup_stm32f10x_md.o(.text)
    DMA1_Channel7_IRQHandler                 0x0800011b   Thumb Code     0  startup_stm32f10x_md.o(.text)
    EXTI0_IRQHandler                         0x0800011b   Thumb Code     0  startup_stm32f10x_md.o(.text)
    EXTI15_10_IRQHandler                     0x0800011b   Thumb Code     0  startup_stm32f10x_md.o(.text)
    EXTI1_IRQHandler                         0x0800011b   Thumb Code     0  startup_stm32f10x_md.o(.text)
    EXTI2_IRQHandler                         0x0800011b   Thumb Code     0  startup_stm32f10x_md.o(.text)
    EXTI3_IRQHandler                         0x0800011b   Thumb Code     0  startup_stm32f10x_md.o(.text)
    EXTI4_IRQHandler                         0x0800011b   Thumb Code     0  startup_stm32f10x_md.o(.text)
    EXTI9_5_IRQHandler                       0x0800011b   Thumb Code     0  startup_stm32f10x_md.o(.text)
    FLASH_IRQHandler                         0x0800011b   Thumb Code     0  startup_stm32f10x_md.o(.text)
    I2C1_ER_IRQHandler                       0x0800011b   Thumb Code     0  startup_stm32f10x_md.o(.text)
    I2C1_EV_IRQHandler                       0x0800011b   Thumb Code     0  startup_stm32f10x_md.o(.text)
    I2C2_ER_IRQHandler                       0x0800011b   Thumb Code     0  startup_stm32f10x_md.o(.text)
    I2C2_EV_IRQHandler                       0x0800011b   Thumb Code     0  startup_stm32f10x_md.o(.text)
    PVD_IRQHandler                           0x0800011b   Thumb Code     0  startup_stm32f10x_md.o(.text)
    RCC_IRQHandler                           0x0800011b   Thumb Code     0  startup_stm32f10x_md.o(.text)
    RTCAlarm_IRQHandler                      0x0800011b   Thumb Code     0  startup_stm32f10x_md.o(.text)
    RTC_IRQHandler                           0x0800011b   Thumb Code     0  startup_stm32f10x_md.o(.text)
    SPI1_IRQHandler                          0x0800011b   Thumb Code     0  startup_stm32f10x_md.o(.text)
    SPI2_IRQHandler                          0x0800011b   Thumb Code     0  startup_stm32f10x_md.o(.text)
    TAMPER_IRQHandler                        0x0800011b   Thumb Code     0  startup_stm32f10x_md.o(.text)
    TIM1_BRK_IRQHandler                      0x0800011b   Thumb Code     0  startup_stm32f10x_md.o(.text)
    TIM1_CC_IRQHandler                       0x0800011b   Thumb Code     0  startup_stm32f10x_md.o(.text)
    TIM1_TRG_COM_IRQHandler                  0x0800011b   Thumb Code     0  startup_stm32f10x_md.o(.text)
    TIM1_UP_IRQHandler                       0x0800011b   Thumb Code     0  startup_stm32f10x_md.o(.text)
    TIM2_IRQHandler                          0x0800011b   Thumb Code     0  startup_stm32f10x_md.o(.text)
    TIM3_IRQHandler                          0x0800011b   Thumb Code     0  startup_stm32f10x_md.o(.text)
    TIM4_IRQHandler                          0x0800011b   Thumb Code     0  startup_stm32f10x_md.o(.text)
    USART1_IRQHandler                        0x0800011b   Thumb Code     0  startup_stm32f10x_md.o(.text)
    USART2_IRQHandler                        0x0800011b   Thumb Code     0  startup_stm32f10x_md.o(.text)
    USART3_IRQHandler                        0x0800011b   Thumb Code     0  startup_stm32f10x_md.o(.text)
    USBWakeUp_IRQHandler                     0x0800011b   Thumb Code     0  startup_stm32f10x_md.o(.text)
    USB_HP_CAN1_TX_IRQHandler                0x0800011b   Thumb Code     0  startup_stm32f10x_md.o(.text)
    USB_LP_CAN1_RX0_IRQHandler               0x0800011b   Thumb Code     0  startup_stm32f10x_md.o(.text)
    WWDG_IRQHandler                          0x0800011b   Thumb Code     0  startup_stm32f10x_md.o(.text)
    NMI_Handler                              0x08000125   Thumb Code     2  stm32f10x_it.o(.text)
    HardFault_Handler                        0x08000127   Thumb Code     4  stm32f10x_it.o(.text)
    MemManage_Handler                        0x0800012b   Thumb Code     4  stm32f10x_it.o(.text)
    BusFault_Handler                         0x0800012f   Thumb Code     4  stm32f10x_it.o(.text)
    UsageFault_Handler                       0x08000133   Thumb Code     4  stm32f10x_it.o(.text)
    SVC_Handler                              0x08000137   Thumb Code     2  stm32f10x_it.o(.text)
    DebugMon_Handler                         0x08000139   Thumb Code     2  stm32f10x_it.o(.text)
    SysTick_Handler                          0x0800013b   Thumb Code    16  stm32f10x_it.o(.text)
    SystemInit                               0x08000229   Thumb Code    78  system_stm32f10x.o(.text)
    SystemCoreClockUpdate                    0x08000277   Thumb Code   142  system_stm32f10x.o(.text)
    GPIO_DeInit                              0x08000329   Thumb Code   172  stm32f10x_gpio.o(.text)
    GPIO_AFIODeInit                          0x080003d5   Thumb Code    20  stm32f10x_gpio.o(.text)
    GPIO_Init                                0x080003e9   Thumb Code   274  stm32f10x_gpio.o(.text)
    GPIO_StructInit                          0x080004fb   Thumb Code    16  stm32f10x_gpio.o(.text)
    GPIO_ReadInputDataBit                    0x0800050b   Thumb Code    18  stm32f10x_gpio.o(.text)
    GPIO_ReadInputData                       0x0800051d   Thumb Code     8  stm32f10x_gpio.o(.text)
    GPIO_ReadOutputDataBit                   0x08000525   Thumb Code    18  stm32f10x_gpio.o(.text)
    GPIO_ReadOutputData                      0x08000537   Thumb Code     8  stm32f10x_gpio.o(.text)
    GPIO_SetBits                             0x0800053f   Thumb Code     4  stm32f10x_gpio.o(.text)
    GPIO_ResetBits                           0x08000543   Thumb Code     4  stm32f10x_gpio.o(.text)
    GPIO_WriteBit                            0x08000547   Thumb Code    10  stm32f10x_gpio.o(.text)
    GPIO_Write                               0x08000551   Thumb Code     4  stm32f10x_gpio.o(.text)
    GPIO_PinLockConfig                       0x08000555   Thumb Code    18  stm32f10x_gpio.o(.text)
    GPIO_EventOutputConfig                   0x08000567   Thumb Code    26  stm32f10x_gpio.o(.text)
    GPIO_EventOutputCmd                      0x08000581   Thumb Code     6  stm32f10x_gpio.o(.text)
    GPIO_PinRemapConfig                      0x08000587   Thumb Code   138  stm32f10x_gpio.o(.text)
    GPIO_EXTILineConfig                      0x08000611   Thumb Code    66  stm32f10x_gpio.o(.text)
    GPIO_ETH_MediaInterfaceConfig            0x08000653   Thumb Code     6  stm32f10x_gpio.o(.text)
    RCC_DeInit                               0x08000681   Thumb Code    64  stm32f10x_rcc.o(.text)
    RCC_HSEConfig                            0x080006c1   Thumb Code    70  stm32f10x_rcc.o(.text)
    RCC_GetFlagStatus                        0x08000707   Thumb Code    56  stm32f10x_rcc.o(.text)
    RCC_WaitForHSEStartUp                    0x0800073f   Thumb Code    56  stm32f10x_rcc.o(.text)
    RCC_AdjustHSICalibrationValue            0x08000777   Thumb Code    20  stm32f10x_rcc.o(.text)
    RCC_HSICmd                               0x0800078b   Thumb Code     6  stm32f10x_rcc.o(.text)
    RCC_PLLConfig                            0x08000791   Thumb Code    24  stm32f10x_rcc.o(.text)
    RCC_PLLCmd                               0x080007a9   Thumb Code     6  stm32f10x_rcc.o(.text)
    RCC_SYSCLKConfig                         0x080007af   Thumb Code    18  stm32f10x_rcc.o(.text)
    RCC_GetSYSCLKSource                      0x080007c1   Thumb Code    10  stm32f10x_rcc.o(.text)
    RCC_HCLKConfig                           0x080007cb   Thumb Code    18  stm32f10x_rcc.o(.text)
    RCC_PCLK1Config                          0x080007dd   Thumb Code    18  stm32f10x_rcc.o(.text)
    RCC_PCLK2Config                          0x080007ef   Thumb Code    20  stm32f10x_rcc.o(.text)
    RCC_ITConfig                             0x08000803   Thumb Code    26  stm32f10x_rcc.o(.text)
    RCC_USBCLKConfig                         0x0800081d   Thumb Code     6  stm32f10x_rcc.o(.text)
    RCC_ADCCLKConfig                         0x08000823   Thumb Code    18  stm32f10x_rcc.o(.text)
    RCC_LSEConfig                            0x08000835   Thumb Code    44  stm32f10x_rcc.o(.text)
    RCC_LSICmd                               0x08000861   Thumb Code     6  stm32f10x_rcc.o(.text)
    RCC_RTCCLKConfig                         0x08000867   Thumb Code    12  stm32f10x_rcc.o(.text)
    RCC_RTCCLKCmd                            0x08000873   Thumb Code     8  stm32f10x_rcc.o(.text)
    RCC_GetClocksFreq                        0x0800087b   Thumb Code   192  stm32f10x_rcc.o(.text)
    RCC_AHBPeriphClockCmd                    0x0800093b   Thumb Code    26  stm32f10x_rcc.o(.text)
    RCC_APB2PeriphClockCmd                   0x08000955   Thumb Code    26  stm32f10x_rcc.o(.text)
    RCC_APB1PeriphClockCmd                   0x0800096f   Thumb Code    26  stm32f10x_rcc.o(.text)
    RCC_APB2PeriphResetCmd                   0x08000989   Thumb Code    26  stm32f10x_rcc.o(.text)
    RCC_APB1PeriphResetCmd                   0x080009a3   Thumb Code    26  stm32f10x_rcc.o(.text)
    RCC_BackupResetCmd                       0x080009bd   Thumb Code     8  stm32f10x_rcc.o(.text)
    RCC_ClockSecuritySystemCmd               0x080009c5   Thumb Code     6  stm32f10x_rcc.o(.text)
    RCC_MCOConfig                            0x080009cb   Thumb Code     6  stm32f10x_rcc.o(.text)
    RCC_ClearFlag                            0x080009d1   Thumb Code    14  stm32f10x_rcc.o(.text)
    RCC_GetITStatus                          0x080009df   Thumb Code    20  stm32f10x_rcc.o(.text)
    RCC_ClearITPendingBit                    0x080009f3   Thumb Code     6  stm32f10x_rcc.o(.text)
    main                                     0x08000a25   Thumb Code   236  main.o(.text)
    Task_LED1                                0x08000b61   Thumb Code    62  app.o(.text)
    Task_LED2                                0x08000b9f   Thumb Code    62  app.o(.text)
    Task_LED3                                0x08000bdd   Thumb Code    62  app.o(.text)
    Task_LED4                                0x08000c1b   Thumb Code    62  app.o(.text)
    SysTick_init                             0x08000cad   Thumb Code    46  bsp.o(.text)
    BSP_Init                                 0x08000cdb   Thumb Code    12  bsp.o(.text)
    wait                                     0x08000cf5   Thumb Code    12  ledandkey.o(.text)
    Led_Configuration                        0x08000d01   Thumb Code    32  ledandkey.o(.text)
    Key_Configuration                        0x08000d21   Thumb Code    30  ledandkey.o(.text)
    Key_Scan                                 0x08000d3f   Thumb Code    60  ledandkey.o(.text)
    OSCfg_Init                               0x08000d85   Thumb Code    64  os_cfg_app.o(.text)
    OS_IdleTask                              0x08000e3d   Thumb Code    60  os_core.o(.text)
    OS_IdleTaskInit                          0x08000e79   Thumb Code    68  os_core.o(.text)
    OS_RdyListInit                           0x08000ebd   Thumb Code    32  os_core.o(.text)
    OSInit                                   0x08000edd   Thumb Code   162  os_core.o(.text)
    OSIntEnter                               0x08000f7f   Thumb Code    34  os_core.o(.text)
    OSIntExit                                0x08000fa1   Thumb Code   174  os_core.o(.text)
    OSSched                                  0x0800104f   Thumb Code   116  os_core.o(.text)
    OSSchedLock                              0x080010c3   Thumb Code   100  os_core.o(.text)
    OSSchedUnlock                            0x08001127   Thumb Code   132  os_core.o(.text)
    OSSchedRoundRobinCfg                     0x080011ab   Thumb Code    88  os_core.o(.text)
    OS_RdyListMoveHeadToTail                 0x08001203   Thumb Code   170  os_core.o(.text)
    OSSchedRoundRobinYield                   0x080012ad   Thumb Code   164  os_core.o(.text)
    OSStart                                  0x08001351   Thumb Code    78  os_core.o(.text)
    OSVersion                                0x0800139f   Thumb Code    12  os_core.o(.text)
    OS_PendDbgNameAdd                        0x080013ab   Thumb Code    58  os_core.o(.text)
    OS_PendListInsertPrio                    0x080013e5   Thumb Code   102  os_core.o(.text)
    OS_PendDataInit                          0x0800144b   Thumb Code    38  os_core.o(.text)
    OS_RdyListRemove                         0x08001471   Thumb Code    86  os_core.o(.text)
    OS_TaskBlock                             0x080014c7   Thumb Code    56  os_core.o(.text)
    OS_Pend                                  0x080014ff   Thumb Code    98  os_core.o(.text)
    OS_PendListRemove1                       0x08001561   Thumb Code    66  os_core.o(.text)
    OS_PendListRemove                        0x080015a3   Thumb Code    48  os_core.o(.text)
    OS_PendAbort1                            0x080015d3   Thumb Code    36  os_core.o(.text)
    OS_RdyListInsertHead                     0x080015f7   Thumb Code    58  os_core.o(.text)
    OS_RdyListInsertTail                     0x08001631   Thumb Code    56  os_core.o(.text)
    OS_RdyListInsert                         0x08001669   Thumb Code   104  os_core.o(.text)
    OS_TaskRdy                               0x080016d1   Thumb Code    28  os_core.o(.text)
    OS_PendAbort                             0x080016ed   Thumb Code   162  os_core.o(.text)
    OS_PendDbgNameRemove                     0x0800178f   Thumb Code    32  os_core.o(.text)
    OS_PendListChangePrio                    0x080017af   Thumb Code    70  os_core.o(.text)
    OS_PendListInit                          0x080017f5   Thumb Code    10  os_core.o(.text)
    OS_PendListInsertHead                    0x080017ff   Thumb Code    32  os_core.o(.text)
    OS_PendObjDel1                           0x0800181f   Thumb Code    36  os_core.o(.text)
    OS_PendObjDel                            0x08001843   Thumb Code   158  os_core.o(.text)
    OS_Post1                                 0x080018e1   Thumb Code    42  os_core.o(.text)
    OS_Post                                  0x0800190b   Thumb Code   186  os_core.o(.text)
    OS_Sched0                                0x080019c5   Thumb Code    56  os_core.o(.text)
    OS_SchedRoundRobin                       0x080019fd   Thumb Code   190  os_core.o(.text)
    OS_Dbg_Init                              0x08001ae1   Thumb Code   102  os_dbg.o(.text)
    OS_IntQPost                              0x08001c0d   Thumb Code   210  os_int.o(.text)
    OS_IntQRePost                            0x08001cdf   Thumb Code   200  os_int.o(.text)
    OS_IntQTask                              0x08001da7   Thumb Code   130  os_int.o(.text)
    OS_IntQTaskInit                          0x08001e29   Thumb Code   208  os_int.o(.text)
    OS_MemDbgListAdd                         0x08001f75   Thumb Code    34  os_mem.o(.text)
    OSMemCreate                              0x08001f97   Thumb Code   334  os_mem.o(.text)
    OSMemGet                                 0x080020e5   Thumb Code   100  os_mem.o(.text)
    OSMemPut                                 0x08002149   Thumb Code   112  os_mem.o(.text)
    OS_MemInit                               0x080021b9   Thumb Code    14  os_mem.o(.text)
    OS_PrioInit                              0x080021e1   Thumb Code    20  os_prio.o(.text)
    OS_PrioGetHighest                        0x080021f5   Thumb Code    36  os_prio.o(.text)
    OS_PrioInsert                            0x08002219   Thumb Code    32  os_prio.o(.text)
    OS_PrioRemove                            0x08002239   Thumb Code    32  os_prio.o(.text)
    OSStatReset                              0x0800225d   Thumb Code    74  os_stat.o(.text)
    OSStatTaskCPUUsageInit                   0x080022a7   Thumb Code   168  os_stat.o(.text)
    OS_StatTask                              0x0800234f   Thumb Code   256  os_stat.o(.text)
    OS_StatTaskInit                          0x0800244f   Thumb Code   138  os_stat.o(.text)
    OS_TaskDbgListAdd                        0x08002539   Thumb Code    34  os_task.o(.text)
    OS_TaskInitTCB                           0x0800255b   Thumb Code   126  os_task.o(.text)
    OSTaskCreate                             0x080025d9   Thumb Code   554  os_task.o(.text)
    OS_TaskDbgListRemove                     0x08002803   Thumb Code    44  os_task.o(.text)
    OSTaskDel                                0x0800282f   Thumb Code   476  os_task.o(.text)
    OSTaskRegGet                             0x08002a0b   Thumb Code    78  os_task.o(.text)
    OSTaskRegSet                             0x08002a59   Thumb Code    78  os_task.o(.text)
    OSTaskResume                             0x08002aa7   Thumb Code   362  os_task.o(.text)
    OSTaskSemPend                            0x08002c11   Thumb Code   380  os_task.o(.text)
    OS_TaskSemPost                           0x08002d8d   Thumb Code   858  os_task.o(.text)
    OSTaskSemPost                            0x080030e7   Thumb Code    68  os_task.o(.text)
    OSTaskSemSet                             0x0800312b   Thumb Code    80  os_task.o(.text)
    OSTaskStkChk                             0x0800317b   Thumb Code   226  os_task.o(.text)
    OSTaskSuspend                            0x0800325d   Thumb Code   372  os_task.o(.text)
    OSTaskTimeQuantaSet                      0x080033d1   Thumb Code    96  os_task.o(.text)
    OS_TaskInit                              0x08003431   Thumb Code    18  os_task.o(.text)
    OS_TaskReturn                            0x08003443   Thumb Code    20  os_task.o(.text)
    OS_TickListRemove                        0x0800347d   Thumb Code    56  os_tick.o(.text)
    OS_TickListUpdate                        0x080034b5   Thumb Code   466  os_tick.o(.text)
    OS_TickTask                              0x08003687   Thumb Code    38  os_tick.o(.text)
    OS_TickListInit                          0x080036ad   Thumb Code    32  os_tick.o(.text)
    OS_TickTaskInit                          0x080036cd   Thumb Code    94  os_tick.o(.text)
    OS_TickListInsert                        0x0800372b   Thumb Code   500  os_tick.o(.text)
    OS_TickListResetPeak                     0x0800391f   Thumb Code    28  os_tick.o(.text)
    OSTimeDly                                0x08003945   Thumb Code   266  os_time.o(.text)
    OSTimeDlyHMSM                            0x08003a4f   Thumb Code   480  os_time.o(.text)
    OSTimeDlyResume                          0x08003c2f   Thumb Code   436  os_time.o(.text)
    OSTimeGet                                0x08003de3   Thumb Code    46  os_time.o(.text)
    OSTimeSet                                0x08003e11   Thumb Code    46  os_time.o(.text)
    OSTimeTick                               0x08003e3f   Thumb Code    50  os_time.o(.text)
    OSStartHighRdy                           0x08003e85   Thumb Code     0  os_cpu_a.o(.text)
    OS_CPU_PendSVHandler                     0x08003ea7   Thumb Code     0  os_cpu_a.o(.text)
    OSIdleTaskHook                           0x08003f09   Thumb Code     2  os_cpu_c.o(.text)
    OSInitHook                               0x08003f0b   Thumb Code    20  os_cpu_c.o(.text)
    OSStatTaskHook                           0x08003f1f   Thumb Code     2  os_cpu_c.o(.text)
    OSTaskCreateHook                         0x08003f21   Thumb Code     2  os_cpu_c.o(.text)
    OSTaskDelHook                            0x08003f23   Thumb Code     2  os_cpu_c.o(.text)
    OSTaskReturnHook                         0x08003f25   Thumb Code     2  os_cpu_c.o(.text)
    OSTaskStkInit                            0x08003f27   Thumb Code   188  os_cpu_c.o(.text)
    OSTaskSwHook                             0x08003fe3   Thumb Code     2  os_cpu_c.o(.text)
    OSTimeTickHook                           0x08003fe5   Thumb Code     2  os_cpu_c.o(.text)
    CPU_IntDis                               0x08003ff9   Thumb Code     0  cpu_a.o(.text)
    CPU_IntEn                                0x08003ffd   Thumb Code     0  cpu_a.o(.text)
    CPU_SR_Save                              0x08004001   Thumb Code     0  cpu_a.o(.text)
    CPU_SR_Restore                           0x08004009   Thumb Code     0  cpu_a.o(.text)
    CPU_CntLeadZeros                         0x0800400f   Thumb Code     0  cpu_a.o(.text)
    CPU_RevBits                              0x08004015   Thumb Code     0  cpu_a.o(.text)
    CPU_WaitForInt                           0x0800401b   Thumb Code     0  cpu_a.o(.text)
    CPU_WaitForExcept                        0x0800401f   Thumb Code     0  cpu_a.o(.text)
    __scatterload                            0x08004025   Thumb Code    28  init.o(.text)
    __scatterload_rt2                        0x08004025   Thumb Code     0  init.o(.text)
    __scatterload_copy                       0x08004049   Thumb Code    14  handlers.o(i.__scatterload_copy)
    __scatterload_null                       0x08004057   Thumb Code     2  handlers.o(i.__scatterload_null)
    __scatterload_zeroinit                   0x08004059   Thumb Code    14  handlers.o(i.__scatterload_zeroinit)
    OSCfg_IdleTaskStkBasePtr                 0x08004068   Data           4  os_cfg_app.o(.constdata)
    OSCfg_IdleTaskStkLimit                   0x0800406c   Data           4  os_cfg_app.o(.constdata)
    OSCfg_IdleTaskStkSize                    0x08004070   Data           4  os_cfg_app.o(.constdata)
    OSCfg_IdleTaskStkSizeRAM                 0x08004074   Data           4  os_cfg_app.o(.constdata)
    OSCfg_IntQBasePtr                        0x08004078   Data           4  os_cfg_app.o(.constdata)
    OSCfg_IntQSize                           0x0800407c   Data           2  os_cfg_app.o(.constdata)
    OSCfg_IntQSizeRAM                        0x08004080   Data           4  os_cfg_app.o(.constdata)
    OSCfg_IntQTaskStkBasePtr                 0x08004084   Data           4  os_cfg_app.o(.constdata)
    OSCfg_IntQTaskStkLimit                   0x08004088   Data           4  os_cfg_app.o(.constdata)
    OSCfg_IntQTaskStkSize                    0x0800408c   Data           4  os_cfg_app.o(.constdata)
    OSCfg_IntQTaskStkSizeRAM                 0x08004090   Data           4  os_cfg_app.o(.constdata)
    OSCfg_ISRStkBasePtr                      0x08004094   Data           4  os_cfg_app.o(.constdata)
    OSCfg_ISRStkSize                         0x08004098   Data           4  os_cfg_app.o(.constdata)
    OSCfg_ISRStkSizeRAM                      0x0800409c   Data           4  os_cfg_app.o(.constdata)
    OSCfg_MsgPoolSize                        0x080040a0   Data           2  os_cfg_app.o(.constdata)
    OSCfg_MsgPoolSizeRAM                     0x080040a4   Data           4  os_cfg_app.o(.constdata)
    OSCfg_MsgPoolBasePtr                     0x080040a8   Data           4  os_cfg_app.o(.constdata)
    OSCfg_StatTaskPrio                       0x080040ac   Data           1  os_cfg_app.o(.constdata)
    OSCfg_StatTaskRate_Hz                    0x080040b0   Data           4  os_cfg_app.o(.constdata)
    OSCfg_StatTaskStkBasePtr                 0x080040b4   Data           4  os_cfg_app.o(.constdata)
    OSCfg_StatTaskStkLimit                   0x080040b8   Data           4  os_cfg_app.o(.constdata)
    OSCfg_StatTaskStkSize                    0x080040bc   Data           4  os_cfg_app.o(.constdata)
    OSCfg_StatTaskStkSizeRAM                 0x080040c0   Data           4  os_cfg_app.o(.constdata)
    OSCfg_StkSizeMin                         0x080040c4   Data           4  os_cfg_app.o(.constdata)
    OSCfg_TickRate_Hz                        0x080040c8   Data           4  os_cfg_app.o(.constdata)
    OSCfg_TickTaskPrio                       0x080040cc   Data           1  os_cfg_app.o(.constdata)
    OSCfg_TickTaskStkBasePtr                 0x080040d0   Data           4  os_cfg_app.o(.constdata)
    OSCfg_TickTaskStkLimit                   0x080040d4   Data           4  os_cfg_app.o(.constdata)
    OSCfg_TickTaskStkSize                    0x080040d8   Data           4  os_cfg_app.o(.constdata)
    OSCfg_TickTaskStkSizeRAM                 0x080040dc   Data           4  os_cfg_app.o(.constdata)
    OSCfg_TickWheelSize                      0x080040e0   Data           2  os_cfg_app.o(.constdata)
    OSCfg_TickWheelSizeRAM                   0x080040e4   Data           4  os_cfg_app.o(.constdata)
    OSCfg_TmrTaskPrio                        0x080040e8   Data           1  os_cfg_app.o(.constdata)
    OSCfg_TmrTaskRate_Hz                     0x080040ec   Data           4  os_cfg_app.o(.constdata)
    OSCfg_TmrTaskStkBasePtr                  0x080040f0   Data           4  os_cfg_app.o(.constdata)
    OSCfg_TmrTaskStkLimit                    0x080040f4   Data           4  os_cfg_app.o(.constdata)
    OSCfg_TmrTaskStkSize                     0x080040f8   Data           4  os_cfg_app.o(.constdata)
    OSCfg_TmrTaskStkSizeRAM                  0x080040fc   Data           4  os_cfg_app.o(.constdata)
    OSCfg_TmrWheelSize                       0x08004100   Data           2  os_cfg_app.o(.constdata)
    OSCfg_TmrWheelSizeRAM                    0x08004104   Data           4  os_cfg_app.o(.constdata)
    OSCfg_DataSizeRAM                        0x08004108   Data           4  os_cfg_app.o(.constdata)
    OSDbg_DbgEn                              0x0800410c   Data           2  os_dbg.o(.constdata)
    OSDbg_ArgChkEn                           0x0800410e   Data           1  os_dbg.o(.constdata)
    OSDbg_AppHooksEn                         0x0800410f   Data           1  os_dbg.o(.constdata)
    OSDbg_EndiannessTest                     0x08004110   Data           4  os_dbg.o(.constdata)
    OSDbg_CalledFromISRChkEn                 0x08004114   Data           1  os_dbg.o(.constdata)
    OSDbg_FlagEn                             0x08004115   Data           1  os_dbg.o(.constdata)
    OSDbg_FlagGrp                            0x08004118   Data          40  os_dbg.o(.constdata)
    OSDbg_FlagDelEn                          0x08004140   Data           1  os_dbg.o(.constdata)
    OSDbg_FlagModeClrEn                      0x08004141   Data           1  os_dbg.o(.constdata)
    OSDbg_FlagPendAbortEn                    0x08004142   Data           1  os_dbg.o(.constdata)
    OSDbg_FlagGrpSize                        0x08004144   Data           2  os_dbg.o(.constdata)
    OSDbg_FlagWidth                          0x08004146   Data           2  os_dbg.o(.constdata)
    OSDbg_IntQ                               0x08004148   Data           2  os_dbg.o(.constdata)
    OSDbg_ISRPostDeferredEn                  0x0800414a   Data           1  os_dbg.o(.constdata)
    OSDbg_Mem                                0x0800414c   Data          32  os_dbg.o(.constdata)
    OSDbg_MemEn                              0x0800416c   Data           1  os_dbg.o(.constdata)
    OSDbg_MemSize                            0x0800416e   Data           2  os_dbg.o(.constdata)
    OSDbg_MsgEn                              0x08004170   Data           1  os_dbg.o(.constdata)
    OSDbg_MsgSize                            0x08004172   Data           2  os_dbg.o(.constdata)
    OSDbg_MsgPoolSize                        0x08004174   Data           2  os_dbg.o(.constdata)
    OSDbg_MsgQSize                           0x08004176   Data           2  os_dbg.o(.constdata)
    OSDbg_Mutex                              0x08004178   Data          44  os_dbg.o(.constdata)
    OSDbg_MutexEn                            0x080041a4   Data           1  os_dbg.o(.constdata)
    OSDbg_MutexDelEn                         0x080041a5   Data           1  os_dbg.o(.constdata)
    OSDbg_MutexPendAbortEn                   0x080041a6   Data           1  os_dbg.o(.constdata)
    OSDbg_MutexSize                          0x080041a8   Data           2  os_dbg.o(.constdata)
    OSDbg_ObjTypeChkEn                       0x080041aa   Data           1  os_dbg.o(.constdata)
    OSDbg_PendMultiEn                        0x080041ab   Data           1  os_dbg.o(.constdata)
    OSDbg_PendDataSize                       0x080041ac   Data           2  os_dbg.o(.constdata)
    OSDbg_PendListSize                       0x080041ae   Data           2  os_dbg.o(.constdata)
    OSDbg_PendObjSize                        0x080041b0   Data           2  os_dbg.o(.constdata)
    OSDbg_PrioMax                            0x080041b2   Data           2  os_dbg.o(.constdata)
    OSDbg_PrioTblSize                        0x080041b4   Data           2  os_dbg.o(.constdata)
    OSDbg_PtrSize                            0x080041b6   Data           2  os_dbg.o(.constdata)
    OSDbg_Q                                  0x080041b8   Data          48  os_dbg.o(.constdata)
    OSDbg_QEn                                0x080041e8   Data           1  os_dbg.o(.constdata)
    OSDbg_QDelEn                             0x080041e9   Data           1  os_dbg.o(.constdata)
    OSDbg_QFlushEn                           0x080041ea   Data           1  os_dbg.o(.constdata)
    OSDbg_QPendAbortEn                       0x080041eb   Data           1  os_dbg.o(.constdata)
    OSDbg_QSize                              0x080041ec   Data           2  os_dbg.o(.constdata)
    OSDbg_SchedRoundRobinEn                  0x080041ee   Data           1  os_dbg.o(.constdata)
    OSDbg_Sem                                0x080041f0   Data          40  os_dbg.o(.constdata)
    OSDbg_SemEn                              0x08004218   Data           1  os_dbg.o(.constdata)
    OSDbg_SemDelEn                           0x08004219   Data           1  os_dbg.o(.constdata)
    OSDbg_SemPendAbortEn                     0x0800421a   Data           1  os_dbg.o(.constdata)
    OSDbg_SemSetEn                           0x0800421b   Data           1  os_dbg.o(.constdata)
    OSDbg_SemSize                            0x0800421c   Data           2  os_dbg.o(.constdata)
    OSDbg_RdyList                            0x0800421e   Data           2  os_dbg.o(.constdata)
    OSDbg_RdyListSize                        0x08004220   Data           4  os_dbg.o(.constdata)
    OSDbg_StkWidth                           0x08004224   Data           1  os_dbg.o(.constdata)
    OSDbg_StatTaskEn                         0x08004225   Data           1  os_dbg.o(.constdata)
    OSDbg_StatTaskStkChkEn                   0x08004226   Data           1  os_dbg.o(.constdata)
    OSDbg_TaskChangePrioEn                   0x08004227   Data           1  os_dbg.o(.constdata)
    OSDbg_TaskDelEn                          0x08004228   Data           1  os_dbg.o(.constdata)
    OSDbg_TaskQEn                            0x08004229   Data           1  os_dbg.o(.constdata)
    OSDbg_TaskQPendAbortEn                   0x0800422a   Data           1  os_dbg.o(.constdata)
    OSDbg_TaskProfileEn                      0x0800422b   Data           1  os_dbg.o(.constdata)
    OSDbg_TaskRegTblSize                     0x0800422c   Data           2  os_dbg.o(.constdata)
    OSDbg_TaskSemPendAbortEn                 0x0800422e   Data           1  os_dbg.o(.constdata)
    OSDbg_TaskSuspendEn                      0x0800422f   Data           1  os_dbg.o(.constdata)
    OSDbg_TCBSize                            0x08004230   Data           2  os_dbg.o(.constdata)
    OSDbg_TickSpokeSize                      0x08004232   Data           2  os_dbg.o(.constdata)
    OSDbg_TimeDlyHMSMEn                      0x08004234   Data           1  os_dbg.o(.constdata)
    OSDbg_TimeDlyResumeEn                    0x08004235   Data           1  os_dbg.o(.constdata)
    OSDbg_Tmr                                0x08004238   Data          52  os_dbg.o(.constdata)
    OSDbg_TmrEn                              0x0800426c   Data           1  os_dbg.o(.constdata)
    OSDbg_TmrDelEn                           0x0800426d   Data           1  os_dbg.o(.constdata)
    OSDbg_TmrSize                            0x0800426e   Data           2  os_dbg.o(.constdata)
    OSDbg_TmrSpokeSize                       0x08004270   Data           2  os_dbg.o(.constdata)
    OSDbg_VersionNbr                         0x08004272   Data           2  os_dbg.o(.constdata)
    OSDbg_DataSize                           0x08004274   Data           4  os_dbg.o(.constdata)
    Region$$Table$$Base                      0x08004278   Number         0  anon$$obj.o(Region$$Table)
    Region$$Table$$Limit                     0x08004298   Number         0  anon$$obj.o(Region$$Table)
    SystemCoreClock                          0x20000000   Data           4  system_stm32f10x.o(.data)
    AHBPrescTable                            0x20000004   Data          16  system_stm32f10x.o(.data)
    GPIO_InitStructure                       0x20000028   Data           4  ledandkey.o(.data)
    OSPrioTbl                                0x2000002c   Data           4  os_prio.o(.data)
    OSIdleTaskCtr                            0x20000030   Data           4  os_var.o(.data)
    OSIntNestingCtr                          0x20000034   Data           1  os_var.o(.data)
    OSRunning                                0x20000035   Data           1  os_var.o(.data)
    OSIntQInPtr                              0x20000038   Data           4  os_var.o(.data)
    OSIntQOutPtr                             0x2000003c   Data           4  os_var.o(.data)
    OSIntQNbrEntries                         0x20000040   Data           2  os_var.o(.data)
    OSIntQMaxNbrEntries                      0x20000042   Data           2  os_var.o(.data)
    OSIntQOvfCtr                             0x20000044   Data           2  os_var.o(.data)
    OSIntQTaskTimeMax                        0x20000048   Data           4  os_var.o(.data)
    OSMemDbgListPtr                          0x2000004c   Data           4  os_var.o(.data)
    OSMemQty                                 0x20000050   Data           2  os_var.o(.data)
    OSMsgPool                                0x20000054   Data           8  os_var.o(.data)
    OSPrioCur                                0x2000005c   Data           1  os_var.o(.data)
    OSPrioHighRdy                            0x2000005d   Data           1  os_var.o(.data)
    OSPrioSaved                              0x2000005e   Data           1  os_var.o(.data)
    OSSchedLockNestingCtr                    0x2000005f   Data           1  os_var.o(.data)
    OSSchedRoundRobinDfltTimeQuanta          0x20000060   Data           4  os_var.o(.data)
    OSSchedRoundRobinEn                      0x20000064   Data           1  os_var.o(.data)
    OSStatTaskCPUUsage                       0x20000065   Data           1  os_var.o(.data)
    OSStatTaskCtr                            0x20000068   Data           4  os_var.o(.data)
    OSStatTaskCtrMax                         0x2000006c   Data           4  os_var.o(.data)
    OSStatTaskCtrRun                         0x20000070   Data           4  os_var.o(.data)
    OSStatTaskRdy                            0x20000074   Data           1  os_var.o(.data)
    OSStatTaskTimeMax                        0x20000078   Data           4  os_var.o(.data)
    OSStatResetFlag                          0x2000007c   Data           1  os_var.o(.data)
    OSTaskCtxSwCtr                           0x20000080   Data           4  os_var.o(.data)
    OSTaskDbgListPtr                         0x20000084   Data           4  os_var.o(.data)
    OSTaskQty                                0x20000088   Data           2  os_var.o(.data)
    OSTickCtr                                0x2000008c   Data           4  os_var.o(.data)
    OSTickTaskTimeMax                        0x20000090   Data           4  os_var.o(.data)
    OSTCBCurPtr                              0x20000094   Data           4  os_var.o(.data)
    OSTCBHighRdyPtr                          0x20000098   Data           4  os_var.o(.data)
    OS_CPU_ExceptStkBase                     0x2000009c   Data           4  os_cpu_c.o(.data)
    LED1_TCB                                 0x200000a0   Data         120  main.o(.bss)
    LED2_TCB                                 0x20000118   Data         120  main.o(.bss)
    LED3_TCB                                 0x20000190   Data         120  main.o(.bss)
    LED4_TCB                                 0x20000208   Data         120  main.o(.bss)
    LED1_Stk                                 0x20000280   Data         512  main.o(.bss)
    LED2_Stk                                 0x20000480   Data         512  main.o(.bss)
    LED3_Stk                                 0x20000680   Data         512  main.o(.bss)
    LED4_Stk                                 0x20000880   Data         512  main.o(.bss)
    OSCfg_IdleTaskStk                        0x20000a80   Data         512  os_cfg_app.o(.bss)
    OSCfg_IntQ                               0x20000c80   Data         320  os_cfg_app.o(.bss)
    OSCfg_IntQTaskStk                        0x20000dc0   Data         512  os_cfg_app.o(.bss)
    OSCfg_ISRStk                             0x20000fc0   Data         512  os_cfg_app.o(.bss)
    OSCfg_StatTaskStk                        0x200011c0   Data         512  os_cfg_app.o(.bss)
    OSCfg_TickTaskStk                        0x200013c0   Data         512  os_cfg_app.o(.bss)
    OSCfg_TickWheel                          0x200015c0   Data         104  os_cfg_app.o(.bss)
    OSIdleTaskTCB                            0x20001628   Data         120  os_var.o(.bss)
    OSIntQTaskTCB                            0x200016a0   Data         120  os_var.o(.bss)
    OSRdyList                                0x20001718   Data          96  os_var.o(.bss)
    OSStatTaskTCB                            0x20001778   Data         120  os_var.o(.bss)
    OSTickTaskTCB                            0x200017f0   Data         120  os_var.o(.bss)
    __initial_sp                             0x20001c68   Data           0  startup_stm32f10x_md.o(STACK)



==============================================================================

Memory Map of the image

  Image Entry point : 0x080000ed

  Load Region LR_IROM1 (Base: 0x08000000, Size: 0x00004338, Max: 0x00020000, ABSOLUTE)

    Execution Region ER_IROM1 (Base: 0x08000000, Size: 0x00004298, Max: 0x00020000, ABSOLUTE)

    Base Addr    Size         Type   Attr      Idx    E Section Name        Object

    0x08000000   0x000000ec   Data   RO            3    RESET               startup_stm32f10x_md.o
    0x080000ec   0x00000000   Code   RO          855  * .ARM.Collect$$$$00000000  mc_w.l(entry.o)
    0x080000ec   0x00000004   Code   RO          858    .ARM.Collect$$$$00000001  mc_w.l(entry2.o)
    0x080000f0   0x00000004   Code   RO          861    .ARM.Collect$$$$00000004  mc_w.l(entry5.o)
    0x080000f4   0x00000000   Code   RO          863    .ARM.Collect$$$$00000008  mc_w.l(entry7b.o)
    0x080000f4   0x00000000   Code   RO          865    .ARM.Collect$$$$0000000A  mc_w.l(entry8b.o)
    0x080000f4   0x00000008   Code   RO          866    .ARM.Collect$$$$0000000B  mc_w.l(entry9a.o)
    0x080000fc   0x00000000   Code   RO          868    .ARM.Collect$$$$0000000D  mc_w.l(entry10a.o)
    0x080000fc   0x00000000   Code   RO          870    .ARM.Collect$$$$0000000F  mc_w.l(entry11a.o)
    0x080000fc   0x00000004   Code   RO          859    .ARM.Collect$$$$00002712  mc_w.l(entry2.o)
    0x08000100   0x00000024   Code   RO            4    .text               startup_stm32f10x_md.o
    0x08000124   0x00000026   Code   RO           24    .text               stm32f10x_it.o
    0x0800014a   0x00000002   PAD
    0x0800014c   0x000001dc   Code   RO          163    .text               system_stm32f10x.o
    0x08000328   0x00000358   Code   RO          325    .text               stm32f10x_gpio.o
    0x08000680   0x000003a4   Code   RO          373    .text               stm32f10x_rcc.o
    0x08000a24   0x0000013c   Code   RO          459    .text               main.o
    0x08000b60   0x00000100   Code   RO          474    .text               app.o
    0x08000c60   0x00000094   Code   RO          490    .text               bsp.o
    0x08000cf4   0x00000090   Code   RO          506    .text               ledandkey.o
    0x08000d84   0x000000b8   Code   RO          521    .text               os_cfg_app.o
    0x08000e3c   0x00000ca4   Code   RO          541    .text               os_core.o
    0x08001ae0   0x0000012c   Code   RO          553    .text               os_dbg.o
    0x08001c0c   0x00000368   Code   RO          574    .text               os_int.o
    0x08001f74   0x0000026c   Code   RO          586    .text               os_mem.o
    0x080021e0   0x0000007c   Code   RO          616    .text               os_prio.o
    0x0800225c   0x000002dc   Code   RO          647    .text               os_stat.o
    0x08002538   0x00000f44   Code   RO          659    .text               os_task.o
    0x0800347c   0x000004c8   Code   RO          671    .text               os_tick.o
    0x08003944   0x00000540   Code   RO          683    .text               os_time.o
    0x08003e84   0x00000084   Code   RO          715    .text               os_cpu_a.o
    0x08003f08   0x000000f0   Code   RO          718    .text               os_cpu_c.o
    0x08003ff8   0x0000002a   Code   RO          810    .text               cpu_a.o
    0x08004022   0x00000002   PAD
    0x08004024   0x00000024   Code   RO          872    .text               mc_w.l(init.o)
    0x08004048   0x0000000e   Code   RO          876    i.__scatterload_copy  mc_w.l(handlers.o)
    0x08004056   0x00000002   Code   RO          877    i.__scatterload_null  mc_w.l(handlers.o)
    0x08004058   0x0000000e   Code   RO          878    i.__scatterload_zeroinit  mc_w.l(handlers.o)
    0x08004066   0x00000002   PAD
    0x08004068   0x000000a4   Data   RO          523    .constdata          os_cfg_app.o
    0x0800410c   0x0000016c   Data   RO          554    .constdata          os_dbg.o
    0x08004278   0x00000020   Data   RO          874    Region$$Table       anon$$obj.o


    Execution Region RW_IRAM1 (Base: 0x20000000, Size: 0x00001c68, Max: 0x00005000, ABSOLUTE)

    Base Addr    Size         Type   Attr      Idx    E Section Name        Object

    0x20000000   0x00000014   Data   RW          164    .data               system_stm32f10x.o
    0x20000014   0x00000014   Data   RW          374    .data               stm32f10x_rcc.o
    0x20000028   0x00000004   Data   RW          507    .data               ledandkey.o
    0x2000002c   0x00000004   Data   RW          617    .data               os_prio.o
    0x20000030   0x0000006c   Data   RW          702    .data               os_var.o
    0x2000009c   0x00000004   Data   RW          719    .data               os_cpu_c.o
    0x200000a0   0x000009e0   Zero   RW          460    .bss                main.o
    0x20000a80   0x00000ba8   Zero   RW          522    .bss                os_cfg_app.o
    0x20001628   0x00000240   Zero   RW          701    .bss                os_var.o
    0x20001868   0x00000400   Zero   RW            1    STACK               startup_stm32f10x_md.o


==============================================================================

Image component sizes


      Code (inc. data)   RO Data    RW Data    ZI Data      Debug   Object Name

       256          8          0          0          0       1110   app.o
       148         14          0          0          0      15931   bsp.o
         0          0          0          0          0       4212   core_cm3.o
        42          0          0          0          0        292   cpu_a.o
       144         10          0          4          0       1649   ledandkey.o
       316         80          0          0       2528       1317   main.o
       184        120        164          0       2984      18212   os_cfg_app.o
      3236        228          0          0          0      11386   os_core.o
       132         32          0          0          0        312   os_cpu_a.o
       240         18          0          4          0       2936   os_cpu_c.o
       300        198        364          0          0       4655   os_dbg.o
       872        124          0          0          0       2328   os_int.o
       620         26          0          0          0       2648   os_mem.o
       124          4          0          4          0       1712   os_prio.o
       732         96          0          0          0       1997   os_stat.o
      3908        170          0          0          0       8267   os_task.o
      1224         86          0          0          0       3149   os_tick.o
      1344         44          0          0          0       3105   os_time.o
         0          0          0        108        576      16595   os_var.o
        36          8        236          0       1024        856   startup_stm32f10x_md.o
       856         40          0          0          0       5633   stm32f10x_gpio.o
        38          0          0          0          0     247032   stm32f10x_it.o
       932         44          0         20          0       8804   stm32f10x_rcc.o
       476         36          0         20          0       1839   system_stm32f10x.o

    ----------------------------------------------------------------------
     16164       1386        796        160       7112     365977   Object Totals
         0          0         32          0          0          0   (incl. Generated)
         4          0          0          0          0          0   (incl. Padding)

    ----------------------------------------------------------------------

      Code (inc. data)   RO Data    RW Data    ZI Data      Debug   Library Member Name

         0          0          0          0          0          0   entry.o
         0          0          0          0          0          0   entry10a.o
         0          0          0          0          0          0   entry11a.o
         8          4          0          0          0          0   entry2.o
         4          0          0          0          0          0   entry5.o
         0          0          0          0          0          0   entry7b.o
         0          0          0          0          0          0   entry8b.o
         8          4          0          0          0          0   entry9a.o
        30          0          0          0          0          0   handlers.o
        36          8          0          0          0         68   init.o

    ----------------------------------------------------------------------
        88         16          0          0          0         68   Library Totals
         2          0          0          0          0          0   (incl. Padding)

    ----------------------------------------------------------------------

      Code (inc. data)   RO Data    RW Data    ZI Data      Debug   Library Name

        86         16          0          0          0         68   mc_w.l

    ----------------------------------------------------------------------
        88         16          0          0          0         68   Library Totals

    ----------------------------------------------------------------------

==============================================================================


      Code (inc. data)   RO Data    RW Data    ZI Data      Debug   

     16252       1402        796        160       7112     364381   Grand Totals
     16252       1402        796        160       7112     364381   ELF Image Totals
     16252       1402        796        160          0          0   ROM Totals

==============================================================================

    Total RO  Size (Code + RO Data)                17048 (  16.65kB)
    Total RW  Size (RW Data + ZI Data)              7272 (   7.10kB)
    Total ROM Size (Code + RO Data + RW Data)      17208 (  16.80kB)

==============================================================================

