ARM Linker, 5.03 [Build 76] [MDK-ARM Standard]

==============================================================================

Section Cross References

    startup_stm32f10x_md.o(RESET) refers to startup_stm32f10x_md.o(STACK) for __initial_sp
    startup_stm32f10x_md.o(RESET) refers to startup_stm32f10x_md.o(.text) for Reset_Handler
    startup_stm32f10x_md.o(RESET) refers to stm32f10x_it.o(.text) for NMI_Handler
    startup_stm32f10x_md.o(RESET) refers to os_cpu_a.o(.text) for OS_CPU_PendSVHandler
    startup_stm32f10x_md.o(.text) refers to system_stm32f10x.o(.text) for SystemInit
    startup_stm32f10x_md.o(.text) refers to entry.o(.ARM.Collect$$$$00000000) for __main
    stm32f10x_it.o(.text) refers to os_core.o(.text) for OSIntEnter
    stm32f10x_it.o(.text) refers to os_time.o(.text) for OSTimeTick
    system_stm32f10x.o(.text) refers to system_stm32f10x.o(.data) for SystemCoreClock
    stm32f10x_adc.o(.text) refers to stm32f10x_rcc.o(.text) for RCC_APB2PeriphResetCmd
    stm32f10x_bkp.o(.text) refers to stm32f10x_rcc.o(.text) for RCC_BackupResetCmd
    stm32f10x_can.o(.text) refers to stm32f10x_rcc.o(.text) for RCC_APB1PeriphResetCmd
    stm32f10x_cec.o(.text) refers to stm32f10x_rcc.o(.text) for RCC_APB1PeriphResetCmd
    stm32f10x_dac.o(.text) refers to stm32f10x_rcc.o(.text) for RCC_APB1PeriphResetCmd
    stm32f10x_gpio.o(.text) refers to stm32f10x_rcc.o(.text) for RCC_APB2PeriphResetCmd
    stm32f10x_i2c.o(.text) refers to stm32f10x_rcc.o(.text) for RCC_APB1PeriphResetCmd
    stm32f10x_pwr.o(.text) refers to stm32f10x_rcc.o(.text) for RCC_APB1PeriphResetCmd
    stm32f10x_rcc.o(.text) refers to stm32f10x_rcc.o(.data) for APBAHBPrescTable
    stm32f10x_spi.o(.text) refers to stm32f10x_rcc.o(.text) for RCC_APB2PeriphResetCmd
    stm32f10x_tim.o(.text) refers to stm32f10x_rcc.o(.text) for RCC_APB2PeriphResetCmd
    stm32f10x_usart.o(.text) refers to stm32f10x_rcc.o(.text) for RCC_APB2PeriphResetCmd
    stm32f10x_wwdg.o(.text) refers to stm32f10x_rcc.o(.text) for RCC_APB1PeriphResetCmd
    main.o(.text) refers to bsp.o(.text) for BSP_Init
    main.o(.text) refers to os_core.o(.text) for OSInit
    main.o(.text) refers to os_flag.o(.text) for OSFlagCreate
    main.o(.text) refers to os_task.o(.text) for OSTaskCreate
    main.o(.text) refers to main.o(.bss) for flags
    main.o(.text) refers to app.o(.text) for Task1
    app.o(.text) refers to ledandkey.o(.text) for Key_Scan
    app.o(.text) refers to os_time.o(.text) for OSTimeDlyHMSM
    app.o(.text) refers to stm32f10x_usart.o(.text) for USART_GetFlagStatus
    bsp.o(.text) refers to ledandkey.o(.text) for Led_Configuration
    bsp.o(.text) refers to stm32f10x_rcc.o(.text) for RCC_APB2PeriphClockCmd
    bsp.o(.text) refers to stm32f10x_gpio.o(.text) for GPIO_Init
    bsp.o(.text) refers to stm32f10x_usart.o(.text) for USART_Init
    bsp.o(.text) refers to system_stm32f10x.o(.data) for SystemCoreClock
    ledandkey.o(.text) refers to stm32f10x_rcc.o(.text) for RCC_APB2PeriphClockCmd
    ledandkey.o(.text) refers to stm32f10x_gpio.o(.text) for GPIO_Init
    ledandkey.o(.text) refers to ledandkey.o(.data) for GPIO_InitStructure
    os_cfg_app.o(.text) refers to os_cfg_app.o(.constdata) for OSCfg_DataSizeRAM
    os_cfg_app.o(.constdata) refers to os_cfg_app.o(.bss) for OSCfg_IdleTaskStk
    os_core.o(.text) refers to cpu_a.o(.text) for CPU_SR_Save
    os_core.o(.text) refers to os_cpu_c.o(.text) for OSIdleTaskHook
    os_core.o(.text) refers to os_task.o(.text) for OSTaskCreate
    os_core.o(.text) refers to os_prio.o(.text) for OS_PrioInit
    os_core.o(.text) refers to os_int.o(.text) for OS_IntQTaskInit
    os_core.o(.text) refers to os_tick.o(.text) for OS_TickTaskInit
    os_core.o(.text) refers to os_stat.o(.text) for OS_StatTaskInit
    os_core.o(.text) refers to os_flag.o(.text) for OS_FlagInit
    os_core.o(.text) refers to os_mem.o(.text) for OS_MemInit
    os_core.o(.text) refers to os_msg.o(.text) for OS_MsgPoolInit
    os_core.o(.text) refers to os_q.o(.text) for OS_QInit
    os_core.o(.text) refers to os_sem.o(.text) for OS_SemInit
    os_core.o(.text) refers to os_tmr.o(.text) for OS_TmrInit
    os_core.o(.text) refers to os_dbg.o(.text) for OS_Dbg_Init
    os_core.o(.text) refers to os_cfg_app.o(.text) for OSCfg_Init
    os_core.o(.text) refers to os_var.o(.data) for OSIdleTaskCtr
    os_core.o(.text) refers to os_cfg_app.o(.constdata) for OSCfg_IdleTaskStkSize
    os_core.o(.text) refers to os_var.o(.bss) for OSIdleTaskTCB
    os_core.o(.text) refers to os_cpu_a.o(.text) for OSStartHighRdy
    os_dbg.o(.text) refers to os_dbg.o(.constdata) for OSDbg_DbgEn
    os_flag.o(.text) refers to cpu_a.o(.text) for CPU_SR_Save
    os_flag.o(.text) refers to os_core.o(.text) for OS_PendListInit
    os_flag.o(.text) refers to os_var.o(.data) for OSFlagDbgListPtr
    os_flag.o(.text) refers to os_int.o(.text) for OS_IntQPost
    os_int.o(.text) refers to cpu_a.o(.text) for CPU_SR_Save
    os_int.o(.text) refers to os_prio.o(.text) for OS_PrioInsert
    os_int.o(.text) refers to os_flag.o(.text) for OS_FlagPost
    os_int.o(.text) refers to os_q.o(.text) for OS_QPost
    os_int.o(.text) refers to os_sem.o(.text) for OS_SemPost
    os_int.o(.text) refers to os_task.o(.text) for OS_TaskSemPost
    os_int.o(.text) refers to os_core.o(.text) for OS_SchedRoundRobin
    os_int.o(.text) refers to os_var.o(.data) for OSIntQNbrEntries
    os_int.o(.text) refers to os_cfg_app.o(.constdata) for OSCfg_IntQSize
    os_int.o(.text) refers to os_var.o(.bss) for OSRdyList
    os_mem.o(.text) refers to cpu_a.o(.text) for CPU_SR_Save
    os_mem.o(.text) refers to os_core.o(.text) for OS_Sched0
    os_mem.o(.text) refers to os_var.o(.data) for OSMemDbgListPtr
    os_msg.o(.text) refers to cpu_a.o(.text) for CPU_SR_Save
    os_msg.o(.text) refers to os_var.o(.data) for OSMsgPool
    os_msg.o(.text) refers to os_cfg_app.o(.constdata) for OSCfg_MsgPoolBasePtr
    os_pend_multi.o(.text) refers to os_core.o(.text) for OS_TaskBlock
    os_pend_multi.o(.text) refers to os_msg.o(.text) for OS_MsgQGet
    os_pend_multi.o(.text) refers to cpu_a.o(.text) for CPU_SR_Save
    os_pend_multi.o(.text) refers to os_var.o(.data) for OSTCBCurPtr
    os_prio.o(.text) refers to cpu_a.o(.text) for CPU_CntLeadZeros
    os_prio.o(.text) refers to os_prio.o(.data) for OSPrioTbl
    os_q.o(.text) refers to cpu_a.o(.text) for CPU_SR_Save
    os_q.o(.text) refers to os_msg.o(.text) for OS_MsgQInit
    os_q.o(.text) refers to os_core.o(.text) for OS_PendListInit
    os_q.o(.text) refers to os_var.o(.data) for OSQDbgListPtr
    os_q.o(.text) refers to os_int.o(.text) for OS_IntQPost
    os_sem.o(.text) refers to cpu_a.o(.text) for CPU_SR_Save
    os_sem.o(.text) refers to os_core.o(.text) for OS_PendListInit
    os_sem.o(.text) refers to os_var.o(.data) for OSSemDbgListPtr
    os_sem.o(.text) refers to os_int.o(.text) for OS_IntQPost
    os_stat.o(.text) refers to cpu_a.o(.text) for CPU_SR_Save
    os_stat.o(.text) refers to os_tick.o(.text) for OS_TickListResetPeak
    os_stat.o(.text) refers to os_tmr.o(.text) for OS_TmrResetPeak
    os_stat.o(.text) refers to os_time.o(.text) for OSTimeDly
    os_stat.o(.text) refers to os_cpu_c.o(.text) for OSStatTaskHook
    os_stat.o(.text) refers to os_task.o(.text) for OSTaskStkChk
    os_stat.o(.text) refers to os_var.o(.data) for OSIntQTaskTimeMax
    os_stat.o(.text) refers to os_cfg_app.o(.constdata) for OSCfg_TickRate_Hz
    os_stat.o(.text) refers to os_var.o(.bss) for OSStatTaskTCB
    os_task.o(.text) refers to os_cpu_c.o(.text) for OSTaskStkInit
    os_task.o(.text) refers to cpu_a.o(.text) for CPU_SR_Save
    os_task.o(.text) refers to os_prio.o(.text) for OS_PrioInsert
    os_task.o(.text) refers to os_core.o(.text) for OS_RdyListInsertTail
    os_task.o(.text) refers to os_tick.o(.text) for OS_TickListRemove
    os_task.o(.text) refers to os_var.o(.data) for OSTaskDbgListPtr
    os_task.o(.text) refers to os_cfg_app.o(.constdata) for OSCfg_StkSizeMin
    os_task.o(.text) refers to os_var.o(.bss) for OSIntQTaskTCB
    os_task.o(.text) refers to os_int.o(.text) for OS_IntQPost
    os_tick.o(.text) refers to cpu_a.o(.text) for CPU_SR_Save
    os_tick.o(.text) refers to os_core.o(.text) for OS_TaskRdy
    os_tick.o(.text) refers to os_task.o(.text) for OSTaskSemPend
    os_tick.o(.text) refers to os_var.o(.data) for OSSchedLockNestingCtr
    os_tick.o(.text) refers to os_cfg_app.o(.constdata) for OSCfg_TickWheelSize
    os_tick.o(.text) refers to os_cfg_app.o(.bss) for OSCfg_TickWheel
    os_tick.o(.text) refers to os_var.o(.bss) for OSTickTaskTCB
    os_time.o(.text) refers to cpu_a.o(.text) for CPU_SR_Save
    os_time.o(.text) refers to os_tick.o(.text) for OS_TickListInsert
    os_time.o(.text) refers to os_core.o(.text) for OS_RdyListRemove
    os_time.o(.text) refers to os_var.o(.data) for OSIntNestingCtr
    os_time.o(.text) refers to os_cfg_app.o(.constdata) for OSCfg_TickRate_Hz
    os_time.o(.text) refers to os_cpu_c.o(.text) for OSTimeTickHook
    os_time.o(.text) refers to os_int.o(.text) for OS_IntQPost
    os_time.o(.text) refers to os_var.o(.bss) for OSRdyList
    os_tmr.o(.text) refers to cpu_a.o(.text) for CPU_SR_Save
    os_tmr.o(.text) refers to os_core.o(.text) for OSSchedLock
    os_tmr.o(.text) refers to os_var.o(.data) for OSTmrDbgListPtr
    os_tmr.o(.text) refers to os_cfg_app.o(.constdata) for OSCfg_TmrWheelSize
    os_tmr.o(.text) refers to os_cfg_app.o(.bss) for OSCfg_TmrWheel
    os_tmr.o(.text) refers to os_task.o(.text) for OSTaskSemPend
    os_tmr.o(.text) refers to os_var.o(.bss) for OSTmrTaskTCB
    os_cpu_a.o(.text) refers to os_cpu_c.o(.data) for OS_CPU_ExceptStkBase
    os_cpu_a.o(.text) refers to os_var.o(.data) for OSTCBCurPtr
    os_cpu_a.o(.text) refers to os_cpu_c.o(.text) for OSTaskSwHook
    os_cpu_c.o(.text) refers to os_cfg_app.o(.constdata) for OSCfg_ISRStkBasePtr
    os_cpu_c.o(.text) refers to os_cpu_c.o(.data) for OS_CPU_ExceptStkBase
    os_cpu_c.o(.text) refers to os_task.o(.text) for OS_TaskReturn
    lib_math.o(.text) refers to cpu_a.o(.text) for CPU_SR_Save
    lib_math.o(.text) refers to lib_math.o(.data) for Math_RandSeedCur
    lib_str.o(.text) refers to lib_ascii.o(.text) for ASCII_ToLower
    lib_str.o(.text) refers to lib_str.o(.constdata) for Str_MultOvfThTbl_Int32U
    cpu_c.o(.text) refers to cpu_a.o(.text) for CPU_SR_Save
    entry.o(.ARM.Collect$$$$00000000) refers (Special) to entry10a.o(.ARM.Collect$$$$0000000D) for __rt_final_cpp
    entry.o(.ARM.Collect$$$$00000000) refers (Special) to entry11a.o(.ARM.Collect$$$$0000000F) for __rt_final_exit
    entry.o(.ARM.Collect$$$$00000000) refers (Special) to entry7b.o(.ARM.Collect$$$$00000008) for _main_clock
    entry.o(.ARM.Collect$$$$00000000) refers (Special) to entry8b.o(.ARM.Collect$$$$0000000A) for _main_cpp_init
    entry.o(.ARM.Collect$$$$00000000) refers (Special) to entry9a.o(.ARM.Collect$$$$0000000B) for _main_init
    entry.o(.ARM.Collect$$$$00000000) refers (Special) to entry5.o(.ARM.Collect$$$$00000004) for _main_scatterload
    entry.o(.ARM.Collect$$$$00000000) refers (Special) to entry2.o(.ARM.Collect$$$$00000001) for _main_stk
    entry2.o(.ARM.Collect$$$$00000001) refers to entry2.o(.ARM.Collect$$$$00002712) for __lit__00000000
    entry2.o(.ARM.Collect$$$$00002712) refers to startup_stm32f10x_md.o(STACK) for __initial_sp
    entry2.o(__vectab_stack_and_reset_area) refers to startup_stm32f10x_md.o(STACK) for __initial_sp
    entry2.o(__vectab_stack_and_reset_area) refers to entry.o(.ARM.Collect$$$$00000000) for __main
    entry5.o(.ARM.Collect$$$$00000004) refers to init.o(.text) for __scatterload
    entry9a.o(.ARM.Collect$$$$0000000B) refers to main.o(.text) for main
    entry9b.o(.ARM.Collect$$$$0000000C) refers to main.o(.text) for main
    init.o(.text) refers to entry5.o(.ARM.Collect$$$$00000004) for __main_after_scatterload


==============================================================================

Removing Unused input sections from the image.

    Removing startup_stm32f10x_md.o(HEAP), (512 bytes).
    Removing core_cm3.o(.emb_text), (32 bytes).
    Removing misc.o(.text), (220 bytes).
    Removing stm32f10x_adc.o(.text), (1102 bytes).
    Removing stm32f10x_bkp.o(.text), (196 bytes).
    Removing stm32f10x_can.o(.text), (2540 bytes).
    Removing stm32f10x_cec.o(.text), (288 bytes).
    Removing stm32f10x_crc.o(.text), (72 bytes).
    Removing stm32f10x_dac.o(.text), (396 bytes).
    Removing stm32f10x_dbgmcu.o(.text), (48 bytes).
    Removing stm32f10x_dma.o(.text), (592 bytes).
    Removing stm32f10x_exti.o(.text), (284 bytes).
    Removing stm32f10x_flash.o(.text), (1468 bytes).
    Removing stm32f10x_fsmc.o(.text), (1560 bytes).
    Removing stm32f10x_i2c.o(.text), (1028 bytes).
    Removing stm32f10x_iwdg.o(.text), (64 bytes).
    Removing stm32f10x_pwr.o(.text), (204 bytes).
    Removing stm32f10x_rtc.o(.text), (324 bytes).
    Removing stm32f10x_sdio.o(.text), (472 bytes).
    Removing stm32f10x_spi.o(.text), (780 bytes).
    Removing stm32f10x_tim.o(.text), (3610 bytes).
    Removing stm32f10x_wwdg.o(.text), (136 bytes).
    Removing app.o(.bss), (30 bytes).
    Removing app.o(.data), (4 bytes).
    Removing os_pend_multi.o(.text), (772 bytes).
    Removing lib_ascii.o(.text), (598 bytes).
    Removing lib_math.o(.text), (128 bytes).
    Removing lib_math.o(.data), (4 bytes).
    Removing lib_mem.o(.text), (446 bytes).
    Removing lib_str.o(.text), (2264 bytes).
    Removing lib_str.o(.constdata), (148 bytes).
    Removing cpu_c.o(.text), (1916 bytes).
    Removing cpu_core.o(.text), (6 bytes).
    Removing os_app_hooks.o(.text), (20 bytes).

34 unused section(s) (total 22264 bytes) removed from the image.

==============================================================================

Image Symbol Table

    Local Symbols

    Symbol Name                              Value     Ov Type        Size  Object(Section)

    ../clib/microlib/init/entry.s            0x00000000   Number         0  entry8a.o ABSOLUTE
    ../clib/microlib/init/entry.s            0x00000000   Number         0  entry.o ABSOLUTE
    ../clib/microlib/init/entry.s            0x00000000   Number         0  entry11b.o ABSOLUTE
    ../clib/microlib/init/entry.s            0x00000000   Number         0  entry11a.o ABSOLUTE
    ../clib/microlib/init/entry.s            0x00000000   Number         0  entry10b.o ABSOLUTE
    ../clib/microlib/init/entry.s            0x00000000   Number         0  entry2.o ABSOLUTE
    ../clib/microlib/init/entry.s            0x00000000   Number         0  entry9b.o ABSOLUTE
    ../clib/microlib/init/entry.s            0x00000000   Number         0  entry5.o ABSOLUTE
    ../clib/microlib/init/entry.s            0x00000000   Number         0  entry10a.o ABSOLUTE
    ../clib/microlib/init/entry.s            0x00000000   Number         0  entry7a.o ABSOLUTE
    ../clib/microlib/init/entry.s            0x00000000   Number         0  entry7b.o ABSOLUTE
    ../clib/microlib/init/entry.s            0x00000000   Number         0  entry8b.o ABSOLUTE
    ../clib/microlib/init/entry.s            0x00000000   Number         0  entry9a.o ABSOLUTE
    ..\..\App\app.c                          0x00000000   Number         0  app.o ABSOLUTE
    ..\..\Bsp\LedAndKey.c                    0x00000000   Number         0  ledandkey.o ABSOLUTE
    ..\..\Bsp\bsp.c                          0x00000000   Number         0  bsp.o ABSOLUTE
    ..\..\Lib\CMSIS\core_cm3.c               0x00000000   Number         0  core_cm3.o ABSOLUTE
    ..\..\Lib\CMSIS\startup\startup_stm32f10x_md.s 0x00000000   Number         0  startup_stm32f10x_md.o ABSOLUTE
    ..\..\Lib\CMSIS\stm32f10x_it.c           0x00000000   Number         0  stm32f10x_it.o ABSOLUTE
    ..\..\Lib\CMSIS\system_stm32f10x.c       0x00000000   Number         0  system_stm32f10x.o ABSOLUTE
    ..\..\Lib\FWlib\src\misc.c               0x00000000   Number         0  misc.o ABSOLUTE
    ..\..\Lib\FWlib\src\stm32f10x_adc.c      0x00000000   Number         0  stm32f10x_adc.o ABSOLUTE
    ..\..\Lib\FWlib\src\stm32f10x_bkp.c      0x00000000   Number         0  stm32f10x_bkp.o ABSOLUTE
    ..\..\Lib\FWlib\src\stm32f10x_can.c      0x00000000   Number         0  stm32f10x_can.o ABSOLUTE
    ..\..\Lib\FWlib\src\stm32f10x_cec.c      0x00000000   Number         0  stm32f10x_cec.o ABSOLUTE
    ..\..\Lib\FWlib\src\stm32f10x_crc.c      0x00000000   Number         0  stm32f10x_crc.o ABSOLUTE
    ..\..\Lib\FWlib\src\stm32f10x_dac.c      0x00000000   Number         0  stm32f10x_dac.o ABSOLUTE
    ..\..\Lib\FWlib\src\stm32f10x_dbgmcu.c   0x00000000   Number         0  stm32f10x_dbgmcu.o ABSOLUTE
    ..\..\Lib\FWlib\src\stm32f10x_dma.c      0x00000000   Number         0  stm32f10x_dma.o ABSOLUTE
    ..\..\Lib\FWlib\src\stm32f10x_exti.c     0x00000000   Number         0  stm32f10x_exti.o ABSOLUTE
    ..\..\Lib\FWlib\src\stm32f10x_flash.c    0x00000000   Number         0  stm32f10x_flash.o ABSOLUTE
    ..\..\Lib\FWlib\src\stm32f10x_fsmc.c     0x00000000   Number         0  stm32f10x_fsmc.o ABSOLUTE
    ..\..\Lib\FWlib\src\stm32f10x_gpio.c     0x00000000   Number         0  stm32f10x_gpio.o ABSOLUTE
    ..\..\Lib\FWlib\src\stm32f10x_i2c.c      0x00000000   Number         0  stm32f10x_i2c.o ABSOLUTE
    ..\..\Lib\FWlib\src\stm32f10x_iwdg.c     0x00000000   Number         0  stm32f10x_iwdg.o ABSOLUTE
    ..\..\Lib\FWlib\src\stm32f10x_pwr.c      0x00000000   Number         0  stm32f10x_pwr.o ABSOLUTE
    ..\..\Lib\FWlib\src\stm32f10x_rcc.c      0x00000000   Number         0  stm32f10x_rcc.o ABSOLUTE
    ..\..\Lib\FWlib\src\stm32f10x_rtc.c      0x00000000   Number         0  stm32f10x_rtc.o ABSOLUTE
    ..\..\Lib\FWlib\src\stm32f10x_sdio.c     0x00000000   Number         0  stm32f10x_sdio.o ABSOLUTE
    ..\..\Lib\FWlib\src\stm32f10x_spi.c      0x00000000   Number         0  stm32f10x_spi.o ABSOLUTE
    ..\..\Lib\FWlib\src\stm32f10x_tim.c      0x00000000   Number         0  stm32f10x_tim.o ABSOLUTE
    ..\..\Lib\FWlib\src\stm32f10x_usart.c    0x00000000   Number         0  stm32f10x_usart.o ABSOLUTE
    ..\..\Lib\FWlib\src\stm32f10x_wwdg.c     0x00000000   Number         0  stm32f10x_wwdg.o ABSOLUTE
    ..\..\User\main.c                        0x00000000   Number         0  main.o ABSOLUTE
    ..\..\uCOS-III\Cfg\os_app_hooks.c        0x00000000   Number         0  os_app_hooks.o ABSOLUTE
    ..\..\uCOS-III\Ports\os_cpu_a.asm        0x00000000   Number         0  os_cpu_a.o ABSOLUTE
    ..\..\uCOS-III\Ports\os_cpu_c.c          0x00000000   Number         0  os_cpu_c.o ABSOLUTE
    ..\..\uCOS-III\Source\os_cfg_app.c       0x00000000   Number         0  os_cfg_app.o ABSOLUTE
    ..\..\uCOS-III\Source\os_core.c          0x00000000   Number         0  os_core.o ABSOLUTE
    ..\..\uCOS-III\Source\os_dbg.c           0x00000000   Number         0  os_dbg.o ABSOLUTE
    ..\..\uCOS-III\Source\os_flag.c          0x00000000   Number         0  os_flag.o ABSOLUTE
    ..\..\uCOS-III\Source\os_int.c           0x00000000   Number         0  os_int.o ABSOLUTE
    ..\..\uCOS-III\Source\os_mem.c           0x00000000   Number         0  os_mem.o ABSOLUTE
    ..\..\uCOS-III\Source\os_msg.c           0x00000000   Number         0  os_msg.o ABSOLUTE
    ..\..\uCOS-III\Source\os_mutex.c         0x00000000   Number         0  os_mutex.o ABSOLUTE
    ..\..\uCOS-III\Source\os_pend_multi.c    0x00000000   Number         0  os_pend_multi.o ABSOLUTE
    ..\..\uCOS-III\Source\os_prio.c          0x00000000   Number         0  os_prio.o ABSOLUTE
    ..\..\uCOS-III\Source\os_q.c             0x00000000   Number         0  os_q.o ABSOLUTE
    ..\..\uCOS-III\Source\os_sem.c           0x00000000   Number         0  os_sem.o ABSOLUTE
    ..\..\uCOS-III\Source\os_stat.c          0x00000000   Number         0  os_stat.o ABSOLUTE
    ..\..\uCOS-III\Source\os_task.c          0x00000000   Number         0  os_task.o ABSOLUTE
    ..\..\uCOS-III\Source\os_tick.c          0x00000000   Number         0  os_tick.o ABSOLUTE
    ..\..\uCOS-III\Source\os_time.c          0x00000000   Number         0  os_time.o ABSOLUTE
    ..\..\uCOS-III\Source\os_tmr.c           0x00000000   Number         0  os_tmr.o ABSOLUTE
    ..\..\uCOS-III\Source\os_var.c           0x00000000   Number         0  os_var.o ABSOLUTE
    ..\..\uCOS-III\uC-CPU\cpu_a.asm          0x00000000   Number         0  cpu_a.o ABSOLUTE
    ..\..\uCOS-III\uC-CPU\cpu_c.c            0x00000000   Number         0  cpu_c.o ABSOLUTE
    ..\..\uCOS-III\uC-CPU\cpu_core.c         0x00000000   Number         0  cpu_core.o ABSOLUTE
    ..\..\uCOS-III\uC-LIB\lib_ascii.c        0x00000000   Number         0  lib_ascii.o ABSOLUTE
    ..\..\uCOS-III\uC-LIB\lib_math.c         0x00000000   Number         0  lib_math.o ABSOLUTE
    ..\..\uCOS-III\uC-LIB\lib_mem.c          0x00000000   Number         0  lib_mem.o ABSOLUTE
    ..\..\uCOS-III\uC-LIB\lib_str.c          0x00000000   Number         0  lib_str.o ABSOLUTE
    ..\\..\\Lib\\CMSIS\\core_cm3.c           0x00000000   Number         0  core_cm3.o ABSOLUTE
    dc.s                                     0x00000000   Number         0  dc.o ABSOLUTE
    handlers.s                               0x00000000   Number         0  handlers.o ABSOLUTE
    init.s                                   0x00000000   Number         0  init.o ABSOLUTE
    RESET                                    0x08000000   Section      236  startup_stm32f10x_md.o(RESET)
    .ARM.Collect$$$$00000000                 0x080000ec   Section        0  entry.o(.ARM.Collect$$$$00000000)
    .ARM.Collect$$$$00000001                 0x080000ec   Section        4  entry2.o(.ARM.Collect$$$$00000001)
    .ARM.Collect$$$$00000004                 0x080000f0   Section        4  entry5.o(.ARM.Collect$$$$00000004)
    .ARM.Collect$$$$00000008                 0x080000f4   Section        0  entry7b.o(.ARM.Collect$$$$00000008)
    .ARM.Collect$$$$0000000A                 0x080000f4   Section        0  entry8b.o(.ARM.Collect$$$$0000000A)
    .ARM.Collect$$$$0000000B                 0x080000f4   Section        8  entry9a.o(.ARM.Collect$$$$0000000B)
    .ARM.Collect$$$$0000000D                 0x080000fc   Section        0  entry10a.o(.ARM.Collect$$$$0000000D)
    .ARM.Collect$$$$0000000F                 0x080000fc   Section        0  entry11a.o(.ARM.Collect$$$$0000000F)
    .ARM.Collect$$$$00002712                 0x080000fc   Section        4  entry2.o(.ARM.Collect$$$$00002712)
    __lit__00000000                          0x080000fc   Data           4  entry2.o(.ARM.Collect$$$$00002712)
    .text                                    0x08000100   Section       36  startup_stm32f10x_md.o(.text)
    .text                                    0x08000124   Section        0  stm32f10x_it.o(.text)
    .text                                    0x0800014c   Section        0  system_stm32f10x.o(.text)
    SetSysClockTo72                          0x0800014d   Thumb Code   212  system_stm32f10x.o(.text)
    SetSysClock                              0x08000221   Thumb Code     8  system_stm32f10x.o(.text)
    .text                                    0x08000328   Section        0  stm32f10x_gpio.o(.text)
    .text                                    0x08000680   Section        0  stm32f10x_rcc.o(.text)
    .text                                    0x08000a24   Section        0  stm32f10x_usart.o(.text)
    .text                                    0x08000e2c   Section        0  main.o(.text)
    .text                                    0x08000eec   Section        0  app.o(.text)
    .text                                    0x08000f64   Section        0  bsp.o(.text)
    SysTick_Config                           0x08000f65   Thumb Code    76  bsp.o(.text)
    .text                                    0x0800105c   Section        0  ledandkey.o(.text)
    .text                                    0x080010ec   Section        0  os_cfg_app.o(.text)
    .text                                    0x080011e8   Section        0  os_core.o(.text)
    .text                                    0x08001efc   Section        0  os_dbg.o(.text)
    .text                                    0x08002098   Section        0  os_flag.o(.text)
    .text                                    0x08002dec   Section        0  os_int.o(.text)
    .text                                    0x080031b8   Section        0  os_mem.o(.text)
    .text                                    0x08003424   Section        0  os_msg.o(.text)
    .text                                    0x08003698   Section        0  os_prio.o(.text)
    .text                                    0x08003714   Section        0  os_q.o(.text)
    .text                                    0x08003f34   Section        0  os_sem.o(.text)
    .text                                    0x08004668   Section        0  os_stat.o(.text)
    .text                                    0x08004990   Section        0  os_task.o(.text)
    .text                                    0x080058f0   Section        0  os_tick.o(.text)
    .text                                    0x08005dc4   Section        0  os_time.o(.text)
    .text                                    0x08006304   Section        0  os_tmr.o(.text)
    .text                                    0x08006a78   Section      132  os_cpu_a.o(.text)
    .text                                    0x08006afc   Section        0  os_cpu_c.o(.text)
    .text                                    0x08006bec   Section       42  cpu_a.o(.text)
    .text                                    0x08006c18   Section       36  init.o(.text)
    i.__scatterload_copy                     0x08006c3c   Section       14  handlers.o(i.__scatterload_copy)
    i.__scatterload_null                     0x08006c4a   Section        2  handlers.o(i.__scatterload_null)
    i.__scatterload_zeroinit                 0x08006c4c   Section       14  handlers.o(i.__scatterload_zeroinit)
    .constdata                               0x08006c5c   Section      164  os_cfg_app.o(.constdata)
    .constdata                               0x08006d00   Section      364  os_dbg.o(.constdata)
    .data                                    0x20000000   Section       20  system_stm32f10x.o(.data)
    .data                                    0x20000014   Section       20  stm32f10x_rcc.o(.data)
    APBAHBPrescTable                         0x20000014   Data          16  stm32f10x_rcc.o(.data)
    ADCPrescTable                            0x20000024   Data           4  stm32f10x_rcc.o(.data)
    .data                                    0x20000028   Section        4  ledandkey.o(.data)
    .data                                    0x2000002c   Section        4  os_prio.o(.data)
    .data                                    0x20000030   Section      156  os_var.o(.data)
    .data                                    0x200000cc   Section        4  os_cpu_c.o(.data)
    .bss                                     0x200000d0   Section     1336  main.o(.bss)
    .bss                                     0x20000608   Section     5200  os_cfg_app.o(.bss)
    .bss                                     0x20001a58   Section      776  os_var.o(.bss)
    STACK                                    0x20001d60   Section     1024  startup_stm32f10x_md.o(STACK)

    Global Symbols

    Symbol Name                              Value     Ov Type        Size  Object(Section)

    BuildAttributes$$THM_ISAv4$P$D$K$B$S$PE$A:L22UL41UL21$X:L11$S22US41US21$IEEE1$IW$USESV6$~STKCKD$USESV7$~SHL$OSPACE$EBA8$MICROLIB$REQ8$PRES8$EABIv2 0x00000000   Number         0  anon$$obj.o ABSOLUTE
    __ARM_use_no_argv                        0x00000000   Number         0  main.o ABSOLUTE
    __cpp_initialize__aeabi_                  - Undefined Weak Reference
    __cxa_finalize                            - Undefined Weak Reference
    __decompress                              - Undefined Weak Reference
    _clock_init                               - Undefined Weak Reference
    _microlib_exit                            - Undefined Weak Reference
    __Vectors_Size                           0x000000ec   Number         0  startup_stm32f10x_md.o ABSOLUTE
    __Vectors                                0x08000000   Data           4  startup_stm32f10x_md.o(RESET)
    __Vectors_End                            0x080000ec   Data           0  startup_stm32f10x_md.o(RESET)
    __main                                   0x080000ed   Thumb Code     0  entry.o(.ARM.Collect$$$$00000000)
    _main_stk                                0x080000ed   Thumb Code     0  entry2.o(.ARM.Collect$$$$00000001)
    _main_scatterload                        0x080000f1   Thumb Code     0  entry5.o(.ARM.Collect$$$$00000004)
    __main_after_scatterload                 0x080000f5   Thumb Code     0  entry5.o(.ARM.Collect$$$$00000004)
    _main_clock                              0x080000f5   Thumb Code     0  entry7b.o(.ARM.Collect$$$$00000008)
    _main_cpp_init                           0x080000f5   Thumb Code     0  entry8b.o(.ARM.Collect$$$$0000000A)
    _main_init                               0x080000f5   Thumb Code     0  entry9a.o(.ARM.Collect$$$$0000000B)
    __rt_final_cpp                           0x080000fd   Thumb Code     0  entry10a.o(.ARM.Collect$$$$0000000D)
    __rt_final_exit                          0x080000fd   Thumb Code     0  entry11a.o(.ARM.Collect$$$$0000000F)
    Reset_Handler                            0x08000101   Thumb Code     8  startup_stm32f10x_md.o(.text)
    ADC1_2_IRQHandler                        0x0800011b   Thumb Code     0  startup_stm32f10x_md.o(.text)
    CAN1_RX1_IRQHandler                      0x0800011b   Thumb Code     0  startup_stm32f10x_md.o(.text)
    CAN1_SCE_IRQHandler                      0x0800011b   Thumb Code     0  startup_stm32f10x_md.o(.text)
    DMA1_Channel1_IRQHandler                 0x0800011b   Thumb Code     0  startup_stm32f10x_md.o(.text)
    DMA1_Channel2_IRQHandler                 0x0800011b   Thumb Code     0  startup_stm32f10x_md.o(.text)
    DMA1_Channel3_IRQHandler                 0x0800011b   Thumb Code     0  startup_stm32f10x_md.o(.text)
    DMA1_Channel4_IRQHandler                 0x0800011b   Thumb Code     0  startup_stm32f10x_md.o(.text)
    DMA1_Channel5_IRQHandler                 0x0800011b   Thumb Code     0  startup_stm32f10x_md.o(.text)
    DMA1_Channel6_IRQHandler                 0x0800011b   Thumb Code     0  startup_stm32f10x_md.o(.text)
    DMA1_Channel7_IRQHandler                 0x0800011b   Thumb Code     0  startup_stm32f10x_md.o(.text)
    EXTI0_IRQHandler                         0x0800011b   Thumb Code     0  startup_stm32f10x_md.o(.text)
    EXTI15_10_IRQHandler                     0x0800011b   Thumb Code     0  startup_stm32f10x_md.o(.text)
    EXTI1_IRQHandler                         0x0800011b   Thumb Code     0  startup_stm32f10x_md.o(.text)
    EXTI2_IRQHandler                         0x0800011b   Thumb Code     0  startup_stm32f10x_md.o(.text)
    EXTI3_IRQHandler                         0x0800011b   Thumb Code     0  startup_stm32f10x_md.o(.text)
    EXTI4_IRQHandler                         0x0800011b   Thumb Code     0  startup_stm32f10x_md.o(.text)
    EXTI9_5_IRQHandler                       0x0800011b   Thumb Code     0  startup_stm32f10x_md.o(.text)
    FLASH_IRQHandler                         0x0800011b   Thumb Code     0  startup_stm32f10x_md.o(.text)
    I2C1_ER_IRQHandler                       0x0800011b   Thumb Code     0  startup_stm32f10x_md.o(.text)
    I2C1_EV_IRQHandler                       0x0800011b   Thumb Code     0  startup_stm32f10x_md.o(.text)
    I2C2_ER_IRQHandler                       0x0800011b   Thumb Code     0  startup_stm32f10x_md.o(.text)
    I2C2_EV_IRQHandler                       0x0800011b   Thumb Code     0  startup_stm32f10x_md.o(.text)
    PVD_IRQHandler                           0x0800011b   Thumb Code     0  startup_stm32f10x_md.o(.text)
    RCC_IRQHandler                           0x0800011b   Thumb Code     0  startup_stm32f10x_md.o(.text)
    RTCAlarm_IRQHandler                      0x0800011b   Thumb Code     0  startup_stm32f10x_md.o(.text)
    RTC_IRQHandler                           0x0800011b   Thumb Code     0  startup_stm32f10x_md.o(.text)
    SPI1_IRQHandler                          0x0800011b   Thumb Code     0  startup_stm32f10x_md.o(.text)
    SPI2_IRQHandler                          0x0800011b   Thumb Code     0  startup_stm32f10x_md.o(.text)
    TAMPER_IRQHandler                        0x0800011b   Thumb Code     0  startup_stm32f10x_md.o(.text)
    TIM1_BRK_IRQHandler                      0x0800011b   Thumb Code     0  startup_stm32f10x_md.o(.text)
    TIM1_CC_IRQHandler                       0x0800011b   Thumb Code     0  startup_stm32f10x_md.o(.text)
    TIM1_TRG_COM_IRQHandler                  0x0800011b   Thumb Code     0  startup_stm32f10x_md.o(.text)
    TIM1_UP_IRQHandler                       0x0800011b   Thumb Code     0  startup_stm32f10x_md.o(.text)
    TIM2_IRQHandler                          0x0800011b   Thumb Code     0  startup_stm32f10x_md.o(.text)
    TIM3_IRQHandler                          0x0800011b   Thumb Code     0  startup_stm32f10x_md.o(.text)
    TIM4_IRQHandler                          0x0800011b   Thumb Code     0  startup_stm32f10x_md.o(.text)
    USART1_IRQHandler                        0x0800011b   Thumb Code     0  startup_stm32f10x_md.o(.text)
    USART2_IRQHandler                        0x0800011b   Thumb Code     0  startup_stm32f10x_md.o(.text)
    USART3_IRQHandler                        0x0800011b   Thumb Code     0  startup_stm32f10x_md.o(.text)
    USBWakeUp_IRQHandler                     0x0800011b   Thumb Code     0  startup_stm32f10x_md.o(.text)
    USB_HP_CAN1_TX_IRQHandler                0x0800011b   Thumb Code     0  startup_stm32f10x_md.o(.text)
    USB_LP_CAN1_RX0_IRQHandler               0x0800011b   Thumb Code     0  startup_stm32f10x_md.o(.text)
    WWDG_IRQHandler                          0x0800011b   Thumb Code     0  startup_stm32f10x_md.o(.text)
    NMI_Handler                              0x08000125   Thumb Code     2  stm32f10x_it.o(.text)
    HardFault_Handler                        0x08000127   Thumb Code     4  stm32f10x_it.o(.text)
    MemManage_Handler                        0x0800012b   Thumb Code     4  stm32f10x_it.o(.text)
    BusFault_Handler                         0x0800012f   Thumb Code     4  stm32f10x_it.o(.text)
    UsageFault_Handler                       0x08000133   Thumb Code     4  stm32f10x_it.o(.text)
    SVC_Handler                              0x08000137   Thumb Code     2  stm32f10x_it.o(.text)
    DebugMon_Handler                         0x08000139   Thumb Code     2  stm32f10x_it.o(.text)
    SysTick_Handler                          0x0800013b   Thumb Code    16  stm32f10x_it.o(.text)
    SystemInit                               0x08000229   Thumb Code    78  system_stm32f10x.o(.text)
    SystemCoreClockUpdate                    0x08000277   Thumb Code   142  system_stm32f10x.o(.text)
    GPIO_DeInit                              0x08000329   Thumb Code   172  stm32f10x_gpio.o(.text)
    GPIO_AFIODeInit                          0x080003d5   Thumb Code    20  stm32f10x_gpio.o(.text)
    GPIO_Init                                0x080003e9   Thumb Code   274  stm32f10x_gpio.o(.text)
    GPIO_StructInit                          0x080004fb   Thumb Code    16  stm32f10x_gpio.o(.text)
    GPIO_ReadInputDataBit                    0x0800050b   Thumb Code    18  stm32f10x_gpio.o(.text)
    GPIO_ReadInputData                       0x0800051d   Thumb Code     8  stm32f10x_gpio.o(.text)
    GPIO_ReadOutputDataBit                   0x08000525   Thumb Code    18  stm32f10x_gpio.o(.text)
    GPIO_ReadOutputData                      0x08000537   Thumb Code     8  stm32f10x_gpio.o(.text)
    GPIO_SetBits                             0x0800053f   Thumb Code     4  stm32f10x_gpio.o(.text)
    GPIO_ResetBits                           0x08000543   Thumb Code     4  stm32f10x_gpio.o(.text)
    GPIO_WriteBit                            0x08000547   Thumb Code    10  stm32f10x_gpio.o(.text)
    GPIO_Write                               0x08000551   Thumb Code     4  stm32f10x_gpio.o(.text)
    GPIO_PinLockConfig                       0x08000555   Thumb Code    18  stm32f10x_gpio.o(.text)
    GPIO_EventOutputConfig                   0x08000567   Thumb Code    26  stm32f10x_gpio.o(.text)
    GPIO_EventOutputCmd                      0x08000581   Thumb Code     6  stm32f10x_gpio.o(.text)
    GPIO_PinRemapConfig                      0x08000587   Thumb Code   138  stm32f10x_gpio.o(.text)
    GPIO_EXTILineConfig                      0x08000611   Thumb Code    66  stm32f10x_gpio.o(.text)
    GPIO_ETH_MediaInterfaceConfig            0x08000653   Thumb Code     6  stm32f10x_gpio.o(.text)
    RCC_DeInit                               0x08000681   Thumb Code    64  stm32f10x_rcc.o(.text)
    RCC_HSEConfig                            0x080006c1   Thumb Code    70  stm32f10x_rcc.o(.text)
    RCC_GetFlagStatus                        0x08000707   Thumb Code    56  stm32f10x_rcc.o(.text)
    RCC_WaitForHSEStartUp                    0x0800073f   Thumb Code    56  stm32f10x_rcc.o(.text)
    RCC_AdjustHSICalibrationValue            0x08000777   Thumb Code    20  stm32f10x_rcc.o(.text)
    RCC_HSICmd                               0x0800078b   Thumb Code     6  stm32f10x_rcc.o(.text)
    RCC_PLLConfig                            0x08000791   Thumb Code    24  stm32f10x_rcc.o(.text)
    RCC_PLLCmd                               0x080007a9   Thumb Code     6  stm32f10x_rcc.o(.text)
    RCC_SYSCLKConfig                         0x080007af   Thumb Code    18  stm32f10x_rcc.o(.text)
    RCC_GetSYSCLKSource                      0x080007c1   Thumb Code    10  stm32f10x_rcc.o(.text)
    RCC_HCLKConfig                           0x080007cb   Thumb Code    18  stm32f10x_rcc.o(.text)
    RCC_PCLK1Config                          0x080007dd   Thumb Code    18  stm32f10x_rcc.o(.text)
    RCC_PCLK2Config                          0x080007ef   Thumb Code    20  stm32f10x_rcc.o(.text)
    RCC_ITConfig                             0x08000803   Thumb Code    26  stm32f10x_rcc.o(.text)
    RCC_USBCLKConfig                         0x0800081d   Thumb Code     6  stm32f10x_rcc.o(.text)
    RCC_ADCCLKConfig                         0x08000823   Thumb Code    18  stm32f10x_rcc.o(.text)
    RCC_LSEConfig                            0x08000835   Thumb Code    44  stm32f10x_rcc.o(.text)
    RCC_LSICmd                               0x08000861   Thumb Code     6  stm32f10x_rcc.o(.text)
    RCC_RTCCLKConfig                         0x08000867   Thumb Code    12  stm32f10x_rcc.o(.text)
    RCC_RTCCLKCmd                            0x08000873   Thumb Code     8  stm32f10x_rcc.o(.text)
    RCC_GetClocksFreq                        0x0800087b   Thumb Code   192  stm32f10x_rcc.o(.text)
    RCC_AHBPeriphClockCmd                    0x0800093b   Thumb Code    26  stm32f10x_rcc.o(.text)
    RCC_APB2PeriphClockCmd                   0x08000955   Thumb Code    26  stm32f10x_rcc.o(.text)
    RCC_APB1PeriphClockCmd                   0x0800096f   Thumb Code    26  stm32f10x_rcc.o(.text)
    RCC_APB2PeriphResetCmd                   0x08000989   Thumb Code    26  stm32f10x_rcc.o(.text)
    RCC_APB1PeriphResetCmd                   0x080009a3   Thumb Code    26  stm32f10x_rcc.o(.text)
    RCC_BackupResetCmd                       0x080009bd   Thumb Code     8  stm32f10x_rcc.o(.text)
    RCC_ClockSecuritySystemCmd               0x080009c5   Thumb Code     6  stm32f10x_rcc.o(.text)
    RCC_MCOConfig                            0x080009cb   Thumb Code     6  stm32f10x_rcc.o(.text)
    RCC_ClearFlag                            0x080009d1   Thumb Code    14  stm32f10x_rcc.o(.text)
    RCC_GetITStatus                          0x080009df   Thumb Code    20  stm32f10x_rcc.o(.text)
    RCC_ClearITPendingBit                    0x080009f3   Thumb Code     6  stm32f10x_rcc.o(.text)
    USART_DeInit                             0x08000a25   Thumb Code   134  stm32f10x_usart.o(.text)
    USART_Init                               0x08000aab   Thumb Code   210  stm32f10x_usart.o(.text)
    USART_StructInit                         0x08000b7d   Thumb Code    24  stm32f10x_usart.o(.text)
    USART_ClockInit                          0x08000b95   Thumb Code    34  stm32f10x_usart.o(.text)
    USART_ClockStructInit                    0x08000bb7   Thumb Code    12  stm32f10x_usart.o(.text)
    USART_Cmd                                0x08000bc3   Thumb Code    24  stm32f10x_usart.o(.text)
    USART_ITConfig                           0x08000bdb   Thumb Code    74  stm32f10x_usart.o(.text)
    USART_DMACmd                             0x08000c25   Thumb Code    18  stm32f10x_usart.o(.text)
    USART_SetAddress                         0x08000c37   Thumb Code    18  stm32f10x_usart.o(.text)
    USART_WakeUpConfig                       0x08000c49   Thumb Code    18  stm32f10x_usart.o(.text)
    USART_ReceiverWakeUpCmd                  0x08000c5b   Thumb Code    24  stm32f10x_usart.o(.text)
    USART_LINBreakDetectLengthConfig         0x08000c73   Thumb Code    18  stm32f10x_usart.o(.text)
    USART_LINCmd                             0x08000c85   Thumb Code    24  stm32f10x_usart.o(.text)
    USART_SendData                           0x08000c9d   Thumb Code     8  stm32f10x_usart.o(.text)
    USART_ReceiveData                        0x08000ca5   Thumb Code    10  stm32f10x_usart.o(.text)
    USART_SendBreak                          0x08000caf   Thumb Code    10  stm32f10x_usart.o(.text)
    USART_SetGuardTime                       0x08000cb9   Thumb Code    16  stm32f10x_usart.o(.text)
    USART_SetPrescaler                       0x08000cc9   Thumb Code    16  stm32f10x_usart.o(.text)
    USART_SmartCardCmd                       0x08000cd9   Thumb Code    24  stm32f10x_usart.o(.text)
    USART_SmartCardNACKCmd                   0x08000cf1   Thumb Code    24  stm32f10x_usart.o(.text)
    USART_HalfDuplexCmd                      0x08000d09   Thumb Code    24  stm32f10x_usart.o(.text)
    USART_OverSampling8Cmd                   0x08000d21   Thumb Code    22  stm32f10x_usart.o(.text)
    USART_OneBitMethodCmd                    0x08000d37   Thumb Code    24  stm32f10x_usart.o(.text)
    USART_IrDAConfig                         0x08000d4f   Thumb Code    18  stm32f10x_usart.o(.text)
    USART_IrDACmd                            0x08000d61   Thumb Code    24  stm32f10x_usart.o(.text)
    USART_GetFlagStatus                      0x08000d79   Thumb Code    26  stm32f10x_usart.o(.text)
    USART_ClearFlag                          0x08000d93   Thumb Code    18  stm32f10x_usart.o(.text)
    USART_GetITStatus                        0x08000da5   Thumb Code    84  stm32f10x_usart.o(.text)
    USART_ClearITPendingBit                  0x08000df9   Thumb Code    52  stm32f10x_usart.o(.text)
    main                                     0x08000e2d   Thumb Code   140  main.o(.text)
    Task1                                    0x08000eed   Thumb Code    40  app.o(.text)
    Task2                                    0x08000f15   Thumb Code    24  app.o(.text)
    fputc                                    0x08000f2d   Thumb Code    46  app.o(.text)
    SysTick_init                             0x08000fb1   Thumb Code    46  bsp.o(.text)
    BSP_Init                                 0x08000fdf   Thumb Code   104  bsp.o(.text)
    wait                                     0x0800105d   Thumb Code    12  ledandkey.o(.text)
    Led_Configuration                        0x08001069   Thumb Code    32  ledandkey.o(.text)
    Key_Configuration                        0x08001089   Thumb Code    32  ledandkey.o(.text)
    Key_Scan                                 0x080010a9   Thumb Code    60  ledandkey.o(.text)
    OSCfg_Init                               0x080010ed   Thumb Code    86  os_cfg_app.o(.text)
    OS_IdleTask                              0x080011e9   Thumb Code    60  os_core.o(.text)
    OS_IdleTaskInit                          0x08001225   Thumb Code    68  os_core.o(.text)
    OS_RdyListInit                           0x08001269   Thumb Code    32  os_core.o(.text)
    OSInit                                   0x08001289   Thumb Code   222  os_core.o(.text)
    OSIntEnter                               0x08001367   Thumb Code    34  os_core.o(.text)
    OSIntExit                                0x08001389   Thumb Code   174  os_core.o(.text)
    OSSched                                  0x08001437   Thumb Code   116  os_core.o(.text)
    OSSchedLock                              0x080014ab   Thumb Code   100  os_core.o(.text)
    OSSchedUnlock                            0x0800150f   Thumb Code   132  os_core.o(.text)
    OSSchedRoundRobinCfg                     0x08001593   Thumb Code   190  os_core.o(.text)
    OS_RdyListMoveHeadToTail                 0x08001651   Thumb Code    68  os_core.o(.text)
    OSSchedRoundRobinYield                   0x08001695   Thumb Code   164  os_core.o(.text)
    OSStart                                  0x08001739   Thumb Code    78  os_core.o(.text)
    OSVersion                                0x08001787   Thumb Code    12  os_core.o(.text)
    OS_PendDbgNameAdd                        0x08001793   Thumb Code    66  os_core.o(.text)
    OS_PendListInsertPrio                    0x080017d5   Thumb Code   102  os_core.o(.text)
    OS_PendDataInit                          0x0800183b   Thumb Code    38  os_core.o(.text)
    OS_RdyListRemove                         0x08001861   Thumb Code    86  os_core.o(.text)
    OS_TaskBlock                             0x080018b7   Thumb Code    56  os_core.o(.text)
    OS_Pend                                  0x080018ef   Thumb Code    98  os_core.o(.text)
    OS_PendListRemove1                       0x08001951   Thumb Code    66  os_core.o(.text)
    OS_PendListRemove                        0x08001993   Thumb Code    48  os_core.o(.text)
    OS_PendAbort1                            0x080019c3   Thumb Code    36  os_core.o(.text)
    OS_RdyListInsertHead                     0x080019e7   Thumb Code    58  os_core.o(.text)
    OS_RdyListInsertTail                     0x08001a21   Thumb Code    56  os_core.o(.text)
    OS_RdyListInsert                         0x08001a59   Thumb Code   104  os_core.o(.text)
    OS_TaskRdy                               0x08001ac1   Thumb Code    28  os_core.o(.text)
    OS_PendAbort                             0x08001add   Thumb Code   178  os_core.o(.text)
    OS_PendDbgNameRemove                     0x08001b8f   Thumb Code    34  os_core.o(.text)
    OS_PendListChangePrio                    0x08001bb1   Thumb Code    70  os_core.o(.text)
    OS_PendListInit                          0x08001bf7   Thumb Code    10  os_core.o(.text)
    OS_PendListInsertHead                    0x08001c01   Thumb Code    32  os_core.o(.text)
    OS_PendObjDel1                           0x08001c21   Thumb Code    36  os_core.o(.text)
    OS_PendObjDel                            0x08001c45   Thumb Code   174  os_core.o(.text)
    OS_Post1                                 0x08001cf3   Thumb Code    42  os_core.o(.text)
    OS_Post                                  0x08001d1d   Thumb Code   198  os_core.o(.text)
    OS_Sched0                                0x08001de3   Thumb Code    56  os_core.o(.text)
    OS_SchedRoundRobin                       0x08001e1b   Thumb Code   190  os_core.o(.text)
    OS_Dbg_Init                              0x08001efd   Thumb Code   140  os_dbg.o(.text)
    OS_FlagDbgListAdd                        0x08002099   Thumb Code    38  os_flag.o(.text)
    OSFlagCreate                             0x080020bf   Thumb Code   220  os_flag.o(.text)
    OS_FlagClr                               0x0800219b   Thumb Code    28  os_flag.o(.text)
    OS_FlagDbgListRemove                     0x080021b7   Thumb Code    44  os_flag.o(.text)
    OSFlagDel                                0x080021e3   Thumb Code   574  os_flag.o(.text)
    OS_FlagBlock                             0x08002421   Thumb Code    54  os_flag.o(.text)
    OSFlagPend                               0x08002457   Thumb Code  1312  os_flag.o(.text)
    OSFlagPendAbort                          0x08002977   Thumb Code   270  os_flag.o(.text)
    OSFlagPendGetFlagsRdy                    0x08002a85   Thumb Code    66  os_flag.o(.text)
    OS_FlagTaskRdy                           0x08002ac7   Thumb Code    92  os_flag.o(.text)
    OS_FlagPost                              0x08002b23   Thumb Code   558  os_flag.o(.text)
    OSFlagPost                               0x08002d51   Thumb Code   124  os_flag.o(.text)
    OS_FlagInit                              0x08002dcd   Thumb Code    14  os_flag.o(.text)
    OS_IntQPost                              0x08002ded   Thumb Code   210  os_int.o(.text)
    OS_IntQRePost                            0x08002ebf   Thumb Code   286  os_int.o(.text)
    OS_IntQTask                              0x08002fdd   Thumb Code   130  os_int.o(.text)
    OS_IntQTaskInit                          0x0800305f   Thumb Code   208  os_int.o(.text)
    OS_MemDbgListAdd                         0x080031b9   Thumb Code    34  os_mem.o(.text)
    OSMemCreate                              0x080031db   Thumb Code   334  os_mem.o(.text)
    OSMemGet                                 0x08003329   Thumb Code   100  os_mem.o(.text)
    OSMemPut                                 0x0800338d   Thumb Code   112  os_mem.o(.text)
    OS_MemInit                               0x080033fd   Thumb Code    14  os_mem.o(.text)
    OS_MsgPoolCreate                         0x08003425   Thumb Code    54  os_msg.o(.text)
    OSMsgPoolExtend                          0x0800345b   Thumb Code    68  os_msg.o(.text)
    OS_MsgPoolInit                           0x0800349f   Thumb Code    68  os_msg.o(.text)
    OS_MsgQEntriesPeakReset                  0x080034e3   Thumb Code    40  os_msg.o(.text)
    OS_MsgQFreeAll                           0x0800350b   Thumb Code    62  os_msg.o(.text)
    OS_MsgQInit                              0x08003549   Thumb Code    14  os_msg.o(.text)
    OS_MsgQGet                               0x08003557   Thumb Code    98  os_msg.o(.text)
    OS_MsgQPut                               0x080035b9   Thumb Code   212  os_msg.o(.text)
    OS_PrioInit                              0x08003699   Thumb Code    20  os_prio.o(.text)
    OS_PrioGetHighest                        0x080036ad   Thumb Code    36  os_prio.o(.text)
    OS_PrioInsert                            0x080036d1   Thumb Code    32  os_prio.o(.text)
    OS_PrioRemove                            0x080036f1   Thumb Code    32  os_prio.o(.text)
    OS_QDbgListAdd                           0x08003715   Thumb Code    38  os_q.o(.text)
    OSQCreate                                0x0800373b   Thumb Code   234  os_q.o(.text)
    OS_QClr                                  0x08003825   Thumb Code    40  os_q.o(.text)
    OS_QDbgListRemove                        0x0800384d   Thumb Code    44  os_q.o(.text)
    OSQDel                                   0x08003879   Thumb Code   312  os_q.o(.text)
    OSQFlush                                 0x080039b1   Thumb Code   192  os_q.o(.text)
    OSQPend                                  0x08003a71   Thumb Code   520  os_q.o(.text)
    OSQPendAbort                             0x08003c79   Thumb Code   254  os_q.o(.text)
    OS_QPost                                 0x08003d77   Thumb Code   322  os_q.o(.text)
    OSQPost                                  0x08003eb9   Thumb Code    80  os_q.o(.text)
    OS_QInit                                 0x08003f09   Thumb Code    14  os_q.o(.text)
    OS_SemDbgListAdd                         0x08003f35   Thumb Code    38  os_sem.o(.text)
    OSSemCreate                              0x08003f5b   Thumb Code   116  os_sem.o(.text)
    OS_SemClr                                0x08003fcf   Thumb Code    28  os_sem.o(.text)
    OS_SemDbgListRemove                      0x08003feb   Thumb Code    44  os_sem.o(.text)
    OSSemDel                                 0x08004017   Thumb Code   312  os_sem.o(.text)
    OSSemPend                                0x0800414f   Thumb Code   444  os_sem.o(.text)
    OSSemPendAbort                           0x0800430b   Thumb Code   294  os_sem.o(.text)
    OS_SemPost                               0x08004431   Thumb Code   350  os_sem.o(.text)
    OSSemPost                                0x0800458f   Thumb Code    80  os_sem.o(.text)
    OSSemSet                                 0x080045df   Thumb Code   104  os_sem.o(.text)
    OS_SemInit                               0x08004647   Thumb Code    14  os_sem.o(.text)
    OSStatReset                              0x08004669   Thumb Code   138  os_stat.o(.text)
    OSStatTaskCPUUsageInit                   0x080046f3   Thumb Code   168  os_stat.o(.text)
    OS_StatTask                              0x0800479b   Thumb Code   258  os_stat.o(.text)
    OS_StatTaskInit                          0x0800489d   Thumb Code   138  os_stat.o(.text)
    OS_TaskDbgListAdd                        0x08004991   Thumb Code    38  os_task.o(.text)
    OS_TaskInitTCB                           0x080049b7   Thumb Code   140  os_task.o(.text)
    OSTaskCreate                             0x08004a43   Thumb Code   554  os_task.o(.text)
    OS_TaskDbgListRemove                     0x08004c6d   Thumb Code    54  os_task.o(.text)
    OSTaskDel                                0x08004ca3   Thumb Code   472  os_task.o(.text)
    OSTaskRegGet                             0x08004e7b   Thumb Code    78  os_task.o(.text)
    OSTaskRegSet                             0x08004ec9   Thumb Code    78  os_task.o(.text)
    OSTaskResume                             0x08004f17   Thumb Code   362  os_task.o(.text)
    OSTaskSemPend                            0x08005081   Thumb Code   402  os_task.o(.text)
    OS_TaskSemPost                           0x08005213   Thumb Code   840  os_task.o(.text)
    OSTaskSemPost                            0x0800555b   Thumb Code    90  os_task.o(.text)
    OSTaskSemSet                             0x080055b5   Thumb Code    80  os_task.o(.text)
    OSTaskStkChk                             0x08005605   Thumb Code   204  os_task.o(.text)
    OSTaskSuspend                            0x080056d1   Thumb Code   372  os_task.o(.text)
    OSTaskTimeQuantaSet                      0x08005845   Thumb Code    96  os_task.o(.text)
    OS_TaskInit                              0x080058a5   Thumb Code    18  os_task.o(.text)
    OS_TaskReturn                            0x080058b7   Thumb Code    20  os_task.o(.text)
    OS_TickListRemove                        0x080058f1   Thumb Code    56  os_tick.o(.text)
    OS_TickListUpdate                        0x08005929   Thumb Code   478  os_tick.o(.text)
    OS_TickTask                              0x08005b07   Thumb Code    38  os_tick.o(.text)
    OS_TickListInit                          0x08005b2d   Thumb Code    32  os_tick.o(.text)
    OS_TickTaskInit                          0x08005b4d   Thumb Code    94  os_tick.o(.text)
    OS_TickListInsert                        0x08005bab   Thumb Code   500  os_tick.o(.text)
    OS_TickListResetPeak                     0x08005d9f   Thumb Code    28  os_tick.o(.text)
    OSTimeDly                                0x08005dc5   Thumb Code   266  os_time.o(.text)
    OSTimeDlyHMSM                            0x08005ecf   Thumb Code   480  os_time.o(.text)
    OSTimeDlyResume                          0x080060af   Thumb Code   436  os_time.o(.text)
    OSTimeGet                                0x08006263   Thumb Code    46  os_time.o(.text)
    OSTimeSet                                0x08006291   Thumb Code    46  os_time.o(.text)
    OSTimeTick                               0x080062bf   Thumb Code    50  os_time.o(.text)
    OS_TmrDbgListAdd                         0x08006305   Thumb Code    34  os_tmr.o(.text)
    OSTmrCreate                              0x08006327   Thumb Code   192  os_tmr.o(.text)
    OS_TmrClr                                0x080063e7   Thumb Code    36  os_tmr.o(.text)
    OS_TmrUnlink                             0x0800640b   Thumb Code    72  os_tmr.o(.text)
    OS_TmrDbgListRemove                      0x08006453   Thumb Code    44  os_tmr.o(.text)
    OSTmrDel                                 0x0800647f   Thumb Code   158  os_tmr.o(.text)
    OSTmrRemainGet                           0x0800651d   Thumb Code   166  os_tmr.o(.text)
    OS_TmrLink                               0x080065c3   Thumb Code   196  os_tmr.o(.text)
    OSTmrStart                               0x08006687   Thumb Code   188  os_tmr.o(.text)
    OSTmrStateGet                            0x08006743   Thumb Code   116  os_tmr.o(.text)
    OSTmrStop                                0x080067b7   Thumb Code   214  os_tmr.o(.text)
    OS_TmrTask                               0x0800688d   Thumb Code   168  os_tmr.o(.text)
    OS_TmrInit                               0x08006935   Thumb Code   208  os_tmr.o(.text)
    OS_TmrResetPeak                          0x08006a05   Thumb Code    28  os_tmr.o(.text)
    OSStartHighRdy                           0x08006a79   Thumb Code     0  os_cpu_a.o(.text)
    OS_CPU_PendSVHandler                     0x08006a9b   Thumb Code     0  os_cpu_a.o(.text)
    OSIdleTaskHook                           0x08006afd   Thumb Code     2  os_cpu_c.o(.text)
    OSInitHook                               0x08006aff   Thumb Code    20  os_cpu_c.o(.text)
    OSStatTaskHook                           0x08006b13   Thumb Code     2  os_cpu_c.o(.text)
    OSTaskCreateHook                         0x08006b15   Thumb Code     2  os_cpu_c.o(.text)
    OSTaskDelHook                            0x08006b17   Thumb Code     2  os_cpu_c.o(.text)
    OSTaskReturnHook                         0x08006b19   Thumb Code     2  os_cpu_c.o(.text)
    OSTaskStkInit                            0x08006b1b   Thumb Code   188  os_cpu_c.o(.text)
    OSTaskSwHook                             0x08006bd7   Thumb Code     2  os_cpu_c.o(.text)
    OSTimeTickHook                           0x08006bd9   Thumb Code     2  os_cpu_c.o(.text)
    CPU_IntDis                               0x08006bed   Thumb Code     0  cpu_a.o(.text)
    CPU_IntEn                                0x08006bf1   Thumb Code     0  cpu_a.o(.text)
    CPU_SR_Save                              0x08006bf5   Thumb Code     0  cpu_a.o(.text)
    CPU_SR_Restore                           0x08006bfd   Thumb Code     0  cpu_a.o(.text)
    CPU_CntLeadZeros                         0x08006c03   Thumb Code     0  cpu_a.o(.text)
    CPU_RevBits                              0x08006c09   Thumb Code     0  cpu_a.o(.text)
    CPU_WaitForInt                           0x08006c0f   Thumb Code     0  cpu_a.o(.text)
    CPU_WaitForExcept                        0x08006c13   Thumb Code     0  cpu_a.o(.text)
    __scatterload                            0x08006c19   Thumb Code    28  init.o(.text)
    __scatterload_rt2                        0x08006c19   Thumb Code     0  init.o(.text)
    __scatterload_copy                       0x08006c3d   Thumb Code    14  handlers.o(i.__scatterload_copy)
    __scatterload_null                       0x08006c4b   Thumb Code     2  handlers.o(i.__scatterload_null)
    __scatterload_zeroinit                   0x08006c4d   Thumb Code    14  handlers.o(i.__scatterload_zeroinit)
    OSCfg_IdleTaskStkBasePtr                 0x08006c5c   Data           4  os_cfg_app.o(.constdata)
    OSCfg_IdleTaskStkLimit                   0x08006c60   Data           4  os_cfg_app.o(.constdata)
    OSCfg_IdleTaskStkSize                    0x08006c64   Data           4  os_cfg_app.o(.constdata)
    OSCfg_IdleTaskStkSizeRAM                 0x08006c68   Data           4  os_cfg_app.o(.constdata)
    OSCfg_IntQBasePtr                        0x08006c6c   Data           4  os_cfg_app.o(.constdata)
    OSCfg_IntQSize                           0x08006c70   Data           2  os_cfg_app.o(.constdata)
    OSCfg_IntQSizeRAM                        0x08006c74   Data           4  os_cfg_app.o(.constdata)
    OSCfg_IntQTaskStkBasePtr                 0x08006c78   Data           4  os_cfg_app.o(.constdata)
    OSCfg_IntQTaskStkLimit                   0x08006c7c   Data           4  os_cfg_app.o(.constdata)
    OSCfg_IntQTaskStkSize                    0x08006c80   Data           4  os_cfg_app.o(.constdata)
    OSCfg_IntQTaskStkSizeRAM                 0x08006c84   Data           4  os_cfg_app.o(.constdata)
    OSCfg_ISRStkBasePtr                      0x08006c88   Data           4  os_cfg_app.o(.constdata)
    OSCfg_ISRStkSize                         0x08006c8c   Data           4  os_cfg_app.o(.constdata)
    OSCfg_ISRStkSizeRAM                      0x08006c90   Data           4  os_cfg_app.o(.constdata)
    OSCfg_MsgPoolSize                        0x08006c94   Data           2  os_cfg_app.o(.constdata)
    OSCfg_MsgPoolSizeRAM                     0x08006c98   Data           4  os_cfg_app.o(.constdata)
    OSCfg_MsgPoolBasePtr                     0x08006c9c   Data           4  os_cfg_app.o(.constdata)
    OSCfg_StatTaskPrio                       0x08006ca0   Data           1  os_cfg_app.o(.constdata)
    OSCfg_StatTaskRate_Hz                    0x08006ca4   Data           4  os_cfg_app.o(.constdata)
    OSCfg_StatTaskStkBasePtr                 0x08006ca8   Data           4  os_cfg_app.o(.constdata)
    OSCfg_StatTaskStkLimit                   0x08006cac   Data           4  os_cfg_app.o(.constdata)
    OSCfg_StatTaskStkSize                    0x08006cb0   Data           4  os_cfg_app.o(.constdata)
    OSCfg_StatTaskStkSizeRAM                 0x08006cb4   Data           4  os_cfg_app.o(.constdata)
    OSCfg_StkSizeMin                         0x08006cb8   Data           4  os_cfg_app.o(.constdata)
    OSCfg_TickRate_Hz                        0x08006cbc   Data           4  os_cfg_app.o(.constdata)
    OSCfg_TickTaskPrio                       0x08006cc0   Data           1  os_cfg_app.o(.constdata)
    OSCfg_TickTaskStkBasePtr                 0x08006cc4   Data           4  os_cfg_app.o(.constdata)
    OSCfg_TickTaskStkLimit                   0x08006cc8   Data           4  os_cfg_app.o(.constdata)
    OSCfg_TickTaskStkSize                    0x08006ccc   Data           4  os_cfg_app.o(.constdata)
    OSCfg_TickTaskStkSizeRAM                 0x08006cd0   Data           4  os_cfg_app.o(.constdata)
    OSCfg_TickWheelSize                      0x08006cd4   Data           2  os_cfg_app.o(.constdata)
    OSCfg_TickWheelSizeRAM                   0x08006cd8   Data           4  os_cfg_app.o(.constdata)
    OSCfg_TmrTaskPrio                        0x08006cdc   Data           1  os_cfg_app.o(.constdata)
    OSCfg_TmrTaskRate_Hz                     0x08006ce0   Data           4  os_cfg_app.o(.constdata)
    OSCfg_TmrTaskStkBasePtr                  0x08006ce4   Data           4  os_cfg_app.o(.constdata)
    OSCfg_TmrTaskStkLimit                    0x08006ce8   Data           4  os_cfg_app.o(.constdata)
    OSCfg_TmrTaskStkSize                     0x08006cec   Data           4  os_cfg_app.o(.constdata)
    OSCfg_TmrTaskStkSizeRAM                  0x08006cf0   Data           4  os_cfg_app.o(.constdata)
    OSCfg_TmrWheelSize                       0x08006cf4   Data           2  os_cfg_app.o(.constdata)
    OSCfg_TmrWheelSizeRAM                    0x08006cf8   Data           4  os_cfg_app.o(.constdata)
    OSCfg_DataSizeRAM                        0x08006cfc   Data           4  os_cfg_app.o(.constdata)
    OSDbg_DbgEn                              0x08006d00   Data           2  os_dbg.o(.constdata)
    OSDbg_ArgChkEn                           0x08006d02   Data           1  os_dbg.o(.constdata)
    OSDbg_AppHooksEn                         0x08006d03   Data           1  os_dbg.o(.constdata)
    OSDbg_EndiannessTest                     0x08006d04   Data           4  os_dbg.o(.constdata)
    OSDbg_CalledFromISRChkEn                 0x08006d08   Data           1  os_dbg.o(.constdata)
    OSDbg_FlagEn                             0x08006d09   Data           1  os_dbg.o(.constdata)
    OSDbg_FlagGrp                            0x08006d0c   Data          40  os_dbg.o(.constdata)
    OSDbg_FlagDelEn                          0x08006d34   Data           1  os_dbg.o(.constdata)
    OSDbg_FlagModeClrEn                      0x08006d35   Data           1  os_dbg.o(.constdata)
    OSDbg_FlagPendAbortEn                    0x08006d36   Data           1  os_dbg.o(.constdata)
    OSDbg_FlagGrpSize                        0x08006d38   Data           2  os_dbg.o(.constdata)
    OSDbg_FlagWidth                          0x08006d3a   Data           2  os_dbg.o(.constdata)
    OSDbg_IntQ                               0x08006d3c   Data           2  os_dbg.o(.constdata)
    OSDbg_ISRPostDeferredEn                  0x08006d3e   Data           1  os_dbg.o(.constdata)
    OSDbg_Mem                                0x08006d40   Data          32  os_dbg.o(.constdata)
    OSDbg_MemEn                              0x08006d60   Data           1  os_dbg.o(.constdata)
    OSDbg_MemSize                            0x08006d62   Data           2  os_dbg.o(.constdata)
    OSDbg_MsgEn                              0x08006d64   Data           1  os_dbg.o(.constdata)
    OSDbg_MsgSize                            0x08006d66   Data           2  os_dbg.o(.constdata)
    OSDbg_MsgPoolSize                        0x08006d68   Data           2  os_dbg.o(.constdata)
    OSDbg_MsgQSize                           0x08006d6a   Data           2  os_dbg.o(.constdata)
    OSDbg_Mutex                              0x08006d6c   Data          44  os_dbg.o(.constdata)
    OSDbg_MutexEn                            0x08006d98   Data           1  os_dbg.o(.constdata)
    OSDbg_MutexDelEn                         0x08006d99   Data           1  os_dbg.o(.constdata)
    OSDbg_MutexPendAbortEn                   0x08006d9a   Data           1  os_dbg.o(.constdata)
    OSDbg_MutexSize                          0x08006d9c   Data           2  os_dbg.o(.constdata)
    OSDbg_ObjTypeChkEn                       0x08006d9e   Data           1  os_dbg.o(.constdata)
    OSDbg_PendMultiEn                        0x08006d9f   Data           1  os_dbg.o(.constdata)
    OSDbg_PendDataSize                       0x08006da0   Data           2  os_dbg.o(.constdata)
    OSDbg_PendListSize                       0x08006da2   Data           2  os_dbg.o(.constdata)
    OSDbg_PendObjSize                        0x08006da4   Data           2  os_dbg.o(.constdata)
    OSDbg_PrioMax                            0x08006da6   Data           2  os_dbg.o(.constdata)
    OSDbg_PrioTblSize                        0x08006da8   Data           2  os_dbg.o(.constdata)
    OSDbg_PtrSize                            0x08006daa   Data           2  os_dbg.o(.constdata)
    OSDbg_Q                                  0x08006dac   Data          48  os_dbg.o(.constdata)
    OSDbg_QEn                                0x08006ddc   Data           1  os_dbg.o(.constdata)
    OSDbg_QDelEn                             0x08006ddd   Data           1  os_dbg.o(.constdata)
    OSDbg_QFlushEn                           0x08006dde   Data           1  os_dbg.o(.constdata)
    OSDbg_QPendAbortEn                       0x08006ddf   Data           1  os_dbg.o(.constdata)
    OSDbg_QSize                              0x08006de0   Data           2  os_dbg.o(.constdata)
    OSDbg_SchedRoundRobinEn                  0x08006de2   Data           1  os_dbg.o(.constdata)
    OSDbg_Sem                                0x08006de4   Data          40  os_dbg.o(.constdata)
    OSDbg_SemEn                              0x08006e0c   Data           1  os_dbg.o(.constdata)
    OSDbg_SemDelEn                           0x08006e0d   Data           1  os_dbg.o(.constdata)
    OSDbg_SemPendAbortEn                     0x08006e0e   Data           1  os_dbg.o(.constdata)
    OSDbg_SemSetEn                           0x08006e0f   Data           1  os_dbg.o(.constdata)
    OSDbg_SemSize                            0x08006e10   Data           2  os_dbg.o(.constdata)
    OSDbg_RdyList                            0x08006e12   Data           2  os_dbg.o(.constdata)
    OSDbg_RdyListSize                        0x08006e14   Data           4  os_dbg.o(.constdata)
    OSDbg_StkWidth                           0x08006e18   Data           1  os_dbg.o(.constdata)
    OSDbg_StatTaskEn                         0x08006e19   Data           1  os_dbg.o(.constdata)
    OSDbg_StatTaskStkChkEn                   0x08006e1a   Data           1  os_dbg.o(.constdata)
    OSDbg_TaskChangePrioEn                   0x08006e1b   Data           1  os_dbg.o(.constdata)
    OSDbg_TaskDelEn                          0x08006e1c   Data           1  os_dbg.o(.constdata)
    OSDbg_TaskQEn                            0x08006e1d   Data           1  os_dbg.o(.constdata)
    OSDbg_TaskQPendAbortEn                   0x08006e1e   Data           1  os_dbg.o(.constdata)
    OSDbg_TaskProfileEn                      0x08006e1f   Data           1  os_dbg.o(.constdata)
    OSDbg_TaskRegTblSize                     0x08006e20   Data           2  os_dbg.o(.constdata)
    OSDbg_TaskSemPendAbortEn                 0x08006e22   Data           1  os_dbg.o(.constdata)
    OSDbg_TaskSuspendEn                      0x08006e23   Data           1  os_dbg.o(.constdata)
    OSDbg_TCBSize                            0x08006e24   Data           2  os_dbg.o(.constdata)
    OSDbg_TickSpokeSize                      0x08006e26   Data           2  os_dbg.o(.constdata)
    OSDbg_TimeDlyHMSMEn                      0x08006e28   Data           1  os_dbg.o(.constdata)
    OSDbg_TimeDlyResumeEn                    0x08006e29   Data           1  os_dbg.o(.constdata)
    OSDbg_Tmr                                0x08006e2c   Data          52  os_dbg.o(.constdata)
    OSDbg_TmrEn                              0x08006e60   Data           1  os_dbg.o(.constdata)
    OSDbg_TmrDelEn                           0x08006e61   Data           1  os_dbg.o(.constdata)
    OSDbg_TmrSize                            0x08006e62   Data           2  os_dbg.o(.constdata)
    OSDbg_TmrSpokeSize                       0x08006e64   Data           2  os_dbg.o(.constdata)
    OSDbg_VersionNbr                         0x08006e66   Data           2  os_dbg.o(.constdata)
    OSDbg_DataSize                           0x08006e68   Data           4  os_dbg.o(.constdata)
    Region$$Table$$Base                      0x08006e6c   Number         0  anon$$obj.o(Region$$Table)
    Region$$Table$$Limit                     0x08006e8c   Number         0  anon$$obj.o(Region$$Table)
    SystemCoreClock                          0x20000000   Data           4  system_stm32f10x.o(.data)
    AHBPrescTable                            0x20000004   Data          16  system_stm32f10x.o(.data)
    GPIO_InitStructure                       0x20000028   Data           4  ledandkey.o(.data)
    OSPrioTbl                                0x2000002c   Data           4  os_prio.o(.data)
    OSIdleTaskCtr                            0x20000030   Data           4  os_var.o(.data)
    OSIntNestingCtr                          0x20000034   Data           1  os_var.o(.data)
    OSRunning                                0x20000035   Data           1  os_var.o(.data)
    OSIntQInPtr                              0x20000038   Data           4  os_var.o(.data)
    OSIntQOutPtr                             0x2000003c   Data           4  os_var.o(.data)
    OSIntQNbrEntries                         0x20000040   Data           2  os_var.o(.data)
    OSIntQMaxNbrEntries                      0x20000042   Data           2  os_var.o(.data)
    OSIntQOvfCtr                             0x20000044   Data           2  os_var.o(.data)
    OSIntQTaskTimeMax                        0x20000048   Data           4  os_var.o(.data)
    OSFlagDbgListPtr                         0x2000004c   Data           4  os_var.o(.data)
    OSFlagQty                                0x20000050   Data           2  os_var.o(.data)
    OSMemDbgListPtr                          0x20000054   Data           4  os_var.o(.data)
    OSMemQty                                 0x20000058   Data           2  os_var.o(.data)
    OSMsgPool                                0x2000005c   Data           8  os_var.o(.data)
    OSPrioCur                                0x20000064   Data           1  os_var.o(.data)
    OSPrioHighRdy                            0x20000065   Data           1  os_var.o(.data)
    OSPrioSaved                              0x20000066   Data           1  os_var.o(.data)
    OSQDbgListPtr                            0x20000068   Data           4  os_var.o(.data)
    OSQQty                                   0x2000006c   Data           2  os_var.o(.data)
    OSSchedLockNestingCtr                    0x2000006e   Data           1  os_var.o(.data)
    OSSchedRoundRobinDfltTimeQuanta          0x20000070   Data           4  os_var.o(.data)
    OSSchedRoundRobinEn                      0x20000074   Data           1  os_var.o(.data)
    OSSemDbgListPtr                          0x20000078   Data           4  os_var.o(.data)
    OSSemQty                                 0x2000007c   Data           2  os_var.o(.data)
    OSStatTaskCPUUsage                       0x2000007e   Data           1  os_var.o(.data)
    OSStatTaskCtr                            0x20000080   Data           4  os_var.o(.data)
    OSStatTaskCtrMax                         0x20000084   Data           4  os_var.o(.data)
    OSStatTaskCtrRun                         0x20000088   Data           4  os_var.o(.data)
    OSStatTaskRdy                            0x2000008c   Data           1  os_var.o(.data)
    OSStatTaskTimeMax                        0x20000090   Data           4  os_var.o(.data)
    OSStatResetFlag                          0x20000094   Data           1  os_var.o(.data)
    OSTaskCtxSwCtr                           0x20000098   Data           4  os_var.o(.data)
    OSTaskDbgListPtr                         0x2000009c   Data           4  os_var.o(.data)
    OSTaskQty                                0x200000a0   Data           2  os_var.o(.data)
    OSTickCtr                                0x200000a4   Data           4  os_var.o(.data)
    OSTickTaskTimeMax                        0x200000a8   Data           4  os_var.o(.data)
    OSTmrDbgListPtr                          0x200000ac   Data           4  os_var.o(.data)
    OSTmrQty                                 0x200000b0   Data           2  os_var.o(.data)
    OSTmrTaskTimeMax                         0x200000b4   Data           4  os_var.o(.data)
    OSTmrTickCtr                             0x200000b8   Data           4  os_var.o(.data)
    OSTmrUpdateCnt                           0x200000bc   Data           4  os_var.o(.data)
    OSTmrUpdateCtr                           0x200000c0   Data           4  os_var.o(.data)
    OSTCBCurPtr                              0x200000c4   Data           4  os_var.o(.data)
    OSTCBHighRdyPtr                          0x200000c8   Data           4  os_var.o(.data)
    OS_CPU_ExceptStkBase                     0x200000cc   Data           4  os_cpu_c.o(.data)
    flags                                    0x200000d0   Data          40  main.o(.bss)
    key1_TCB                                 0x200000f8   Data         136  main.o(.bss)
    key2_TCB                                 0x20000180   Data         136  main.o(.bss)
    key1_Stk                                 0x20000208   Data         512  main.o(.bss)
    key2_Stk                                 0x20000408   Data         512  main.o(.bss)
    OSCfg_IdleTaskStk                        0x20000608   Data         512  os_cfg_app.o(.bss)
    OSCfg_IntQ                               0x20000808   Data         320  os_cfg_app.o(.bss)
    OSCfg_IntQTaskStk                        0x20000948   Data         512  os_cfg_app.o(.bss)
    OSCfg_ISRStk                             0x20000b48   Data         512  os_cfg_app.o(.bss)
    OSCfg_MsgPool                            0x20000d48   Data        1600  os_cfg_app.o(.bss)
    OSCfg_StatTaskStk                        0x20001388   Data         512  os_cfg_app.o(.bss)
    OSCfg_TickTaskStk                        0x20001588   Data         512  os_cfg_app.o(.bss)
    OSCfg_TickWheel                          0x20001788   Data         104  os_cfg_app.o(.bss)
    OSCfg_TmrTaskStk                         0x200017f0   Data         512  os_cfg_app.o(.bss)
    OSCfg_TmrWheel                           0x200019f0   Data         104  os_cfg_app.o(.bss)
    OSIdleTaskTCB                            0x20001a58   Data         136  os_var.o(.bss)
    OSIntQTaskTCB                            0x20001ae0   Data         136  os_var.o(.bss)
    OSRdyList                                0x20001b68   Data          96  os_var.o(.bss)
    OSStatTaskTCB                            0x20001bc8   Data         136  os_var.o(.bss)
    OSTickTaskTCB                            0x20001c50   Data         136  os_var.o(.bss)
    OSTmrTaskTCB                             0x20001cd8   Data         136  os_var.o(.bss)
    __initial_sp                             0x20002160   Data           0  startup_stm32f10x_md.o(STACK)



==============================================================================

Memory Map of the image

  Image Entry point : 0x080000ed

  Load Region LR_IROM1 (Base: 0x08000000, Size: 0x00006f5c, Max: 0x00020000, ABSOLUTE)

    Execution Region ER_IROM1 (Base: 0x08000000, Size: 0x00006e8c, Max: 0x00020000, ABSOLUTE)

    Base Addr    Size         Type   Attr      Idx    E Section Name        Object

    0x08000000   0x000000ec   Data   RO            3    RESET               startup_stm32f10x_md.o
    0x080000ec   0x00000000   Code   RO          899  * .ARM.Collect$$$$00000000  mc_w.l(entry.o)
    0x080000ec   0x00000004   Code   RO          902    .ARM.Collect$$$$00000001  mc_w.l(entry2.o)
    0x080000f0   0x00000004   Code   RO          905    .ARM.Collect$$$$00000004  mc_w.l(entry5.o)
    0x080000f4   0x00000000   Code   RO          907    .ARM.Collect$$$$00000008  mc_w.l(entry7b.o)
    0x080000f4   0x00000000   Code   RO          909    .ARM.Collect$$$$0000000A  mc_w.l(entry8b.o)
    0x080000f4   0x00000008   Code   RO          910    .ARM.Collect$$$$0000000B  mc_w.l(entry9a.o)
    0x080000fc   0x00000000   Code   RO          912    .ARM.Collect$$$$0000000D  mc_w.l(entry10a.o)
    0x080000fc   0x00000000   Code   RO          914    .ARM.Collect$$$$0000000F  mc_w.l(entry11a.o)
    0x080000fc   0x00000004   Code   RO          903    .ARM.Collect$$$$00002712  mc_w.l(entry2.o)
    0x08000100   0x00000024   Code   RO            4    .text               startup_stm32f10x_md.o
    0x08000124   0x00000026   Code   RO           24    .text               stm32f10x_it.o
    0x0800014a   0x00000002   PAD
    0x0800014c   0x000001dc   Code   RO          163    .text               system_stm32f10x.o
    0x08000328   0x00000358   Code   RO          325    .text               stm32f10x_gpio.o
    0x08000680   0x000003a4   Code   RO          373    .text               stm32f10x_rcc.o
    0x08000a24   0x00000408   Code   RO          435    .text               stm32f10x_usart.o
    0x08000e2c   0x000000c0   Code   RO          459    .text               main.o
    0x08000eec   0x00000078   Code   RO          478    .text               app.o
    0x08000f64   0x000000f8   Code   RO          498    .text               bsp.o
    0x0800105c   0x00000090   Code   RO          514    .text               ledandkey.o
    0x080010ec   0x000000fc   Code   RO          529    .text               os_cfg_app.o
    0x080011e8   0x00000d14   Code   RO          549    .text               os_core.o
    0x08001efc   0x0000019c   Code   RO          561    .text               os_dbg.o
    0x08002098   0x00000d54   Code   RO          576    .text               os_flag.o
    0x08002dec   0x000003cc   Code   RO          588    .text               os_int.o
    0x080031b8   0x0000026c   Code   RO          600    .text               os_mem.o
    0x08003424   0x00000274   Code   RO          612    .text               os_msg.o
    0x08003698   0x0000007c   Code   RO          642    .text               os_prio.o
    0x08003714   0x00000820   Code   RO          661    .text               os_q.o
    0x08003f34   0x00000734   Code   RO          673    .text               os_sem.o
    0x08004668   0x00000328   Code   RO          685    .text               os_stat.o
    0x08004990   0x00000f60   Code   RO          697    .text               os_task.o
    0x080058f0   0x000004d4   Code   RO          709    .text               os_tick.o
    0x08005dc4   0x00000540   Code   RO          721    .text               os_time.o
    0x08006304   0x00000774   Code   RO          733    .text               os_tmr.o
    0x08006a78   0x00000084   Code   RO          759    .text               os_cpu_a.o
    0x08006afc   0x000000f0   Code   RO          762    .text               os_cpu_c.o
    0x08006bec   0x0000002a   Code   RO          854    .text               cpu_a.o
    0x08006c16   0x00000002   PAD
    0x08006c18   0x00000024   Code   RO          916    .text               mc_w.l(init.o)
    0x08006c3c   0x0000000e   Code   RO          920    i.__scatterload_copy  mc_w.l(handlers.o)
    0x08006c4a   0x00000002   Code   RO          921    i.__scatterload_null  mc_w.l(handlers.o)
    0x08006c4c   0x0000000e   Code   RO          922    i.__scatterload_zeroinit  mc_w.l(handlers.o)
    0x08006c5a   0x00000002   PAD
    0x08006c5c   0x000000a4   Data   RO          531    .constdata          os_cfg_app.o
    0x08006d00   0x0000016c   Data   RO          562    .constdata          os_dbg.o
    0x08006e6c   0x00000020   Data   RO          918    Region$$Table       anon$$obj.o


    Execution Region RW_IRAM1 (Base: 0x20000000, Size: 0x00002160, Max: 0x00005000, ABSOLUTE)

    Base Addr    Size         Type   Attr      Idx    E Section Name        Object

    0x20000000   0x00000014   Data   RW          164    .data               system_stm32f10x.o
    0x20000014   0x00000014   Data   RW          374    .data               stm32f10x_rcc.o
    0x20000028   0x00000004   Data   RW          515    .data               ledandkey.o
    0x2000002c   0x00000004   Data   RW          643    .data               os_prio.o
    0x20000030   0x0000009c   Data   RW          746    .data               os_var.o
    0x200000cc   0x00000004   Data   RW          763    .data               os_cpu_c.o
    0x200000d0   0x00000538   Zero   RW          460    .bss                main.o
    0x20000608   0x00001450   Zero   RW          530    .bss                os_cfg_app.o
    0x20001a58   0x00000308   Zero   RW          745    .bss                os_var.o
    0x20001d60   0x00000400   Zero   RW            1    STACK               startup_stm32f10x_md.o


==============================================================================

Image component sizes


      Code (inc. data)   RO Data    RW Data    ZI Data      Debug   Object Name

       120         10          0          0          0        820   app.o
       248         22          0          0          0      16075   bsp.o
         0          0          0          0          0       4212   core_cm3.o
        42          0          0          0          0        292   cpu_a.o
       144          8          0          4          0       1649   ledandkey.o
       192         52          0          0       1336       2415   main.o
       252        166        164          0       5200      18977   os_cfg_app.o
      3348        226          0          0          0      11502   os_core.o
       132         32          0          0          0        312   os_cpu_a.o
       240         18          0          4          0       2936   os_cpu_c.o
       412        272        364          0          0       4663   os_dbg.o
      3412         96          0          0          0       7495   os_flag.o
       972        138          0          0          0       2360   os_int.o
       620         26          0          0          0       2648   os_mem.o
       628         12          0          0          0       3171   os_msg.o
       124          4          0          4          0       1712   os_prio.o
      2080         66          0          0          0       5796   os_q.o
      1844         60          0          0          0       5800   os_sem.o
       808        106          0          0          0       2113   os_stat.o
      3936        178          0          0          0       8271   os_task.o
      1236         86          0          0          0       3161   os_tick.o
      1344         44          0          0          0       3105   os_time.o
      1908        128          0          0          0       5974   os_tmr.o
         0          0          0        156        776      17392   os_var.o
        36          8        236          0       1024        856   startup_stm32f10x_md.o
       856         40          0          0          0       5633   stm32f10x_gpio.o
        38          0          0          0          0     253805   stm32f10x_it.o
       932         44          0         20          0       8804   stm32f10x_rcc.o
      1032         22          0          0          0       8356   stm32f10x_usart.o
       476         36          0         20          0       1839   system_stm32f10x.o

    ----------------------------------------------------------------------
     27416       1900        796        208       8336     412144   Object Totals
         0          0         32          0          0          0   (incl. Generated)
         4          0          0          0          0          0   (incl. Padding)

    ----------------------------------------------------------------------

      Code (inc. data)   RO Data    RW Data    ZI Data      Debug   Library Member Name

         0          0          0          0          0          0   entry.o
         0          0          0          0          0          0   entry10a.o
         0          0          0          0          0          0   entry11a.o
         8          4          0          0          0          0   entry2.o
         4          0          0          0          0          0   entry5.o
         0          0          0          0          0          0   entry7b.o
         0          0          0          0          0          0   entry8b.o
         8          4          0          0          0          0   entry9a.o
        30          0          0          0          0          0   handlers.o
        36          8          0          0          0         68   init.o

    ----------------------------------------------------------------------
        88         16          0          0          0         68   Library Totals
         2          0          0          0          0          0   (incl. Padding)

    ----------------------------------------------------------------------

      Code (inc. data)   RO Data    RW Data    ZI Data      Debug   Library Name

        86         16          0          0          0         68   mc_w.l

    ----------------------------------------------------------------------
        88         16          0          0          0         68   Library Totals

    ----------------------------------------------------------------------

==============================================================================


      Code (inc. data)   RO Data    RW Data    ZI Data      Debug   

     27504       1916        796        208       8336     409664   Grand Totals
     27504       1916        796        208       8336     409664   ELF Image Totals
     27504       1916        796        208          0          0   ROM Totals

==============================================================================

    Total RO  Size (Code + RO Data)                28300 (  27.64kB)
    Total RW  Size (RW Data + ZI Data)              8544 (   8.34kB)
    Total ROM Size (Code + RO Data + RW Data)      28508 (  27.84kB)

==============================================================================

