<html>
<body>
<pre>
<h1>µVision Build Log</h1>
<h2>Project:</h2>
C:\Users\PlanC\Documents\Github\Practical-Training-Neusoft-Tianjin\9.25\uvproj.uvproj
Project File Date:  09/24/2020

<h2>Output:</h2>
Build target 'Target 1'
compiling main.c...
linking...
Program Size: Code=2920 RO-data=268 RW-data=40 ZI-data=1632  
".\uvproj.axf" - 0 Errors, 0 Warning(s).
Load "C:\\Users\\PlanC\\Documents\\Github\\Practical-Training-Neusoft-Tianjin\\9.25\\uvproj.axf" 
Full Chip Erase Done.
Programming Done.
Verify OK.
Application running ...
Build target 'Target 1'
compiling main.c...
linking...
Program Size: Code=2932 RO-data=268 RW-data=40 ZI-data=1632  
".\uvproj.axf" - 0 Errors, 0 Warning(s).
Load "C:\\Users\\PlanC\\Documents\\Github\\Practical-Training-Neusoft-Tianjin\\9.25\\uvproj.axf" 
Full Chip Erase Done.
Programming Done.
Verify OK.
Application running ...
Build target 'Target 1'
compiling main.c...
linking...
Program Size: Code=2940 RO-data=268 RW-data=40 ZI-data=1632  
".\uvproj.axf" - 0 Errors, 0 Warning(s).
Load "C:\\Users\\PlanC\\Documents\\Github\\Practical-Training-Neusoft-Tianjin\\9.25\\uvproj.axf" 
Full Chip Erase Done.
Programming Done.
Verify OK.
Application running ...
Build target 'Target 1'
compiling main.c...
linking...
Program Size: Code=2944 RO-data=268 RW-data=40 ZI-data=1632  
".\uvproj.axf" - 0 Errors, 0 Warning(s).
Load "C:\\Users\\PlanC\\Documents\\Github\\Practical-Training-Neusoft-Tianjin\\9.25\\uvproj.axf" 
Full Chip Erase Done.
Programming Done.
Verify OK.
Application running ...
Build target 'Target 1'
compiling mylib.c...
linking...
Program Size: Code=2944 RO-data=268 RW-data=40 ZI-data=1632  
".\uvproj.axf" - 0 Errors, 0 Warning(s).
Load "C:\\Users\\PlanC\\Documents\\Github\\Practical-Training-Neusoft-Tianjin\\9.25\\uvproj.axf" 
Full Chip Erase Done.
Programming Done.
Verify OK.
Application running ...
Build target 'Target 1'
compiling main.c...
user\main.c(12): error:  #20: identifier "safe" is undefined
".\uvproj.axf" - 1 Errors, 0 Warning(s).
Target not created
Build target 'Target 1'
compiling main.c...
linking...
Program Size: Code=2988 RO-data=268 RW-data=40 ZI-data=1632  
".\uvproj.axf" - 0 Errors, 0 Warning(s).
Load "C:\\Users\\PlanC\\Documents\\Github\\Practical-Training-Neusoft-Tianjin\\9.25\\uvproj.axf" 
Full Chip Erase Done.
Programming Done.
Verify OK.
Application running ...
Build target 'Target 1'
compiling main.c...
linking...
Program Size: Code=2980 RO-data=268 RW-data=40 ZI-data=1632  
".\uvproj.axf" - 0 Errors, 0 Warning(s).
Load "C:\\Users\\PlanC\\Documents\\Github\\Practical-Training-Neusoft-Tianjin\\9.25\\uvproj.axf" 
Full Chip Erase Done.
Programming Done.
Verify OK.
Application running ...
Build target 'Target 1'
linking...
Program Size: Code=2980 RO-data=268 RW-data=40 ZI-data=1632  
".\uvproj.axf" - 0 Errors, 0 Warning(s).
Build target 'Target 1'
compiling main.c...
linking...
Program Size: Code=2980 RO-data=268 RW-data=40 ZI-data=1632  
".\uvproj.axf" - 0 Errors, 0 Warning(s).
Load "C:\\Users\\PlanC\\Documents\\Github\\Practical-Training-Neusoft-Tianjin\\9.25\\uvproj.axf" 
Full Chip Erase Done.
Programming Done.
Verify OK.
Application running ...
Build target 'Target 1'
compiling main.c...
linking...
Program Size: Code=2980 RO-data=268 RW-data=40 ZI-data=1632  
".\uvproj.axf" - 0 Errors, 0 Warning(s).
Load "C:\\Users\\PlanC\\Documents\\Github\\Practical-Training-Neusoft-Tianjin\\9.25\\uvproj.axf" 
Full Chip Erase Done.
Programming Done.
Verify OK.
Application running ...
Build target 'Target 1'
compiling main.c...
linking...
Program Size: Code=2980 RO-data=268 RW-data=40 ZI-data=1632  
".\uvproj.axf" - 0 Errors, 0 Warning(s).
Load "C:\\Users\\PlanC\\Documents\\Github\\Practical-Training-Neusoft-Tianjin\\9.25\\uvproj.axf" 
Full Chip Erase Done.
Programming Done.
Verify OK.
Application running ...
Build target 'Target 1'
compiling main.c...
compiling mylib.c...
linking...
Program Size: Code=2988 RO-data=268 RW-data=40 ZI-data=1632  
".\uvproj.axf" - 0 Errors, 0 Warning(s).
Load "C:\\Users\\PlanC\\Documents\\Github\\Practical-Training-Neusoft-Tianjin\\9.25\\uvproj.axf" 
Full Chip Erase Done.
Programming Done.
Verify OK.
Application running ...
Build target 'Target 1'
compiling main.c...
linking...
Program Size: Code=2996 RO-data=268 RW-data=40 ZI-data=1632  
".\uvproj.axf" - 0 Errors, 0 Warning(s).
Load "C:\\Users\\PlanC\\Documents\\Github\\Practical-Training-Neusoft-Tianjin\\9.25\\uvproj.axf" 
Full Chip Erase Done.
Programming Done.
Verify OK.
Application running ...
Build target 'Target 1'
compiling main.c...
linking...
Program Size: Code=3000 RO-data=268 RW-data=40 ZI-data=1632  
".\uvproj.axf" - 0 Errors, 0 Warning(s).
Load "C:\\Users\\PlanC\\Documents\\Github\\Practical-Training-Neusoft-Tianjin\\9.25\\uvproj.axf" 
Full Chip Erase Done.
Programming Done.
Verify OK.
Application running ...
Build target 'Target 1'
compiling main.c...
linking...
Program Size: Code=3000 RO-data=268 RW-data=40 ZI-data=1632  
".\uvproj.axf" - 0 Errors, 0 Warning(s).
Load "C:\\Users\\PlanC\\Documents\\Github\\Practical-Training-Neusoft-Tianjin\\9.25\\uvproj.axf" 
Full Chip Erase Done.
Programming Done.
Verify OK.
Application running ...
Build target 'Target 1'
compiling main.c...
user\main.c(4): warning:  #177-D: variable "insafe" was declared but never referenced
linking...
Program Size: Code=2984 RO-data=268 RW-data=40 ZI-data=1632  
".\uvproj.axf" - 0 Errors, 1 Warning(s).
Load "C:\\Users\\PlanC\\Documents\\Github\\Practical-Training-Neusoft-Tianjin\\9.25\\uvproj.axf" 
Full Chip Erase Done.
Programming Done.
Verify OK.
Application running ...
Build target 'Target 1'
compiling main.c...
user\main.c(4): warning:  #177-D: variable "insafe" was declared but never referenced
linking...
Program Size: Code=2996 RO-data=268 RW-data=40 ZI-data=1632  
".\uvproj.axf" - 0 Errors, 1 Warning(s).
Load "C:\\Users\\PlanC\\Documents\\Github\\Practical-Training-Neusoft-Tianjin\\9.25\\uvproj.axf" 
Full Chip Erase Done.
Programming Done.
Verify OK.
Application running ...
Build target 'Target 1'
compiling main.c...
user\main.c(4): warning:  #177-D: variable "insafe" was declared but never referenced
linking...
Program Size: Code=2984 RO-data=268 RW-data=40 ZI-data=1632  
".\uvproj.axf" - 0 Errors, 1 Warning(s).
Load "C:\\Users\\PlanC\\Documents\\Github\\Practical-Training-Neusoft-Tianjin\\9.25\\uvproj.axf" 
Full Chip Erase Done.
Programming Done.
Verify OK.
Application running ...
Build target 'Target 1'
compiling main.c...
user\main.c(12): error:  #29: expected an expression
user\main.c(20): warning:  #12-D: parsing restarts here after previous syntax error
user\main.c(20): error:  #65: expected a ";"
user\main.c(4): warning:  #177-D: variable "insafe" was declared but never referenced
".\uvproj.axf" - 2 Errors, 2 Warning(s).
Target not created
Build target 'Target 1'
compiling main.c...
user\main.c(12): error:  #29: expected an expression
user\main.c(20): warning:  #12-D: parsing restarts here after previous syntax error
user\main.c(20): error:  #65: expected a ";"
user\main.c(4): warning:  #177-D: variable "insafe" was declared but never referenced
".\uvproj.axf" - 2 Errors, 2 Warning(s).
Target not created
Build target 'Target 1'
compiling main.c...
user\main.c(11): error:  #29: expected an expression
user\main.c(19): warning:  #12-D: parsing restarts here after previous syntax error
user\main.c(19): error:  #65: expected a ";"
".\uvproj.axf" - 2 Errors, 1 Warning(s).
Target not created
Build target 'Target 1'
compiling main.c...
linking...
Program Size: Code=2992 RO-data=268 RW-data=40 ZI-data=1632  
".\uvproj.axf" - 0 Errors, 0 Warning(s).
Load "C:\\Users\\PlanC\\Documents\\Github\\Practical-Training-Neusoft-Tianjin\\9.25\\uvproj.axf" 
Full Chip Erase Done.
Programming Done.
Verify OK.
Application running ...
Build target 'Target 1'
compiling main.c...
linking...
Program Size: Code=2996 RO-data=268 RW-data=40 ZI-data=1632  
".\uvproj.axf" - 0 Errors, 0 Warning(s).
Load "C:\\Users\\PlanC\\Documents\\Github\\Practical-Training-Neusoft-Tianjin\\9.25\\uvproj.axf" 
Full Chip Erase Done.
Programming Done.
Verify OK.
Application running ...
