<html>
<body>
<pre>
<h1>礦ision Build Log</h1>
<h2>Project:</h2>
C:\Users\PlanC\Documents\Github\Practical-Training-Neusoft-Tianjin\10.26\Project\RVMDK（uv4）\iSO-STM32.uvproj
Project File Date:  09/13/2017

<h2>Output:</h2>
Build target 'uCOS-LED（单任务）'
linking...
Program Size: Code=15836 RO-data=796 RW-data=160 ZI-data=5216  
FromELF: creating hex file...
"..\..\Output\Template.axf" - 0 Errors, 0 Warning(s).
Load "..\\..\\Output\\Template.axf" 
Build target 'uCOS-LED（单任务）'
linking...
Program Size: Code=15836 RO-data=796 RW-data=160 ZI-data=5216  
FromELF: creating hex file...
"..\..\Output\Template.axf" - 0 Errors, 0 Warning(s).
Load "..\\..\\Output\\Template.axf" 
Load "..\\..\\Output\\Template.axf" 
Build target 'uCOS-LED（单任务）'
linking...
Program Size: Code=15836 RO-data=796 RW-data=160 ZI-data=5216  
FromELF: creating hex file...
"..\..\Output\Template.axf" - 0 Errors, 0 Warning(s).
Load "..\\..\\Output\\Template.axf" 
Build target 'uCOS-LED（单任务）'
linking...
Program Size: Code=15836 RO-data=796 RW-data=160 ZI-data=5216  
FromELF: creating hex file...
"..\..\Output\Template.axf" - 0 Errors, 0 Warning(s).
Load "..\\..\\Output\\Template.axf" 
Load "..\\..\\Output\\Template.axf" 
Load "..\\..\\Output\\Template.axf" 
Load "..\\..\\Output\\Template.axf" 
Build target 'uCOS-LED（单任务）'
linking...
Program Size: Code=15836 RO-data=796 RW-data=160 ZI-data=5216  
FromELF: creating hex file...
"..\..\Output\Template.axf" - 0 Errors, 0 Warning(s).
Rebuild target 'uCOS-LED（单任务）'
assembling startup_stm32f10x_md.s...
compiling core_cm3.c...
compiling stm32f10x_it.c...
compiling system_stm32f10x.c...
compiling misc.c...
compiling stm32f10x_adc.c...
compiling stm32f10x_bkp.c...
compiling stm32f10x_can.c...
compiling stm32f10x_cec.c...
compiling stm32f10x_crc.c...
compiling stm32f10x_dac.c...
compiling stm32f10x_dbgmcu.c...
compiling stm32f10x_dma.c...
compiling stm32f10x_exti.c...
compiling stm32f10x_flash.c...
compiling stm32f10x_fsmc.c...
compiling stm32f10x_gpio.c...
compiling stm32f10x_i2c.c...
compiling stm32f10x_iwdg.c...
compiling stm32f10x_pwr.c...
compiling stm32f10x_rcc.c...
compiling stm32f10x_rtc.c...
compiling stm32f10x_sdio.c...
compiling stm32f10x_spi.c...
compiling stm32f10x_tim.c...
compiling stm32f10x_usart.c...
compiling stm32f10x_wwdg.c...
compiling main.c...
compiling app.c...
compiling bsp.c...
compiling LedAndKey.c...
compiling os_cfg_app.c...
compiling os_core.c...
compiling os_dbg.c...
compiling os_flag.c...
compiling os_int.c...
..\..\uCOS-III\Source\os_int.c(159): warning:  #550-D: variable "p_void" was set but never used
..\..\uCOS-III\Source\os_int.c(161): warning:  #550-D: variable "flags" was set but never used
..\..\uCOS-III\Source\os_int.c(165): warning:  #550-D: variable "msg_size" was set but never used
compiling os_mem.c...
compiling os_msg.c...
compiling os_mutex.c...
compiling os_pend_multi.c...
compiling os_prio.c...
compiling os_q.c...
compiling os_sem.c...
compiling os_stat.c...
compiling os_task.c...
compiling os_tick.c...
compiling os_time.c...
compiling os_tmr.c...
compiling os_var.c...
assembling os_cpu_a.asm...
compiling os_cpu_c.c...
compiling lib_ascii.c...
compiling lib_math.c...
compiling lib_mem.c...
compiling lib_str.c...
assembling cpu_a.asm...
compiling cpu_c.c...
compiling cpu_core.c...
compiling os_app_hooks.c...
linking...
Program Size: Code=15836 RO-data=796 RW-data=160 ZI-data=5216  
FromELF: creating hex file...
"..\..\Output\Template.axf" - 0 Errors, 3 Warning(s).
Load "..\\..\\Output\\Template.axf" 
Build target 'uCOS-LED（单任务）'
linking...
Program Size: Code=15836 RO-data=796 RW-data=160 ZI-data=5216  
FromELF: creating hex file...
"..\..\Output\Template.axf" - 0 Errors, 0 Warning(s).
Load "..\\..\\Output\\Template.axf" 
Load "..\\..\\Output\\Template.axf" 
Load "..\\..\\Output\\Template.axf" 
Full Chip Erase Done.
Programming Done.
Verify OK.
Application running ...
Full Chip Erase Done.
Build target 'uCOS-LED（单任务）'
compiling stm32f10x_it.c...
compiling main.c...
compiling app.c...
linking...
Program Size: Code=16020 RO-data=796 RW-data=160 ZI-data=5216  
FromELF: creating hex file...
"..\..\Output\Template.axf" - 0 Errors, 0 Warning(s).
Build target 'uCOS-LED（单任务）'
compiling main.c...
linking...
Program Size: Code=16200 RO-data=796 RW-data=160 ZI-data=5216  
FromELF: creating hex file...
"..\..\Output\Template.axf" - 0 Errors, 0 Warning(s).
Load "..\\..\\Output\\Template.axf" 
Full Chip Erase Done.
Programming Done.
Verify OK.
Application running ...
Build target 'uCOS-LED（单任务）'
compiling main.c...
linking...
Program Size: Code=16200 RO-data=796 RW-data=160 ZI-data=5216  
FromELF: creating hex file...
"..\..\Output\Template.axf" - 0 Errors, 0 Warning(s).
Load "..\\..\\Output\\Template.axf" 
Full Chip Erase Done.
Programming Done.
Verify OK.
Application running ...
Build target 'uCOS-LED（单任务）'
compiling main.c...
linking...
Program Size: Code=16208 RO-data=796 RW-data=160 ZI-data=5216  
FromELF: creating hex file...
"..\..\Output\Template.axf" - 0 Errors, 0 Warning(s).
Load "..\\..\\Output\\Template.axf" 
Full Chip Erase Done.
Programming Done.
Verify OK.
Application running ...
Build target 'uCOS-LED（单任务）'
compiling main.c...
linking...
Program Size: Code=16216 RO-data=796 RW-data=160 ZI-data=5216  
FromELF: creating hex file...
"..\..\Output\Template.axf" - 0 Errors, 0 Warning(s).
Load "..\\..\\Output\\Template.axf" 
Full Chip Erase Done.
Programming Done.
Verify OK.
Application running ...
Build target 'uCOS-LED（单任务）'
compiling main.c...
compiling app.c...
linking...
Program Size: Code=16228 RO-data=796 RW-data=160 ZI-data=5576  
FromELF: creating hex file...
"..\..\Output\Template.axf" - 0 Errors, 0 Warning(s).
Load "..\\..\\Output\\Template.axf" 
Full Chip Erase Done.
Programming Done.
Verify OK.
Application running ...
Build target 'uCOS-LED（单任务）'
compiling main.c...
linking...
Program Size: Code=16220 RO-data=796 RW-data=160 ZI-data=5576  
FromELF: creating hex file...
"..\..\Output\Template.axf" - 0 Errors, 0 Warning(s).
Load "..\\..\\Output\\Template.axf" 
Full Chip Erase Done.
Programming Done.
Verify OK.
Application running ...
Build target 'uCOS-LED（单任务）'
compiling main.c...
linking...
Program Size: Code=16212 RO-data=796 RW-data=160 ZI-data=5576  
FromELF: creating hex file...
"..\..\Output\Template.axf" - 0 Errors, 0 Warning(s).
Load "..\\..\\Output\\Template.axf" 
Full Chip Erase Done.
Programming Done.
Verify OK.
Application running ...
Build target 'uCOS-LED（单任务）'
compiling main.c...
..\..\User\main.c(34): error:  #20: identifier "LED_Stk1" is undefined
..\..\User\main.c(49): error:  #20: identifier "LED_Stk2" is undefined
..\..\User\main.c(64): error:  #20: identifier "LED_Stk3" is undefined
..\..\User\main.c(79): error:  #20: identifier "LED_Stk4" is undefined
"..\..\Output\Template.axf" - 4 Errors, 0 Warning(s).
Target not created
Load "..\\..\\Output\\Template.axf" 
Full Chip Erase Done.
Programming Done.
Verify OK.
Application running ...
Build target 'uCOS-LED（单任务）'
compiling main.c...
linking...
Program Size: Code=16224 RO-data=796 RW-data=160 ZI-data=7112  
FromELF: creating hex file...
"..\..\Output\Template.axf" - 0 Errors, 0 Warning(s).
Load "..\\..\\Output\\Template.axf" 
Full Chip Erase Done.
Programming Done.
Verify OK.
Application running ...
Build target 'uCOS-LED（单任务）'
compiling main.c...
linking...
Program Size: Code=16224 RO-data=796 RW-data=160 ZI-data=5576  
FromELF: creating hex file...
"..\..\Output\Template.axf" - 0 Errors, 0 Warning(s).
Load "..\\..\\Output\\Template.axf" 
Full Chip Erase Done.
Programming Done.
Verify OK.
Application running ...
Build target 'uCOS-LED（单任务）'
compiling main.c...
linking...
Program Size: Code=16224 RO-data=796 RW-data=160 ZI-data=7112  
FromELF: creating hex file...
"..\..\Output\Template.axf" - 0 Errors, 0 Warning(s).
Load "..\\..\\Output\\Template.axf" 
Full Chip Erase Done.
Programming Done.
Verify OK.
Application running ...
Build target 'uCOS-LED（单任务）'
compiling main.c...
linking...
Program Size: Code=16224 RO-data=796 RW-data=160 ZI-data=7112  
FromELF: creating hex file...
"..\..\Output\Template.axf" - 0 Errors, 0 Warning(s).
Load "..\\..\\Output\\Template.axf" 
Full Chip Erase Done.
Programming Done.
Verify OK.
Application running ...
Build target 'uCOS-LED（单任务）'
compiling main.c...
linking...
Program Size: Code=16224 RO-data=796 RW-data=160 ZI-data=6088  
FromELF: creating hex file...
"..\..\Output\Template.axf" - 0 Errors, 0 Warning(s).
Load "..\\..\\Output\\Template.axf" 
Full Chip Erase Done.
Programming Done.
Verify OK.
Application running ...
