<html>
<body>
<pre>
<h1>µVision Build Log</h1>
<h2>Project:</h2>
C:\Users\PlanC\Documents\Github\Practical-Training-Neusoft-Tianjin\9.23\uvproj.uvproj
Project File Date:  09/23/2020

<h2>Output:</h2>
Rebuild target 'Target 1'
compiling core_cm3.c...
compiling stm32f10x_it.c...
compiling system_stm32f10x.c...
compiling misc.c...
compiling stm32f10x_adc.c...
compiling stm32f10x_bkp.c...
compiling stm32f10x_can.c...
compiling stm32f10x_cec.c...
compiling stm32f10x_crc.c...
compiling stm32f10x_dac.c...
compiling stm32f10x_dbgmcu.c...
compiling stm32f10x_dma.c...
compiling stm32f10x_exti.c...
compiling stm32f10x_flash.c...
compiling stm32f10x_fsmc.c...
compiling stm32f10x_gpio.c...
compiling stm32f10x_i2c.c...
compiling stm32f10x_iwdg.c...
compiling stm32f10x_pwr.c...
compiling stm32f10x_rcc.c...
compiling stm32f10x_rtc.c...
compiling stm32f10x_sdio.c...
compiling stm32f10x_spi.c...
compiling stm32f10x_tim.c...
compiling stm32f10x_usart.c...
compiling stm32f10x_wwdg.c...
assembling startup_stm32f10x_md.s...
compiling main.c...
linking...
Program Size: Code=1060 RO-data=268 RW-data=20 ZI-data=1636  
".\uvproj.axf" - 0 Errors, 0 Warning(s).
Build target 'Target 1'
compiling main.c...
user\main.c(16): error:  #268: declaration may not appear after executable statement in block
user\main.c(20): error:  #167: argument of type "GPIO_initTypeDef *" is incompatible with parameter of type "GPIO_InitTypeDef *"
".\uvproj.axf" - 2 Errors, 0 Warning(s).
Target not created
Load "C:\\Users\\PlanC\\Documents\\Github\\Practical-Training-Neusoft-Tianjin\\9.23\\uvproj.axf" 
Full Chip Erase Done.
Programming Done.
Verify OK.
Application running ...
Build target 'Target 1'
compiling main.c...
user\main.c(16): error:  #268: declaration may not appear after executable statement in block
user\main.c(20): error:  #167: argument of type "GPIO_initTypeDef *" is incompatible with parameter of type "GPIO_InitTypeDef *"
".\uvproj.axf" - 2 Errors, 0 Warning(s).
Target not created
Build target 'Target 1'
compiling main.c...
user\main.c(20): error:  #167: argument of type "GPIO_initTypeDef *" is incompatible with parameter of type "GPIO_InitTypeDef *"
".\uvproj.axf" - 1 Errors, 0 Warning(s).
Target not created
Build target 'Target 1'
compiling main.c...
user\main.c(20): error:  #167: argument of type "GPIO_initTypeDef **" is incompatible with parameter of type "GPIO_InitTypeDef *"
".\uvproj.axf" - 1 Errors, 0 Warning(s).
Target not created
Build target 'Target 1'
compiling main.c...
linking...
Program Size: Code=2696 RO-data=268 RW-data=40 ZI-data=1632  
".\uvproj.axf" - 0 Errors, 0 Warning(s).
Load "C:\\Users\\PlanC\\Documents\\Github\\Practical-Training-Neusoft-Tianjin\\9.23\\uvproj.axf" 
Full Chip Erase Done.
Programming Done.
Verify OK.
Application running ...
Build target 'Target 1'
compiling main.c...
linking...
Program Size: Code=2780 RO-data=268 RW-data=40 ZI-data=1632  
".\uvproj.axf" - 0 Errors, 0 Warning(s).
Load "C:\\Users\\PlanC\\Documents\\Github\\Practical-Training-Neusoft-Tianjin\\9.23\\uvproj.axf" 
Full Chip Erase Done.
Programming Done.
Verify OK.
Application running ...
Build target 'Target 1'
linking...
Program Size: Code=2780 RO-data=268 RW-data=40 ZI-data=1632  
".\uvproj.axf" - 0 Errors, 0 Warning(s).
Load "C:\\Users\\PlanC\\Documents\\Github\\Practical-Training-Neusoft-Tianjin\\9.23\\uvproj.axf" 
Full Chip Erase Done.
Programming Done.
Verify OK.
Application running ...
Rebuild target 'Target 1'
compiling core_cm3.c...
compiling stm32f10x_it.c...
compiling system_stm32f10x.c...
compiling misc.c...
compiling stm32f10x_adc.c...
compiling stm32f10x_bkp.c...
compiling stm32f10x_can.c...
compiling stm32f10x_cec.c...
compiling stm32f10x_crc.c...
compiling stm32f10x_dac.c...
compiling stm32f10x_dbgmcu.c...
compiling stm32f10x_dma.c...
compiling stm32f10x_exti.c...
compiling stm32f10x_flash.c...
compiling stm32f10x_fsmc.c...
compiling stm32f10x_gpio.c...
compiling stm32f10x_i2c.c...
compiling stm32f10x_iwdg.c...
compiling stm32f10x_pwr.c...
compiling stm32f10x_rcc.c...
compiling stm32f10x_rtc.c...
compiling stm32f10x_sdio.c...
compiling stm32f10x_spi.c...
compiling stm32f10x_tim.c...
compiling stm32f10x_usart.c...
compiling stm32f10x_wwdg.c...
assembling startup_stm32f10x_md.s...
compiling main.c...
linking...
Program Size: Code=2780 RO-data=268 RW-data=40 ZI-data=1632  
".\uvproj.axf" - 0 Errors, 0 Warning(s).
Load "C:\\Users\\PlanC\\Documents\\Github\\Practical-Training-Neusoft-Tianjin\\9.23\\uvproj.axf" 
Full Chip Erase Done.
Programming Done.
Verify OK.
Application running ...
Load "C:\\Users\\PlanC\\Documents\\Github\\Practical-Training-Neusoft-Tianjin\\9.23\\uvproj.axf" 
Full Chip Erase Done.
Programming Done.
Verify OK.
Application running ...
Load "C:\\Users\\PlanC\\Documents\\Github\\Practical-Training-Neusoft-Tianjin\\9.23\\uvproj.axf" 
Full Chip Erase Done.
Programming Done.
Verify OK.
Application running ...
Build target 'Target 1'
compiling main.c...
linking...
Program Size: Code=2740 RO-data=268 RW-data=40 ZI-data=1632  
".\uvproj.axf" - 0 Errors, 0 Warning(s).
Load "C:\\Users\\PlanC\\Documents\\Github\\Practical-Training-Neusoft-Tianjin\\9.23\\uvproj.axf" 
Full Chip Erase Done.
Programming Done.
Verify OK.
Application running ...
Build target 'Target 1'
compiling main.c...
linking...
Program Size: Code=2772 RO-data=268 RW-data=40 ZI-data=1632  
".\uvproj.axf" - 0 Errors, 0 Warning(s).
Load "C:\\Users\\PlanC\\Documents\\Github\\Practical-Training-Neusoft-Tianjin\\9.23\\uvproj.axf" 
Full Chip Erase Done.
Programming Done.
Verify OK.
Application running ...
Build target 'Target 1'
compiling main.c...
linking...
Program Size: Code=2728 RO-data=268 RW-data=40 ZI-data=1632  
".\uvproj.axf" - 0 Errors, 0 Warning(s).
Load "C:\\Users\\PlanC\\Documents\\Github\\Practical-Training-Neusoft-Tianjin\\9.23\\uvproj.axf" 
Full Chip Erase Done.
Programming Done.
Verify OK.
Application running ...
Build target 'Target 1'
compiling main.c...
linking...
Program Size: Code=2724 RO-data=268 RW-data=40 ZI-data=1632  
".\uvproj.axf" - 0 Errors, 0 Warning(s).
Build target 'Target 1'
compiling main.c...
user\main.c(40): warning:  #188-D: enumerated type mixed with another type
user\main.c(43): warning:  #188-D: enumerated type mixed with another type
linking...
Program Size: Code=2728 RO-data=268 RW-data=40 ZI-data=1632  
".\uvproj.axf" - 0 Errors, 2 Warning(s).
Build target 'Target 1'
compiling main.c...
linking...
Program Size: Code=2720 RO-data=268 RW-data=40 ZI-data=1632  
".\uvproj.axf" - 0 Errors, 0 Warning(s).
Load "C:\\Users\\PlanC\\Documents\\Github\\Practical-Training-Neusoft-Tianjin\\9.23\\uvproj.axf" 
Full Chip Erase Done.
Programming Done.
Verify OK.
Application running ...
Build target 'Target 1'
compiling main.c...
linking...
Program Size: Code=2732 RO-data=268 RW-data=40 ZI-data=1632  
".\uvproj.axf" - 0 Errors, 0 Warning(s).
Load "C:\\Users\\PlanC\\Documents\\Github\\Practical-Training-Neusoft-Tianjin\\9.23\\uvproj.axf" 
Full Chip Erase Done.
Programming Done.
Verify OK.
Application running ...
Build target 'Target 1'
compiling main.c...
linking...
Program Size: Code=2736 RO-data=268 RW-data=40 ZI-data=1632  
".\uvproj.axf" - 0 Errors, 0 Warning(s).
Load "C:\\Users\\PlanC\\Documents\\Github\\Practical-Training-Neusoft-Tianjin\\9.23\\uvproj.axf" 
Full Chip Erase Done.
Programming Done.
Verify OK.
Application running ...
Build target 'Target 1'
compiling main.c...
user\main.c(8): warning:  #177-D: variable "i" was declared but never referenced
linking...
Program Size: Code=6332 RO-data=268 RW-data=40 ZI-data=1632  
".\uvproj.axf" - 0 Errors, 1 Warning(s).
Build target 'Target 1'
compiling main.c...
linking...
Program Size: Code=6416 RO-data=268 RW-data=40 ZI-data=1632  
".\uvproj.axf" - 0 Errors, 0 Warning(s).
Load "C:\\Users\\PlanC\\Documents\\Github\\Practical-Training-Neusoft-Tianjin\\9.23\\uvproj.axf" 
Full Chip Erase Done.
Programming Done.
Verify OK.
Application running ...
Build target 'Target 1'
compiling main.c...
user\main.c(42): warning:  #188-D: enumerated type mixed with another type
linking...
Program Size: Code=2712 RO-data=268 RW-data=40 ZI-data=1632  
".\uvproj.axf" - 0 Errors, 1 Warning(s).
Load "C:\\Users\\PlanC\\Documents\\Github\\Practical-Training-Neusoft-Tianjin\\9.23\\uvproj.axf" 
Full Chip Erase Done.
Programming Done.
Verify OK.
Application running ...
Build target 'Target 1'
compiling main.c...
user\main.c(42): warning:  #188-D: enumerated type mixed with another type
user\main.c(46): warning:  #188-D: enumerated type mixed with another type
linking...
Program Size: Code=2740 RO-data=268 RW-data=40 ZI-data=1632  
".\uvproj.axf" - 0 Errors, 2 Warning(s).
Load "C:\\Users\\PlanC\\Documents\\Github\\Practical-Training-Neusoft-Tianjin\\9.23\\uvproj.axf" 
Full Chip Erase Done.
Programming Done.
Verify OK.
Application running ...
Build target 'Target 1'
compiling main.c...
linking...
Program Size: Code=2740 RO-data=268 RW-data=40 ZI-data=1632  
".\uvproj.axf" - 0 Errors, 0 Warning(s).
Load "C:\\Users\\PlanC\\Documents\\Github\\Practical-Training-Neusoft-Tianjin\\9.23\\uvproj.axf" 
Full Chip Erase Done.
Programming Done.
Verify OK.
Application running ...
Build target 'Target 1'
compiling main.c...
linking...
Program Size: Code=2748 RO-data=268 RW-data=40 ZI-data=1632  
".\uvproj.axf" - 0 Errors, 0 Warning(s).
Load "C:\\Users\\PlanC\\Documents\\Github\\Practical-Training-Neusoft-Tianjin\\9.23\\uvproj.axf" 
Full Chip Erase Done.
Programming Done.
Verify OK.
Application running ...
Build target 'Target 1'
compiling main.c...
linking...
Program Size: Code=2748 RO-data=268 RW-data=40 ZI-data=1632  
".\uvproj.axf" - 0 Errors, 0 Warning(s).
Load "C:\\Users\\PlanC\\Documents\\Github\\Practical-Training-Neusoft-Tianjin\\9.23\\uvproj.axf" 
Full Chip Erase Done.
Programming Done.
Verify OK.
Application running ...
Build target 'Target 1'
compiling main.c...
linking...
Program Size: Code=2760 RO-data=268 RW-data=40 ZI-data=1632  
".\uvproj.axf" - 0 Errors, 0 Warning(s).
Load "C:\\Users\\PlanC\\Documents\\Github\\Practical-Training-Neusoft-Tianjin\\9.23\\uvproj.axf" 
Full Chip Erase Done.
Programming Done.
Verify OK.
Application running ...
Build target 'Target 1'
compiling main.c...
linking...
Program Size: Code=2760 RO-data=268 RW-data=40 ZI-data=1632  
".\uvproj.axf" - 0 Errors, 0 Warning(s).
Load "C:\\Users\\PlanC\\Documents\\Github\\Practical-Training-Neusoft-Tianjin\\9.23\\uvproj.axf" 
Full Chip Erase Done.
Programming Done.
Verify OK.
Application running ...
Build target 'Target 1'
compiling main.c...
linking...
Program Size: Code=2756 RO-data=268 RW-data=40 ZI-data=1632  
".\uvproj.axf" - 0 Errors, 0 Warning(s).
Load "C:\\Users\\PlanC\\Documents\\Github\\Practical-Training-Neusoft-Tianjin\\9.23\\uvproj.axf" 
Full Chip Erase Done.
Programming Done.
Verify OK.
Application running ...
Build target 'Target 1'
compiling main.c...
linking...
Program Size: Code=2756 RO-data=268 RW-data=40 ZI-data=1632  
".\uvproj.axf" - 0 Errors, 0 Warning(s).
Load "C:\\Users\\PlanC\\Documents\\Github\\Practical-Training-Neusoft-Tianjin\\9.23\\uvproj.axf" 
Full Chip Erase Done.
Programming Done.
Verify OK.
Application running ...
Build target 'Target 1'
compiling main.c...
linking...
Program Size: Code=2764 RO-data=268 RW-data=40 ZI-data=1632  
".\uvproj.axf" - 0 Errors, 0 Warning(s).
Load "C:\\Users\\PlanC\\Documents\\Github\\Practical-Training-Neusoft-Tianjin\\9.23\\uvproj.axf" 
Full Chip Erase Done.
Programming Done.
Verify OK.
Application running ...
Build target 'Target 1'
compiling main.c...
linking...
Program Size: Code=2768 RO-data=268 RW-data=40 ZI-data=1632  
".\uvproj.axf" - 0 Errors, 0 Warning(s).
Load "C:\\Users\\PlanC\\Documents\\Github\\Practical-Training-Neusoft-Tianjin\\9.23\\uvproj.axf" 
Full Chip Erase Done.
Programming Done.
Verify OK.
Application running ...
Build target 'Target 1'
compiling main.c...
linking...
Program Size: Code=2752 RO-data=268 RW-data=40 ZI-data=1632  
".\uvproj.axf" - 0 Errors, 0 Warning(s).
Load "C:\\Users\\PlanC\\Documents\\Github\\Practical-Training-Neusoft-Tianjin\\9.23\\uvproj.axf" 
Full Chip Erase Done.
Programming Done.
Verify OK.
Application running ...
Build target 'Target 1'
compiling main.c...
linking...
Program Size: Code=2764 RO-data=268 RW-data=40 ZI-data=1632  
".\uvproj.axf" - 0 Errors, 0 Warning(s).
Load "C:\\Users\\PlanC\\Documents\\Github\\Practical-Training-Neusoft-Tianjin\\9.23\\uvproj.axf" 
Full Chip Erase Done.
Programming Done.
Verify OK.
Application running ...
Build target 'Target 1'
compiling main.c...
linking...
Program Size: Code=2768 RO-data=268 RW-data=40 ZI-data=1632  
".\uvproj.axf" - 0 Errors, 0 Warning(s).
Load "C:\\Users\\PlanC\\Documents\\Github\\Practical-Training-Neusoft-Tianjin\\9.23\\uvproj.axf" 
Full Chip Erase Done.
Programming Done.
Verify OK.
Application running ...
Build target 'Target 1'
compiling main.c...
linking...
Program Size: Code=2768 RO-data=268 RW-data=40 ZI-data=1632  
".\uvproj.axf" - 0 Errors, 0 Warning(s).
Load "C:\\Users\\PlanC\\Documents\\Github\\Practical-Training-Neusoft-Tianjin\\9.23\\uvproj.axf" 
Full Chip Erase Done.
Programming Done.
Verify OK.
Application running ...
Build target 'Target 1'
compiling main.c...
linking...
Program Size: Code=2776 RO-data=268 RW-data=40 ZI-data=1632  
".\uvproj.axf" - 0 Errors, 0 Warning(s).
Load "C:\\Users\\PlanC\\Documents\\Github\\Practical-Training-Neusoft-Tianjin\\9.23\\uvproj.axf" 
Full Chip Erase Done.
Programming Done.
Verify OK.
Application running ...
Build target 'Target 1'
compiling main.c...
linking...
Program Size: Code=2772 RO-data=268 RW-data=40 ZI-data=1632  
".\uvproj.axf" - 0 Errors, 0 Warning(s).
Load "C:\\Users\\PlanC\\Documents\\Github\\Practical-Training-Neusoft-Tianjin\\9.23\\uvproj.axf" 
Full Chip Erase Done.
Programming Done.
Verify OK.
Application running ...
Build target 'Target 1'
compiling main.c...
linking...
Program Size: Code=2772 RO-data=268 RW-data=40 ZI-data=1632  
".\uvproj.axf" - 0 Errors, 0 Warning(s).
Load "C:\\Users\\PlanC\\Documents\\Github\\Practical-Training-Neusoft-Tianjin\\9.23\\uvproj.axf" 
Full Chip Erase Done.
Programming Done.
Verify OK.
Application running ...
Build target 'Target 1'
compiling main.c...
linking...
Program Size: Code=2772 RO-data=268 RW-data=40 ZI-data=1632  
".\uvproj.axf" - 0 Errors, 0 Warning(s).
Load "C:\\Users\\PlanC\\Documents\\Github\\Practical-Training-Neusoft-Tianjin\\9.23\\uvproj.axf" 
Full Chip Erase Done.
Programming Done.
Verify OK.
Application running ...
Build target 'Target 1'
compiling main.c...
linking...
Program Size: Code=2772 RO-data=268 RW-data=40 ZI-data=1632  
".\uvproj.axf" - 0 Errors, 0 Warning(s).
Load "C:\\Users\\PlanC\\Documents\\Github\\Practical-Training-Neusoft-Tianjin\\9.23\\uvproj.axf" 
Full Chip Erase Done.
Programming Done.
Verify OK.
Application running ...
Build target 'Target 1'
compiling main.c...
linking...
Program Size: Code=2776 RO-data=268 RW-data=40 ZI-data=1632  
".\uvproj.axf" - 0 Errors, 0 Warning(s).
Load "C:\\Users\\PlanC\\Documents\\Github\\Practical-Training-Neusoft-Tianjin\\9.23\\uvproj.axf" 
Full Chip Erase Done.
Programming Done.
Verify OK.
Application running ...
Build target 'Target 1'
compiling main.c...
linking...
Program Size: Code=2792 RO-data=268 RW-data=40 ZI-data=1632  
".\uvproj.axf" - 0 Errors, 0 Warning(s).
Load "C:\\Users\\PlanC\\Documents\\Github\\Practical-Training-Neusoft-Tianjin\\9.23\\uvproj.axf" 
Full Chip Erase Done.
Programming Done.
Verify OK.
Application running ...
Build target 'Target 1'
compiling main.c...
user\main.c(10): warning:  #177-D: variable "ReadValue" was declared but never referenced
linking...
Program Size: Code=2776 RO-data=268 RW-data=40 ZI-data=1632  
".\uvproj.axf" - 0 Errors, 1 Warning(s).
Build target 'Target 1'
compiling main.c...
linking...
Program Size: Code=2776 RO-data=268 RW-data=40 ZI-data=1632  
".\uvproj.axf" - 0 Errors, 0 Warning(s).
Load "C:\\Users\\PlanC\\Documents\\Github\\Practical-Training-Neusoft-Tianjin\\9.23\\uvproj.axf" 
Full Chip Erase Done.
Programming Done.
Verify OK.
Application running ...
Build target 'Target 1'
compiling main.c...
linking...
Program Size: Code=2772 RO-data=268 RW-data=40 ZI-data=1632  
".\uvproj.axf" - 0 Errors, 0 Warning(s).
Load "C:\\Users\\PlanC\\Documents\\Github\\Practical-Training-Neusoft-Tianjin\\9.23\\uvproj.axf" 
Full Chip Erase Done.
Programming Done.
Verify OK.
Application running ...
Build target 'Target 1'
compiling main.c...
linking...
Program Size: Code=2784 RO-data=268 RW-data=40 ZI-data=1632  
".\uvproj.axf" - 0 Errors, 0 Warning(s).
Load "C:\\Users\\PlanC\\Documents\\Github\\Practical-Training-Neusoft-Tianjin\\9.23\\uvproj.axf" 
Full Chip Erase Done.
Programming Done.
Verify OK.
Application running ...
Build target 'Target 1'
compiling main.c...
linking...
Program Size: Code=2784 RO-data=268 RW-data=40 ZI-data=1632  
".\uvproj.axf" - 0 Errors, 0 Warning(s).
Load "C:\\Users\\PlanC\\Documents\\Github\\Practical-Training-Neusoft-Tianjin\\9.23\\uvproj.axf" 
Full Chip Erase Done.
Programming Done.
Verify OK.
Application running ...
Load "C:\\Users\\PlanC\\Documents\\Github\\Practical-Training-Neusoft-Tianjin\\9.23\\uvproj.axf" 
Full Chip Erase Done.
Programming Done.
Verify OK.
Application running ...
Load "C:\\Users\\PlanC\\Documents\\Github\\Practical-Training-Neusoft-Tianjin\\9.23\\uvproj.axf" 
Full Chip Erase Done.
Programming Done.
Verify OK.
Application running ...
Build target 'Target 1'
compiling main.c...
linking...
Program Size: Code=2788 RO-data=268 RW-data=40 ZI-data=1632  
".\uvproj.axf" - 0 Errors, 0 Warning(s).
Load "C:\\Users\\PlanC\\Documents\\Github\\Practical-Training-Neusoft-Tianjin\\9.23\\uvproj.axf" 
Full Chip Erase Done.
Programming Done.
Verify OK.
Application running ...
Build target 'Target 1'
compiling led_key.c...
linking...
Program Size: Code=2788 RO-data=268 RW-data=40 ZI-data=1632  
".\uvproj.axf" - 0 Errors, 0 Warning(s).
Build target 'Target 1'
compiling led_key.c...
user\led_key.h(4): warning:  #1295-D: Deprecated declaration LED_init - give arg types
user\led_key.h(5): warning:  #1295-D: Deprecated declaration KEY_init - give arg types
user\led_key.h(6): warning:  #1295-D: Deprecated declaration Key_Scan - give arg types
user\led_key.c(5): warning:  #1-D: last line of file ends without a newline
linking...
Program Size: Code=2788 RO-data=268 RW-data=40 ZI-data=1632  
".\uvproj.axf" - 0 Errors, 4 Warning(s).
Build target 'Target 1'
compiling main.c...
user\led_key.h(10): warning:  #1295-D: Deprecated declaration LED_init - give arg types
user\led_key.h(11): warning:  #1295-D: Deprecated declaration KEY_init - give arg types
user\main.c(5): warning:  #177-D: variable "i" was declared but never referenced
compiling led_key.c...
user\led_key.h(10): warning:  #1295-D: Deprecated declaration LED_init - give arg types
user\led_key.h(11): warning:  #1295-D: Deprecated declaration KEY_init - give arg types
user\led_key.c(35): warning:  #1-D: last line of file ends without a newline
user\led_key.c(35): error:  #65: expected a ";"
".\uvproj.axf" - 1 Errors, 6 Warning(s).
Target not created
Build target 'Target 1'
compiling led_key.c...
user\led_key.h(10): warning:  #1295-D: Deprecated declaration LED_init - give arg types
user\led_key.h(11): warning:  #1295-D: Deprecated declaration KEY_init - give arg types
user\led_key.c(35): warning:  #1-D: last line of file ends without a newline
linking...
Program Size: Code=2796 RO-data=268 RW-data=40 ZI-data=1632  
".\uvproj.axf" - 0 Errors, 3 Warning(s).
Build target 'Target 1'
compiling main.c...
user\main.c(5): warning:  #177-D: variable "i" was declared but never referenced
compiling led_key.c...
linking...
Program Size: Code=2796 RO-data=268 RW-data=40 ZI-data=1632  
".\uvproj.axf" - 0 Errors, 1 Warning(s).
Rebuild target 'Target 1'
compiling core_cm3.c...
compiling stm32f10x_it.c...
compiling system_stm32f10x.c...
compiling misc.c...
compiling stm32f10x_adc.c...
compiling stm32f10x_bkp.c...
compiling stm32f10x_can.c...
compiling stm32f10x_cec.c...
compiling stm32f10x_crc.c...
compiling stm32f10x_dac.c...
compiling stm32f10x_dbgmcu.c...
compiling stm32f10x_dma.c...
compiling stm32f10x_exti.c...
compiling stm32f10x_flash.c...
compiling stm32f10x_fsmc.c...
compiling stm32f10x_gpio.c...
compiling stm32f10x_i2c.c...
compiling stm32f10x_iwdg.c...
compiling stm32f10x_pwr.c...
compiling stm32f10x_rcc.c...
compiling stm32f10x_rtc.c...
compiling stm32f10x_sdio.c...
compiling stm32f10x_spi.c...
compiling stm32f10x_tim.c...
compiling stm32f10x_usart.c...
compiling stm32f10x_wwdg.c...
assembling startup_stm32f10x_md.s...
compiling main.c...
compiling led_key.c...
linking...
Program Size: Code=2792 RO-data=268 RW-data=40 ZI-data=1632  
".\uvproj.axf" - 0 Errors, 0 Warning(s).
Build target 'Target 1'
compiling main.c...
compiling led_key.c...
linking...
Program Size: Code=2800 RO-data=268 RW-data=40 ZI-data=1632  
".\uvproj.axf" - 0 Errors, 0 Warning(s).
Load "C:\\Users\\PlanC\\Documents\\Github\\Practical-Training-Neusoft-Tianjin\\9.23\\uvproj.axf" 
Full Chip Erase Done.
Programming Done.
Verify OK.
Application running ...
Build target 'Target 1'
compiling main.c...
compiling led_key.c...
linking...
Program Size: Code=2800 RO-data=268 RW-data=40 ZI-data=1632  
".\uvproj.axf" - 0 Errors, 0 Warning(s).
Build target 'Target 1'
compiling main.c...
linking...
Program Size: Code=2800 RO-data=268 RW-data=40 ZI-data=1632  
".\uvproj.axf" - 0 Errors, 0 Warning(s).
Load "C:\\Users\\PlanC\\Documents\\Github\\Practical-Training-Neusoft-Tianjin\\9.23\\uvproj.axf" 
Full Chip Erase Done.
Programming Done.
Verify OK.
Application running ...
